Archive member included to satisfy reference by file (symbol)

/opt/Atollic_TrueSTUDIO_for_STM32_x86_64_9.0.1/ARMTools/bin/../lib/gcc/arm-atollic-eabi/6.3.1/../../../../arm-atollic-eabi/lib/armv7e-m/fpu/libc_nano.a(lib_a-init.o)
                              startup/startup_stm32f429xx.o (__libc_init_array)
/opt/Atollic_TrueSTUDIO_for_STM32_x86_64_9.0.1/ARMTools/bin/../lib/gcc/arm-atollic-eabi/6.3.1/../../../../arm-atollic-eabi/lib/armv7e-m/fpu/libc_nano.a(lib_a-memset.o)
                              Src/main.o (memset)
/opt/Atollic_TrueSTUDIO_for_STM32_x86_64_9.0.1/ARMTools/bin/../lib/gcc/arm-atollic-eabi/6.3.1/armv7e-m/fpu/libgcc.a(_aeabi_uldivmod.o)
                              Drivers/STM32F4xx_HAL_Driver/Src/stm32f4xx_hal_rcc.o (__aeabi_uldivmod)
/opt/Atollic_TrueSTUDIO_for_STM32_x86_64_9.0.1/ARMTools/bin/../lib/gcc/arm-atollic-eabi/6.3.1/armv7e-m/fpu/libgcc.a(_udivmoddi4.o)
                              /opt/Atollic_TrueSTUDIO_for_STM32_x86_64_9.0.1/ARMTools/bin/../lib/gcc/arm-atollic-eabi/6.3.1/armv7e-m/fpu/libgcc.a(_aeabi_uldivmod.o) (__udivmoddi4)
/opt/Atollic_TrueSTUDIO_for_STM32_x86_64_9.0.1/ARMTools/bin/../lib/gcc/arm-atollic-eabi/6.3.1/armv7e-m/fpu/libgcc.a(_dvmd_tls.o)
                              /opt/Atollic_TrueSTUDIO_for_STM32_x86_64_9.0.1/ARMTools/bin/../lib/gcc/arm-atollic-eabi/6.3.1/armv7e-m/fpu/libgcc.a(_aeabi_uldivmod.o) (__aeabi_ldiv0)

Allocating common symbols
Common symbol       size              file

hspi5               0x58              Src/main.o
command             0x10              Src/sdram.o
uwTick              0x4               Drivers/STM32F4xx_HAL_Driver/Src/stm32f4xx_hal.o
pFlash              0x20              Drivers/STM32F4xx_HAL_Driver/Src/stm32f4xx_hal_flash.o
hltdc               0xa8              Src/main.o
hsdram1             0x34              Src/main.o

Discarded input sections

 .text          0x0000000000000000        0x0 /opt/Atollic_TrueSTUDIO_for_STM32_x86_64_9.0.1/ARMTools/bin/../lib/gcc/arm-atollic-eabi/6.3.1/armv7e-m/fpu/crti.o
 .data          0x0000000000000000        0x0 /opt/Atollic_TrueSTUDIO_for_STM32_x86_64_9.0.1/ARMTools/bin/../lib/gcc/arm-atollic-eabi/6.3.1/armv7e-m/fpu/crti.o
 .bss           0x0000000000000000        0x0 /opt/Atollic_TrueSTUDIO_for_STM32_x86_64_9.0.1/ARMTools/bin/../lib/gcc/arm-atollic-eabi/6.3.1/armv7e-m/fpu/crti.o
 .data          0x0000000000000000        0x4 /opt/Atollic_TrueSTUDIO_for_STM32_x86_64_9.0.1/ARMTools/bin/../lib/gcc/arm-atollic-eabi/6.3.1/armv7e-m/fpu/crtbegin.o
 .text          0x0000000000000000        0x0 Drivers/STM32F4xx_HAL_Driver/Src/stm32f4xx_hal.o
 .data          0x0000000000000000        0x0 Drivers/STM32F4xx_HAL_Driver/Src/stm32f4xx_hal.o
 .bss           0x0000000000000000        0x0 Drivers/STM32F4xx_HAL_Driver/Src/stm32f4xx_hal.o
 .text.HAL_MspInit
                0x0000000000000000        0x2 Drivers/STM32F4xx_HAL_Driver/Src/stm32f4xx_hal.o
 .text.HAL_MspDeInit
                0x0000000000000000        0x2 Drivers/STM32F4xx_HAL_Driver/Src/stm32f4xx_hal.o
 .text.HAL_DeInit
                0x0000000000000000       0x2c Drivers/STM32F4xx_HAL_Driver/Src/stm32f4xx_hal.o
 .text.HAL_GetTickPrio
                0x0000000000000000        0xc Drivers/STM32F4xx_HAL_Driver/Src/stm32f4xx_hal.o
 .text.HAL_SetTickFreq
                0x0000000000000000       0x24 Drivers/STM32F4xx_HAL_Driver/Src/stm32f4xx_hal.o
 .text.HAL_GetTickFreq
                0x0000000000000000        0xc Drivers/STM32F4xx_HAL_Driver/Src/stm32f4xx_hal.o
 .text.HAL_SuspendTick
                0x0000000000000000       0x10 Drivers/STM32F4xx_HAL_Driver/Src/stm32f4xx_hal.o
 .text.HAL_ResumeTick
                0x0000000000000000       0x10 Drivers/STM32F4xx_HAL_Driver/Src/stm32f4xx_hal.o
 .text.HAL_GetHalVersion
                0x0000000000000000        0x8 Drivers/STM32F4xx_HAL_Driver/Src/stm32f4xx_hal.o
 .text.HAL_GetREVID
                0x0000000000000000        0xc Drivers/STM32F4xx_HAL_Driver/Src/stm32f4xx_hal.o
 .text.HAL_GetDEVID
                0x0000000000000000       0x10 Drivers/STM32F4xx_HAL_Driver/Src/stm32f4xx_hal.o
 .text.HAL_DBGMCU_EnableDBGSleepMode
                0x0000000000000000       0x10 Drivers/STM32F4xx_HAL_Driver/Src/stm32f4xx_hal.o
 .text.HAL_DBGMCU_DisableDBGSleepMode
                0x0000000000000000       0x10 Drivers/STM32F4xx_HAL_Driver/Src/stm32f4xx_hal.o
 .text.HAL_DBGMCU_EnableDBGStopMode
                0x0000000000000000       0x10 Drivers/STM32F4xx_HAL_Driver/Src/stm32f4xx_hal.o
 .text.HAL_DBGMCU_DisableDBGStopMode
                0x0000000000000000       0x10 Drivers/STM32F4xx_HAL_Driver/Src/stm32f4xx_hal.o
 .text.HAL_DBGMCU_EnableDBGStandbyMode
                0x0000000000000000       0x10 Drivers/STM32F4xx_HAL_Driver/Src/stm32f4xx_hal.o
 .text.HAL_DBGMCU_DisableDBGStandbyMode
                0x0000000000000000       0x10 Drivers/STM32F4xx_HAL_Driver/Src/stm32f4xx_hal.o
 .text.HAL_EnableCompensationCell
                0x0000000000000000        0xc Drivers/STM32F4xx_HAL_Driver/Src/stm32f4xx_hal.o
[...]
Memory Configuration

Name             Origin             Length             Attributes
RAM              0x0000000020000000 0x0000000000030000 xrw
CCMRAM           0x0000000010000000 0x0000000000010000 rw
FLASH            0x0000000008000000 0x0000000000200000 xr
*default*        0x0000000000000000 0xffffffffffffffff

Linker script and memory map

LOAD /opt/Atollic_TrueSTUDIO_for_STM32_x86_64_9.0.1/ARMTools/bin/../lib/gcc/arm-atollic-eabi/6.3.1/armv7e-m/fpu/crti.o
LOAD /opt/Atollic_TrueSTUDIO_for_STM32_x86_64_9.0.1/ARMTools/bin/../lib/gcc/arm-atollic-eabi/6.3.1/armv7e-m/fpu/crtbegin.o
LOAD Drivers/STM32F4xx_HAL_Driver/Src/stm32f4xx_hal.o
LOAD Drivers/STM32F4xx_HAL_Driver/Src/stm32f4xx_hal_cortex.o
LOAD Drivers/STM32F4xx_HAL_Driver/Src/stm32f4xx_hal_dma.o
LOAD Drivers/STM32F4xx_HAL_Driver/Src/stm32f4xx_hal_dma_ex.o
LOAD Drivers/STM32F4xx_HAL_Driver/Src/stm32f4xx_hal_dsi.o
LOAD Drivers/STM32F4xx_HAL_Driver/Src/stm32f4xx_hal_flash.o
LOAD Drivers/STM32F4xx_HAL_Driver/Src/stm32f4xx_hal_flash_ex.o
LOAD Drivers/STM32F4xx_HAL_Driver/Src/stm32f4xx_hal_flash_ramfunc.o
LOAD Drivers/STM32F4xx_HAL_Driver/Src/stm32f4xx_hal_gpio.o
LOAD Drivers/STM32F4xx_HAL_Driver/Src/stm32f4xx_hal_ltdc.o
LOAD Drivers/STM32F4xx_HAL_Driver/Src/stm32f4xx_hal_ltdc_ex.o
LOAD Drivers/STM32F4xx_HAL_Driver/Src/stm32f4xx_hal_pwr.o
LOAD Drivers/STM32F4xx_HAL_Driver/Src/stm32f4xx_hal_pwr_ex.o
LOAD Drivers/STM32F4xx_HAL_Driver/Src/stm32f4xx_hal_rcc.o
LOAD Drivers/STM32F4xx_HAL_Driver/Src/stm32f4xx_hal_rcc_ex.o
LOAD Drivers/STM32F4xx_HAL_Driver/Src/stm32f4xx_hal_sdram.o
LOAD Drivers/STM32F4xx_HAL_Driver/Src/stm32f4xx_hal_spi.o
LOAD Drivers/STM32F4xx_HAL_Driver/Src/stm32f4xx_hal_tim.o
LOAD Drivers/STM32F4xx_HAL_Driver/Src/stm32f4xx_hal_tim_ex.o
LOAD Drivers/STM32F4xx_HAL_Driver/Src/stm32f4xx_ll_fmc.o
LOAD Src/ltdc.o
LOAD Src/main.o
LOAD Src/sdram.o
LOAD Src/stm32f4xx_hal_msp.o
LOAD Src/stm32f4xx_it.o
LOAD Src/system_stm32f4xx.o
LOAD startup/startup_stm32f429xx.o
                0x0000000000000080                malloc_getpagesize_P = 0x80
START GROUP
LOAD /opt/Atollic_TrueSTUDIO_for_STM32_x86_64_9.0.1/ARMTools/bin/../lib/gcc/arm-atollic-eabi/6.3.1/../../../../arm-atollic-eabi/lib/armv7e-m/fpu/libc_nano.a
LOAD /opt/Atollic_TrueSTUDIO_for_STM32_x86_64_9.0.1/ARMTools/bin/../lib/gcc/arm-atollic-eabi/6.3.1/../../../../arm-atollic-eabi/lib/armv7e-m/fpu/libm.a
END GROUP
START GROUP
LOAD /opt/Atollic_TrueSTUDIO_for_STM32_x86_64_9.0.1/ARMTools/bin/../lib/gcc/arm-atollic-eabi/6.3.1/armv7e-m/fpu/libgcc.a
LOAD /opt/Atollic_TrueSTUDIO_for_STM32_x86_64_9.0.1/ARMTools/bin/../lib/gcc/arm-atollic-eabi/6.3.1/../../../../arm-atollic-eabi/lib/armv7e-m/fpu/libc_nano.a
END GROUP
START GROUP
LOAD /opt/Atollic_TrueSTUDIO_for_STM32_x86_64_9.0.1/ARMTools/bin/../lib/gcc/arm-atollic-eabi/6.3.1/armv7e-m/fpu/libgcc.a
LOAD /opt/Atollic_TrueSTUDIO_for_STM32_x86_64_9.0.1/ARMTools/bin/../lib/gcc/arm-atollic-eabi/6.3.1/../../../../arm-atollic-eabi/lib/armv7e-m/fpu/libc_nano.a
LOAD /opt/Atollic_TrueSTUDIO_for_STM32_x86_64_9.0.1/ARMTools/bin/../lib/gcc/arm-atollic-eabi/6.3.1/../../../../arm-atollic-eabi/lib/armv7e-m/fpu/libnosys.a
END GROUP
START GROUP
LOAD /opt/Atollic_TrueSTUDIO_for_STM32_x86_64_9.0.1/ARMTools/bin/../lib/gcc/arm-atollic-eabi/6.3.1/armv7e-m/fpu/libgcc.a
LOAD /opt/Atollic_TrueSTUDIO_for_STM32_x86_64_9.0.1/ARMTools/bin/../lib/gcc/arm-atollic-eabi/6.3.1/../../../../arm-atollic-eabi/lib/armv7e-m/fpu/libc_nano.a
LOAD /opt/Atollic_TrueSTUDIO_for_STM32_x86_64_9.0.1/ARMTools/bin/../lib/gcc/arm-atollic-eabi/6.3.1/../../../../arm-atollic-eabi/lib/armv7e-m/fpu/libnosys.a
END GROUP
LOAD /opt/Atollic_TrueSTUDIO_for_STM32_x86_64_9.0.1/ARMTools/bin/../lib/gcc/arm-atollic-eabi/6.3.1/armv7e-m/fpu/crtend.o
LOAD /opt/Atollic_TrueSTUDIO_for_STM32_x86_64_9.0.1/ARMTools/bin/../lib/gcc/arm-atollic-eabi/6.3.1/armv7e-m/fpu/crtn.o
                0x0000000020030000                _estack = 0x20030000
                0x0000000000002000                _Min_Heap_Size = 0x2000
                0x0000000000004000                _Min_Stack_Size = 0x4000

.isr_vector     0x0000000008000000      0x1ac
                0x0000000008000000                . = ALIGN (0x4)
 *(.isr_vector)
 .isr_vector    0x0000000008000000      0x1ac startup/startup_stm32f429xx.o
                0x0000000008000000                g_pfnVectors
                0x00000000080001ac                . = ALIGN (0x4)

.text           0x00000000080001ac     0x20f8
                0x00000000080001ac                . = ALIGN (0x4)
 *(.text)
 .text          0x00000000080001ac       0x40 /opt/Atollic_TrueSTUDIO_for_STM32_x86_64_9.0.1/ARMTools/bin/../lib/gcc/arm-atollic-eabi/6.3.1/armv7e-m/fpu/crtbegin.o
 .text          0x00000000080001ec       0x30 /opt/Atollic_TrueSTUDIO_for_STM32_x86_64_9.0.1/ARMTools/bin/../lib/gcc/arm-atollic-eabi/6.3.1/armv7e-m/fpu/libgcc.a(_aeabi_uldivmod.o)
                0x00000000080001ec                __aeabi_uldivmod
 .text          0x000000000800021c      0x2dc /opt/Atollic_TrueSTUDIO_for_STM32_x86_64_9.0.1/ARMTools/bin/../lib/gcc/arm-atollic-eabi/6.3.1/armv7e-m/fpu/libgcc.a(_udivmoddi4.o)
                0x000000000800021c                __udivmoddi4
 .text          0x00000000080004f8        0x4 /opt/Atollic_TrueSTUDIO_for_STM32_x86_64_9.0.1/ARMTools/bin/../lib/gcc/arm-atollic-eabi/6.3.1/armv7e-m/fpu/libgcc.a(_dvmd_tls.o)
                0x00000000080004f8                __aeabi_ldiv0
                0x00000000080004f8                __aeabi_idiv0
 *(.text*)
 .text.HAL_InitTick
                0x00000000080004fc       0x48 Drivers/STM32F4xx_HAL_Driver/Src/stm32f4xx_hal.o
                0x00000000080004fc                HAL_InitTick
 .text.HAL_Init
                0x0000000008000544       0x34 Drivers/STM32F4xx_HAL_Driver/Src/stm32f4xx_hal.o
                0x0000000008000544                HAL_Init
 .text.HAL_IncTick
                0x0000000008000578       0x18 Drivers/STM32F4xx_HAL_Driver/Src/stm32f4xx_hal.o
                0x0000000008000578                HAL_IncTick
 .text.HAL_GetTick
                0x0000000008000590        0xc Drivers/STM32F4xx_HAL_Driver/Src/stm32f4xx_hal.o
                0x0000000008000590                HAL_GetTick
 .text.HAL_Delay
                0x000000000800059c       0x28 Drivers/STM32F4xx_HAL_Driver/Src/stm32f4xx_hal.o
                0x000000000800059c                HAL_Delay
 .text.HAL_NVIC_SetPriorityGrouping
                0x00000000080005c4       0x24 Drivers/STM32F4xx_HAL_Driver/Src/stm32f4xx_hal_cortex.o
                0x00000000080005c4                HAL_NVIC_SetPriorityGrouping
 .text.HAL_NVIC_SetPriority
                0x00000000080005e8       0x68 Drivers/STM32F4xx_HAL_Driver/Src/stm32f4xx_hal_cortex.o
                0x00000000080005e8                HAL_NVIC_SetPriority
 .text.HAL_SYSTICK_Config
                0x0000000008000650       0x2c Drivers/STM32F4xx_HAL_Driver/Src/stm32f4xx_hal_cortex.o
                0x0000000008000650                HAL_SYSTICK_Config
 .text.HAL_GPIO_Init
                0x000000000800067c      0x1d8 Drivers/STM32F4xx_HAL_Driver/Src/stm32f4xx_hal_gpio.o
                0x000000000800067c                HAL_GPIO_Init
 .text.HAL_GPIO_WritePin
                0x0000000008000854        0xa Drivers/STM32F4xx_HAL_Driver/Src/stm32f4xx_hal_gpio.o
                0x0000000008000854                HAL_GPIO_WritePin
 .text.LTDC_SetConfig
                0x000000000800085e      0x10c Drivers/STM32F4xx_HAL_Driver/Src/stm32f4xx_hal_ltdc.o
 *fill*         0x000000000800096a        0x2 
 .text.HAL_LTDC_Init
                0x000000000800096c       0xd8 Drivers/STM32F4xx_HAL_Driver/Src/stm32f4xx_hal_ltdc.o
                0x000000000800096c                HAL_LTDC_Init
 .text.HAL_LTDC_ConfigLayer
                0x0000000008000a44       0x52 Drivers/STM32F4xx_HAL_Driver/Src/stm32f4xx_hal_ltdc.o
                0x0000000008000a44                HAL_LTDC_ConfigLayer
 .text.HAL_LTDC_SetAddress
                0x0000000008000a96       0x40 Drivers/STM32F4xx_HAL_Driver/Src/stm32f4xx_hal_ltdc.o
                0x0000000008000a96                HAL_LTDC_SetAddress
 *fill*         0x0000000008000ad6        0x2 
 .text.HAL_PWREx_EnableOverDrive
                0x0000000008000ad8       0x78 Drivers/STM32F4xx_HAL_Driver/Src/stm32f4xx_hal_pwr_ex.o
                0x0000000008000ad8                HAL_PWREx_EnableOverDrive
 .text.HAL_RCC_OscConfig
                0x0000000008000b50      0x304 Drivers/STM32F4xx_HAL_Driver/Src/stm32f4xx_hal_rcc.o
                0x0000000008000b50                HAL_RCC_OscConfig
 .text.HAL_RCC_GetSysClockFreq
                0x0000000008000e54       0x5c Drivers/STM32F4xx_HAL_Driver/Src/stm32f4xx_hal_rcc.o
                0x0000000008000e54                HAL_RCC_GetSysClockFreq
 .text.HAL_RCC_ClockConfig
                0x0000000008000eb0      0x134 Drivers/STM32F4xx_HAL_Driver/Src/stm32f4xx_hal_rcc.o
                0x0000000008000eb0                HAL_RCC_ClockConfig
 .text.HAL_RCCEx_PeriphCLKConfig
                0x0000000008000fe4      0x230 Drivers/STM32F4xx_HAL_Driver/Src/stm32f4xx_hal_rcc_ex.o
                0x0000000008000fe4                HAL_RCCEx_PeriphCLKConfig
 .text.HAL_SDRAM_Init
                0x0000000008001214       0x40 Drivers/STM32F4xx_HAL_Driver/Src/stm32f4xx_hal_sdram.o
                0x0000000008001214                HAL_SDRAM_Init
 .text.HAL_SDRAM_SendCommand
                0x0000000008001254       0x2e Drivers/STM32F4xx_HAL_Driver/Src/stm32f4xx_hal_sdram.o
                0x0000000008001254                HAL_SDRAM_SendCommand
 .text.HAL_SDRAM_ProgramRefreshRate
                0x0000000008001282       0x24 Drivers/STM32F4xx_HAL_Driver/Src/stm32f4xx_hal_sdram.o
                0x0000000008001282                HAL_SDRAM_ProgramRefreshRate
 .text.SPI_WaitFlagStateUntilTimeout
                0x00000000080012a6       0x8e Drivers/STM32F4xx_HAL_Driver/Src/stm32f4xx_hal_spi.o
 .text.SPI_CheckFlag_BSY
                0x0000000008001334       0x20 Drivers/STM32F4xx_HAL_Driver/Src/stm32f4xx_hal_spi.o
 .text.HAL_SPI_Init
                0x0000000008001354       0x7a Drivers/STM32F4xx_HAL_Driver/Src/stm32f4xx_hal_spi.o
                0x0000000008001354                HAL_SPI_Init
 .text.HAL_SPI_Transmit
                0x00000000080013ce      0x152 Drivers/STM32F4xx_HAL_Driver/Src/stm32f4xx_hal_spi.o
                0x00000000080013ce                HAL_SPI_Transmit
 .text.FMC_SDRAM_Init
                0x0000000008001520       0x7e Drivers/STM32F4xx_HAL_Driver/Src/stm32f4xx_ll_fmc.o
                0x0000000008001520                FMC_SDRAM_Init
 .text.FMC_SDRAM_Timing_Init
                0x000000000800159e       0x90 Drivers/STM32F4xx_HAL_Driver/Src/stm32f4xx_ll_fmc.o
                0x000000000800159e                FMC_SDRAM_Timing_Init
 .text.FMC_SDRAM_SendCommand
                0x000000000800162e       0x4a Drivers/STM32F4xx_HAL_Driver/Src/stm32f4xx_ll_fmc.o
                0x000000000800162e                FMC_SDRAM_SendCommand
 .text.FMC_SDRAM_ProgramRefreshRate
                0x0000000008001678        0xc Drivers/STM32F4xx_HAL_Driver/Src/stm32f4xx_ll_fmc.o
                0x0000000008001678                FMC_SDRAM_ProgramRefreshRate
 .text.LCD_WriteCommand
                0x0000000008001684       0x4c Src/ltdc.o
                0x0000000008001684                LCD_WriteCommand
 .text.LCD_WriteData
                0x00000000080016d0       0x4c Src/ltdc.o
                0x00000000080016d0                LCD_WriteData
 .text.LCD_PowerOn
                0x000000000800171c      0x28e Src/ltdc.o
                0x000000000800171c                LCD_PowerOn
 *fill*         0x00000000080019aa        0x2 
 .text.LCD_FillScreen
                0x00000000080019ac       0x20 Src/ltdc.o
                0x00000000080019ac                LCD_FillScreen
 .text.LCD_Test
                0x00000000080019cc       0x30 Src/ltdc.o
                0x00000000080019cc                LCD_Test
 .text.LCD_DrawPixel
                0x00000000080019fc       0x18 Src/ltdc.o
                0x00000000080019fc                LCD_DrawPixel
 .text.LCD_DrawLine
                0x0000000008001a14       0x9a Src/ltdc.o
                0x0000000008001a14                LCD_DrawLine
 *fill*         0x0000000008001aae        0x2 
 .text.SystemClock_Config
                0x0000000008001ab0       0xb8 Src/main.o
                0x0000000008001ab0                SystemClock_Config
 .text.startup.main
                0x0000000008001b68      0x278 Src/main.o
                0x0000000008001b68                main
 .text.SDRAM_init
                0x0000000008001de0       0xa8 Src/sdram.o
                0x0000000008001de0                SDRAM_init
 .text.HAL_MspInit
                0x0000000008001e88       0x38 Src/stm32f4xx_hal_msp.o
                0x0000000008001e88                HAL_MspInit
 .text.HAL_LTDC_MspInit
                0x0000000008001ec0      0x17c Src/stm32f4xx_hal_msp.o
                0x0000000008001ec0                HAL_LTDC_MspInit
 .text.HAL_SPI_MspInit
                0x000000000800203c       0x6c Src/stm32f4xx_hal_msp.o
                0x000000000800203c                HAL_SPI_MspInit
 .text.HAL_SDRAM_MspInit
                0x00000000080020a8       0xd8 Src/stm32f4xx_hal_msp.o
                0x00000000080020a8                HAL_SDRAM_MspInit
 .text.NMI_Handler
                0x0000000008002180        0x2 Src/stm32f4xx_it.o
                0x0000000008002180                NMI_Handler
 .text.HardFault_Handler
                0x0000000008002182        0x2 Src/stm32f4xx_it.o
                0x0000000008002182                HardFault_Handler
 .text.MemManage_Handler
                0x0000000008002184        0x2 Src/stm32f4xx_it.o
                0x0000000008002184                MemManage_Handler
 .text.BusFault_Handler
                0x0000000008002186        0x2 Src/stm32f4xx_it.o
                0x0000000008002186                BusFault_Handler
 .text.UsageFault_Handler
                0x0000000008002188        0x2 Src/stm32f4xx_it.o
                0x0000000008002188                UsageFault_Handler
 .text.SVC_Handler
                0x000000000800218a        0x2 Src/stm32f4xx_it.o
                0x000000000800218a                SVC_Handler
 .text.DebugMon_Handler
                0x000000000800218c        0x2 Src/stm32f4xx_it.o
                0x000000000800218c                DebugMon_Handler
 .text.PendSV_Handler
                0x000000000800218e        0x2 Src/stm32f4xx_it.o
                0x000000000800218e                PendSV_Handler
 .text.SysTick_Handler
                0x0000000008002190        0x4 Src/stm32f4xx_it.o
                0x0000000008002190                SysTick_Handler
 .text.SystemInit
                0x0000000008002194       0x4c Src/system_stm32f4xx.o
                0x0000000008002194                SystemInit
 .text.Reset_Handler
                0x00000000080021e0       0x50 startup/startup_stm32f429xx.o
                0x00000000080021e0                Reset_Handler
 .text.Default_Handler
                0x0000000008002230        0x2 startup/startup_stm32f429xx.o
                0x0000000008002230                RTC_Alarm_IRQHandler
                0x0000000008002230                HASH_RNG_IRQHandler
                0x0000000008002230                EXTI2_IRQHandler
                0x0000000008002230                TIM8_CC_IRQHandler
                0x0000000008002230                UART8_IRQHandler
                0x0000000008002230                SPI4_IRQHandler
                0x0000000008002230                TIM1_CC_IRQHandler
                0x0000000008002230                DMA2_Stream5_IRQHandler
                0x0000000008002230                DMA1_Stream5_IRQHandler
                0x0000000008002230                PVD_IRQHandler
                0x0000000008002230                SDIO_IRQHandler
                0x0000000008002230                TAMP_STAMP_IRQHandler
                0x0000000008002230                CAN2_RX1_IRQHandler
                0x0000000008002230                EXTI3_IRQHandler
                0x0000000008002230                TIM8_TRG_COM_TIM14_IRQHandler
                0x0000000008002230                TIM1_UP_TIM10_IRQHandler
                0x0000000008002230                TIM8_UP_TIM13_IRQHandler
                0x0000000008002230                I2C3_ER_IRQHandler
                0x0000000008002230                EXTI0_IRQHandler
                0x0000000008002230                I2C2_EV_IRQHandler
                0x0000000008002230                DMA1_Stream2_IRQHandler
                0x0000000008002230                CAN1_RX0_IRQHandler
                0x0000000008002230                FPU_IRQHandler
                0x0000000008002230                OTG_HS_WKUP_IRQHandler
                0x0000000008002230                LTDC_ER_IRQHandler
                0x0000000008002230                CAN2_SCE_IRQHandler
                0x0000000008002230                DMA2_Stream2_IRQHandler
                0x0000000008002230                SPI1_IRQHandler
                0x0000000008002230                TIM6_DAC_IRQHandler
                0x0000000008002230                TIM1_BRK_TIM9_IRQHandler
                0x0000000008002230                DCMI_IRQHandler
                0x0000000008002230                CAN2_RX0_IRQHandler
                0x0000000008002230                DMA2_Stream3_IRQHandler
                0x0000000008002230                USART6_IRQHandler
                0x0000000008002230                USART3_IRQHandler
                0x0000000008002230                CAN1_RX1_IRQHandler
                0x0000000008002230                UART5_IRQHandler
                0x0000000008002230                DMA2_Stream0_IRQHandler
                0x0000000008002230                TIM4_IRQHandler
                0x0000000008002230                I2C1_EV_IRQHandler
                0x0000000008002230                DMA1_Stream6_IRQHandler
                0x0000000008002230                DMA1_Stream1_IRQHandler
                0x0000000008002230                UART4_IRQHandler
                0x0000000008002230                TIM3_IRQHandler
                0x0000000008002230                RCC_IRQHandler
                0x0000000008002230                TIM8_BRK_TIM12_IRQHandler
                0x0000000008002230                Default_Handler
                0x0000000008002230                EXTI15_10_IRQHandler
                0x0000000008002230                ADC_IRQHandler
                0x0000000008002230                DMA1_Stream7_IRQHandler
                0x0000000008002230                SPI5_IRQHandler
                0x0000000008002230                TIM7_IRQHandler
                0x0000000008002230                CAN2_TX_IRQHandler
                0x0000000008002230                TIM5_IRQHandler
                0x0000000008002230                DMA2_Stream7_IRQHandler
                0x0000000008002230                I2C3_EV_IRQHandler
                0x0000000008002230                EXTI9_5_IRQHandler
                0x0000000008002230                RTC_WKUP_IRQHandler
                0x0000000008002230                LTDC_IRQHandler
                0x0000000008002230                ETH_WKUP_IRQHandler
                0x0000000008002230                SPI2_IRQHandler
                0x0000000008002230                OTG_HS_EP1_IN_IRQHandler
                0x0000000008002230                DMA1_Stream0_IRQHandler
                0x0000000008002230                CAN1_TX_IRQHandler
                0x0000000008002230                EXTI4_IRQHandler
                0x0000000008002230                ETH_IRQHandler
                0x0000000008002230                OTG_HS_EP1_OUT_IRQHandler
                0x0000000008002230                WWDG_IRQHandler
                0x0000000008002230                SPI6_IRQHandler
                0x0000000008002230                TIM2_IRQHandler
                0x0000000008002230                OTG_FS_WKUP_IRQHandler
                0x0000000008002230                TIM1_TRG_COM_TIM11_IRQHandler
                0x0000000008002230                OTG_HS_IRQHandler
                0x0000000008002230                DMA2D_IRQHandler
                0x0000000008002230                EXTI1_IRQHandler
                0x0000000008002230                UART7_IRQHandler
                0x0000000008002230                USART2_IRQHandler
                0x0000000008002230                I2C2_ER_IRQHandler
                0x0000000008002230                DMA2_Stream1_IRQHandler
                0x0000000008002230                CAN1_SCE_IRQHandler
                0x0000000008002230                FLASH_IRQHandler
                0x0000000008002230                DMA2_Stream4_IRQHandler
                0x0000000008002230                USART1_IRQHandler
                0x0000000008002230                OTG_FS_IRQHandler
                0x0000000008002230                SPI3_IRQHandler
                0x0000000008002230                DMA1_Stream4_IRQHandler
                0x0000000008002230                I2C1_ER_IRQHandler
                0x0000000008002230                FMC_IRQHandler
                0x0000000008002230                DMA2_Stream6_IRQHandler
                0x0000000008002230                SAI1_IRQHandler
                0x0000000008002230                DMA1_Stream3_IRQHandler
 *fill*         0x0000000008002232        0x2 
 .text.__libc_init_array
                0x0000000008002234       0x48 /opt/Atollic_TrueSTUDIO_for_STM32_x86_64_9.0.1/ARMTools/bin/../lib/gcc/arm-atollic-eabi/6.3.1/../../../../arm-atollic-eabi/lib/armv7e-m/fpu/libc_nano.a(lib_a-init.o)
                0x0000000008002234                __libc_init_array
 .text.memset   0x000000000800227c       0x10 /opt/Atollic_TrueSTUDIO_for_STM32_x86_64_9.0.1/ARMTools/bin/../lib/gcc/arm-atollic-eabi/6.3.1/../../../../arm-atollic-eabi/lib/armv7e-m/fpu/libc_nano.a(lib_a-memset.o)
                0x000000000800227c                memset
 *(.glue_7)
 .glue_7        0x000000000800228c        0x0 linker stubs
 *(.glue_7t)
 .glue_7t       0x000000000800228c        0x0 linker stubs
 *(.eh_frame)
 .eh_frame      0x000000000800228c        0x0 /opt/Atollic_TrueSTUDIO_for_STM32_x86_64_9.0.1/ARMTools/bin/../lib/gcc/arm-atollic-eabi/6.3.1/armv7e-m/fpu/crtbegin.o
 *(.init)
 .init          0x000000000800228c        0x4 /opt/Atollic_TrueSTUDIO_for_STM32_x86_64_9.0.1/ARMTools/bin/../lib/gcc/arm-atollic-eabi/6.3.1/armv7e-m/fpu/crti.o
                0x000000000800228c                _init
 .init          0x0000000008002290        0x8 /opt/Atollic_TrueSTUDIO_for_STM32_x86_64_9.0.1/ARMTools/bin/../lib/gcc/arm-atollic-eabi/6.3.1/armv7e-m/fpu/crtn.o
 *(.fini)
 .fini          0x0000000008002298        0x4 /opt/Atollic_TrueSTUDIO_for_STM32_x86_64_9.0.1/ARMTools/bin/../lib/gcc/arm-atollic-eabi/6.3.1/armv7e-m/fpu/crti.o
                0x0000000008002298                _fini
 .fini          0x000000000800229c        0x8 /opt/Atollic_TrueSTUDIO_for_STM32_x86_64_9.0.1/ARMTools/bin/../lib/gcc/arm-atollic-eabi/6.3.1/armv7e-m/fpu/crtn.o
                0x00000000080022a4                . = ALIGN (0x4)
                0x00000000080022a4                _etext = .

.vfp11_veneer   0x00000000080022a4        0x0
 .vfp11_veneer  0x00000000080022a4        0x0 linker stubs

.v4_bx          0x00000000080022a4        0x0
 .v4_bx         0x00000000080022a4        0x0 linker stubs

.iplt           0x00000000080022a4        0x0
 .iplt          0x00000000080022a4        0x0 /opt/Atollic_TrueSTUDIO_for_STM32_x86_64_9.0.1/ARMTools/bin/../lib/gcc/arm-atollic-eabi/6.3.1/armv7e-m/fpu/crtbegin.o

.rodata         0x00000000080022a4       0x10
                0x00000000080022a4                . = ALIGN (0x4)
 *(.rodata)
 *(.rodata*)
 .rodata.AHBPrescTable
                0x00000000080022a4       0x10 Src/system_stm32f4xx.o
                0x00000000080022a4                AHBPrescTable
                0x00000000080022b4                . = ALIGN (0x4)

.ARM.extab
 *(.ARM.extab* .gnu.linkonce.armextab.*)

.ARM            0x00000000080022b4        0x8
                0x00000000080022b4                __exidx_start = .
 *(.ARM.exidx*)
 .ARM.exidx     0x00000000080022b4        0x8 /opt/Atollic_TrueSTUDIO_for_STM32_x86_64_9.0.1/ARMTools/bin/../lib/gcc/arm-atollic-eabi/6.3.1/armv7e-m/fpu/libgcc.a(_udivmoddi4.o)
                0x00000000080022bc                __exidx_end = .

.rel.dyn        0x00000000080022bc        0x0
 .rel.iplt      0x00000000080022bc        0x0 /opt/Atollic_TrueSTUDIO_for_STM32_x86_64_9.0.1/ARMTools/bin/../lib/gcc/arm-atollic-eabi/6.3.1/armv7e-m/fpu/crtbegin.o

.preinit_array  0x00000000080022bc        0x0
                0x00000000080022bc                PROVIDE (__preinit_array_start, .)
 *(.preinit_array*)
                0x00000000080022bc                PROVIDE (__preinit_array_end, .)

.init_array     0x00000000080022bc        0x4
                0x00000000080022bc                PROVIDE (__init_array_start, .)
 *(SORT(.init_array.*))
 *(.init_array*)
 .init_array    0x00000000080022bc        0x4 /opt/Atollic_TrueSTUDIO_for_STM32_x86_64_9.0.1/ARMTools/bin/../lib/gcc/arm-atollic-eabi/6.3.1/armv7e-m/fpu/crtbegin.o
                0x00000000080022c0                PROVIDE (__init_array_end, .)

.fini_array     0x00000000080022c0        0x4
                [!provide]                        PROVIDE (__fini_array_start, .)
 *(SORT(.fini_array.*))
 *(.fini_array*)
 .fini_array    0x00000000080022c0        0x4 /opt/Atollic_TrueSTUDIO_for_STM32_x86_64_9.0.1/ARMTools/bin/../lib/gcc/arm-atollic-eabi/6.3.1/armv7e-m/fpu/crtbegin.o
                [!provide]                        PROVIDE (__fini_array_end, .)
                0x00000000080022c4                _sidata = LOADADDR (.data)

.data           0x0000000020000000        0xc load address 0x00000000080022c4
                0x0000000020000000                . = ALIGN (0x4)
                0x0000000020000000                _sdata = .
 *(.data)
 *(.data*)
 .data.uwTickFreq
                0x0000000020000000        0x1 Drivers/STM32F4xx_HAL_Driver/Src/stm32f4xx_hal.o
                0x0000000020000000                uwTickFreq
 *fill*         0x0000000020000001        0x3 
 .data.uwTickPrio
                0x0000000020000004        0x4 Drivers/STM32F4xx_HAL_Driver/Src/stm32f4xx_hal.o
                0x0000000020000004                uwTickPrio
 .data.SystemCoreClock
                0x0000000020000008        0x4 Src/system_stm32f4xx.o
                0x0000000020000008                SystemCoreClock
                0x000000002000000c                . = ALIGN (0x4)
                0x000000002000000c                _edata = .
                0x00000000080022d0                _siccmram = LOADADDR (.ccmram)

.igot.plt       0x000000002000000c        0x0 load address 0x00000000080022d0
 .igot.plt      0x000000002000000c        0x0 /opt/Atollic_TrueSTUDIO_for_STM32_x86_64_9.0.1/ARMTools/bin/../lib/gcc/arm-atollic-eabi/6.3.1/armv7e-m/fpu/crtbegin.o

.ccmram         0x0000000010000000        0x0 load address 0x00000000080022d0
                0x0000000010000000                . = ALIGN (0x4)
                0x0000000010000000                _sccmram = .
 *(.ccmram)
 *(.ccmram*)
                0x0000000010000000                . = ALIGN (0x4)
                0x0000000010000000                _eccmram = .
                0x0000000010000000                . = ALIGN (0x4)

.bss            0x000000002000000c      0x168
                0x000000002000000c                _sbss = .
                0x000000002000000c                __bss_start__ = _sbss
 *(.bss)
 .bss           0x000000002000000c       0x1c /opt/Atollic_TrueSTUDIO_for_STM32_x86_64_9.0.1/ARMTools/bin/../lib/gcc/arm-atollic-eabi/6.3.1/armv7e-m/fpu/crtbegin.o
 *(.bss*)
 .bss.FMC_Initialized
                0x0000000020000028        0x4 Src/stm32f4xx_hal_msp.o
 *(COMMON)
 COMMON         0x000000002000002c        0x4 Drivers/STM32F4xx_HAL_Driver/Src/stm32f4xx_hal.o
                0x000000002000002c                uwTick
 COMMON         0x0000000020000030      0x134 Src/main.o
                0x0000000020000030                hspi5
                0x0000000020000088                hltdc
                0x0000000020000130                hsdram1
 COMMON         0x0000000020000164       0x10 Src/sdram.o
                0x0000000020000164                command
                0x0000000020000174                . = ALIGN (0x4)
                0x0000000020000174                _ebss = .
                0x0000000020000174                __bss_end__ = _ebss

._user_heap_stack
                0x0000000020000174     0x6000
                0x0000000020000174                . = ALIGN (0x4)
                [!provide]                        PROVIDE (end, .)
                [!provide]                        PROVIDE (_end, .)
                0x0000000020002174                . = (. + _Min_Heap_Size)
 *fill*         0x0000000020000174     0x2000 
                0x0000000020006174                . = (. + _Min_Stack_Size)
 *fill*         0x0000000020002174     0x4000 
                0x0000000020006174                . = ALIGN (0x4)

/DISCARD/
 libc.a(*)
 libm.a(*)
 libgcc.a(*)

.ARM.attributes
                0x0000000000000000       0x30
 *(.ARM.attributes)
 .ARM.attributes
                0x0000000000000000       0x22 /opt/Atollic_TrueSTUDIO_for_STM32_x86_64_9.0.1/ARMTools/bin/../lib/gcc/arm-atollic-eabi/6.3.1/armv7e-m/fpu/crti.o
 .ARM.attributes
                0x0000000000000022       0x34 /opt/Atollic_TrueSTUDIO_for_STM32_x86_64_9.0.1/ARMTools/bin/../lib/gcc/arm-atollic-eabi/6.3.1/armv7e-m/fpu/crtbegin.o
 .ARM.attributes
                0x0000000000000056       0x39 Drivers/STM32F4xx_HAL_Driver/Src/stm32f4xx_hal.o
 .ARM.attributes
                0x000000000000008f       0x39 Drivers/STM32F4xx_HAL_Driver/Src/stm32f4xx_hal_cortex.o
 .ARM.attributes
                0x00000000000000c8       0x39 Drivers/STM32F4xx_HAL_Driver/Src/stm32f4xx_hal_gpio.o
 .ARM.attributes
                0x0000000000000101       0x39 Drivers/STM32F4xx_HAL_Driver/Src/stm32f4xx_hal_ltdc.o
 .ARM.attributes
                0x000000000000013a       0x39 Drivers/STM32F4xx_HAL_Driver/Src/stm32f4xx_hal_pwr_ex.o
 .ARM.attributes
                0x0000000000000173       0x39 Drivers/STM32F4xx_HAL_Driver/Src/stm32f4xx_hal_rcc.o
 .ARM.attributes
                0x00000000000001ac       0x39 Drivers/STM32F4xx_HAL_Driver/Src/stm32f4xx_hal_rcc_ex.o
 .ARM.attributes
                0x00000000000001e5       0x39 Drivers/STM32F4xx_HAL_Driver/Src/stm32f4xx_hal_sdram.o
 .ARM.attributes
                0x000000000000021e       0x39 Drivers/STM32F4xx_HAL_Driver/Src/stm32f4xx_hal_spi.o
 .ARM.attributes
                0x0000000000000257       0x39 Drivers/STM32F4xx_HAL_Driver/Src/stm32f4xx_ll_fmc.o
 .ARM.attributes
                0x0000000000000290       0x39 Src/ltdc.o
 .ARM.attributes
                0x00000000000002c9       0x39 Src/main.o
 .ARM.attributes
                0x0000000000000302       0x39 Src/sdram.o
 .ARM.attributes
                0x000000000000033b       0x39 Src/stm32f4xx_hal_msp.o
 .ARM.attributes
                0x0000000000000374       0x39 Src/stm32f4xx_it.o
 .ARM.attributes
                0x00000000000003ad       0x39 Src/system_stm32f4xx.o
 .ARM.attributes
                0x00000000000003e6       0x21 startup/startup_stm32f429xx.o
 .ARM.attributes
                0x0000000000000407       0x34 /opt/Atollic_TrueSTUDIO_for_STM32_x86_64_9.0.1/ARMTools/bin/../lib/gcc/arm-atollic-eabi/6.3.1/../../../../arm-atollic-eabi/lib/armv7e-m/fpu/libc_nano.a(lib_a-init.o)
 .ARM.attributes
                0x000000000000043b       0x34 /opt/Atollic_TrueSTUDIO_for_STM32_x86_64_9.0.1/ARMTools/bin/../lib/gcc/arm-atollic-eabi/6.3.1/../../../../arm-atollic-eabi/lib/armv7e-m/fpu/libc_nano.a(lib_a-memset.o)
 .ARM.attributes
                0x000000000000046f       0x22 /opt/Atollic_TrueSTUDIO_for_STM32_x86_64_9.0.1/ARMTools/bin/../lib/gcc/arm-atollic-eabi/6.3.1/armv7e-m/fpu/libgcc.a(_aeabi_uldivmod.o)
 .ARM.attributes
                0x0000000000000491       0x34 /opt/Atollic_TrueSTUDIO_for_STM32_x86_64_9.0.1/ARMTools/bin/../lib/gcc/arm-atollic-eabi/6.3.1/armv7e-m/fpu/libgcc.a(_udivmoddi4.o)
 .ARM.attributes
                0x00000000000004c5       0x22 /opt/Atollic_TrueSTUDIO_for_STM32_x86_64_9.0.1/ARMTools/bin/../lib/gcc/arm-atollic-eabi/6.3.1/armv7e-m/fpu/libgcc.a(_dvmd_tls.o)
 .ARM.attributes
                0x00000000000004e7       0x22 /opt/Atollic_TrueSTUDIO_for_STM32_x86_64_9.0.1/ARMTools/bin/../lib/gcc/arm-atollic-eabi/6.3.1/armv7e-m/fpu/crtn.o
OUTPUT(ltdc_sdram_test.elf elf32-littlearm)

.debug_info     0x0000000000000000    0x157c5
 .debug_info    0x0000000000000000     0x1260 Drivers/STM32F4xx_HAL_Driver/Src/stm32f4xx_hal.o
 .debug_info    0x0000000000001260     0x177a Drivers/STM32F4xx_HAL_Driver/Src/stm32f4xx_hal_cortex.o
 .debug_info    0x00000000000029da      0xfa2 Drivers/STM32F4xx_HAL_Driver/Src/stm32f4xx_hal_gpio.o
 .debug_info    0x000000000000397c     0x1b26 Drivers/STM32F4xx_HAL_Driver/Src/stm32f4xx_hal_ltdc.o
 .debug_info    0x00000000000054a2      0xff1 Drivers/STM32F4xx_HAL_Driver/Src/stm32f4xx_hal_pwr_ex.o
 .debug_info    0x0000000000006493     0x1283 Drivers/STM32F4xx_HAL_Driver/Src/stm32f4xx_hal_rcc.o
 .debug_info    0x0000000000007716      0xff2 Drivers/STM32F4xx_HAL_Driver/Src/stm32f4xx_hal_rcc_ex.o
 .debug_info    0x0000000000008708     0x15af Drivers/STM32F4xx_HAL_Driver/Src/stm32f4xx_hal_sdram.o
 .debug_info    0x0000000000009cb7     0x23d2 Drivers/STM32F4xx_HAL_Driver/Src/stm32f4xx_hal_spi.o
 .debug_info    0x000000000000c089     0x1730 Drivers/STM32F4xx_HAL_Driver/Src/stm32f4xx_ll_fmc.o
 .debug_info    0x000000000000d7b9     0x1ed8 Src/ltdc.o
 .debug_info    0x000000000000f691     0x1f08 Src/main.o
 .debug_info    0x0000000000011599      0xeb8 Src/sdram.o
 .debug_info    0x0000000000012451     0x1be5 Src/stm32f4xx_hal_msp.o
 .debug_info    0x0000000000014036      0x9c9 Src/stm32f4xx_it.o
 .debug_info    0x00000000000149ff      0xd36 Src/system_stm32f4xx.o
 .debug_info    0x0000000000015735       0x90 startup/startup_stm32f429xx.o

.debug_abbrev   0x0000000000000000     0x2ae0
 .debug_abbrev  0x0000000000000000      0x308 Drivers/STM32F4xx_HAL_Driver/Src/stm32f4xx_hal.o
 .debug_abbrev  0x0000000000000308      0x399 Drivers/STM32F4xx_HAL_Driver/Src/stm32f4xx_hal_cortex.o
 .debug_abbrev  0x00000000000006a1      0x268 Drivers/STM32F4xx_HAL_Driver/Src/stm32f4xx_hal_gpio.o
 .debug_abbrev  0x0000000000000909      0x2ed Drivers/STM32F4xx_HAL_Driver/Src/stm32f4xx_hal_ltdc.o
 .debug_abbrev  0x0000000000000bf6      0x291 Drivers/STM32F4xx_HAL_Driver/Src/stm32f4xx_hal_pwr_ex.o
 .debug_abbrev  0x0000000000000e87      0x353 Drivers/STM32F4xx_HAL_Driver/Src/stm32f4xx_hal_rcc.o
 .debug_abbrev  0x00000000000011da      0x225 Drivers/STM32F4xx_HAL_Driver/Src/stm32f4xx_hal_rcc_ex.o
 .debug_abbrev  0x00000000000013ff      0x2da Drivers/STM32F4xx_HAL_Driver/Src/stm32f4xx_hal_sdram.o
 .debug_abbrev  0x00000000000016d9      0x3ac Drivers/STM32F4xx_HAL_Driver/Src/stm32f4xx_hal_spi.o
 .debug_abbrev  0x0000000000001a85      0x24b Drivers/STM32F4xx_HAL_Driver/Src/stm32f4xx_ll_fmc.o
 .debug_abbrev  0x0000000000001cd0      0x294 Src/ltdc.o
 .debug_abbrev  0x0000000000001f64      0x309 Src/main.o
 .debug_abbrev  0x000000000000226d      0x203 Src/sdram.o
 .debug_abbrev  0x0000000000002470      0x2b3 Src/stm32f4xx_hal_msp.o
 .debug_abbrev  0x0000000000002723      0x1e1 Src/stm32f4xx_it.o
 .debug_abbrev  0x0000000000002904      0x1ca Src/system_stm32f4xx.o
 .debug_abbrev  0x0000000000002ace       0x12 startup/startup_stm32f429xx.o

.debug_loc      0x0000000000000000     0x538e
 .debug_loc     0x0000000000000000      0x11b Drivers/STM32F4xx_HAL_Driver/Src/stm32f4xx_hal.o
 .debug_loc     0x000000000000011b      0x4fb Drivers/STM32F4xx_HAL_Driver/Src/stm32f4xx_hal_cortex.o
 .debug_loc     0x0000000000000616      0x3cd Drivers/STM32F4xx_HAL_Driver/Src/stm32f4xx_hal_gpio.o
 .debug_loc     0x00000000000009e3     0x12a0 Drivers/STM32F4xx_HAL_Driver/Src/stm32f4xx_hal_ltdc.o
 .debug_loc     0x0000000000001c83      0x15d Drivers/STM32F4xx_HAL_Driver/Src/stm32f4xx_hal_pwr_ex.o
 .debug_loc     0x0000000000001de0      0x336 Drivers/STM32F4xx_HAL_Driver/Src/stm32f4xx_hal_rcc.o
 .debug_loc     0x0000000000002116      0x3d5 Drivers/STM32F4xx_HAL_Driver/Src/stm32f4xx_hal_rcc_ex.o
 .debug_loc     0x00000000000024eb      0x9b6 Drivers/STM32F4xx_HAL_Driver/Src/stm32f4xx_hal_sdram.o
 .debug_loc     0x0000000000002ea1     0x150f Drivers/STM32F4xx_HAL_Driver/Src/stm32f4xx_hal_spi.o
 .debug_loc     0x00000000000043b0      0x9a3 Drivers/STM32F4xx_HAL_Driver/Src/stm32f4xx_ll_fmc.o
 .debug_loc     0x0000000000004d53      0x3f6 Src/ltdc.o
 .debug_loc     0x0000000000005149       0x2c Src/sdram.o
 .debug_loc     0x0000000000005175       0xfd Src/stm32f4xx_hal_msp.o
 .debug_loc     0x0000000000005272      0x11c Src/system_stm32f4xx.o

.debug_aranges  0x0000000000000000      0x918
 .debug_aranges
                0x0000000000000000       0xe8 Drivers/STM32F4xx_HAL_Driver/Src/stm32f4xx_hal.o
 .debug_aranges
                0x00000000000000e8       0xa8 Drivers/STM32F4xx_HAL_Driver/Src/stm32f4xx_hal_cortex.o
 .debug_aranges
                0x0000000000000190       0x58 Drivers/STM32F4xx_HAL_Driver/Src/stm32f4xx_hal_gpio.o
 .debug_aranges
                0x00000000000001e8      0x138 Drivers/STM32F4xx_HAL_Driver/Src/stm32f4xx_hal_ltdc.o
 .debug_aranges
                0x0000000000000320       0x60 Drivers/STM32F4xx_HAL_Driver/Src/stm32f4xx_hal_pwr_ex.o
 .debug_aranges
                0x0000000000000380       0x88 Drivers/STM32F4xx_HAL_Driver/Src/stm32f4xx_hal_rcc.o
 .debug_aranges
                0x0000000000000408       0x58 Drivers/STM32F4xx_HAL_Driver/Src/stm32f4xx_hal_rcc_ex.o
 .debug_aranges
                0x0000000000000460       0xb0 Drivers/STM32F4xx_HAL_Driver/Src/stm32f4xx_hal_sdram.o
 .debug_aranges
                0x0000000000000510      0x180 Drivers/STM32F4xx_HAL_Driver/Src/stm32f4xx_hal_spi.o
 .debug_aranges
                0x0000000000000690       0xf0 Drivers/STM32F4xx_HAL_Driver/Src/stm32f4xx_ll_fmc.o
 .debug_aranges
                0x0000000000000780       0x60 Src/ltdc.o
 .debug_aranges
                0x00000000000007e0       0x30 Src/main.o
 .debug_aranges
                0x0000000000000810       0x20 Src/sdram.o
 .debug_aranges
                0x0000000000000830       0x50 Src/stm32f4xx_hal_msp.o
 .debug_aranges
                0x0000000000000880       0x48 Src/stm32f4xx_it.o
 .debug_aranges
                0x00000000000008c8       0x28 Src/system_stm32f4xx.o
 .debug_aranges
                0x00000000000008f0       0x28 startup/startup_stm32f429xx.o

.debug_ranges   0x0000000000000000      0xbc8
 .debug_ranges  0x0000000000000000       0xd8 Drivers/STM32F4xx_HAL_Driver/Src/stm32f4xx_hal.o
 .debug_ranges  0x00000000000000d8      0x138 Drivers/STM32F4xx_HAL_Driver/Src/stm32f4xx_hal_cortex.o
 .debug_ranges  0x0000000000000210       0x68 Drivers/STM32F4xx_HAL_Driver/Src/stm32f4xx_hal_gpio.o
 .debug_ranges  0x0000000000000278      0x128 Drivers/STM32F4xx_HAL_Driver/Src/stm32f4xx_hal_ltdc.o
 .debug_ranges  0x00000000000003a0       0xb0 Drivers/STM32F4xx_HAL_Driver/Src/stm32f4xx_hal_pwr_ex.o
 .debug_ranges  0x0000000000000450       0xb0 Drivers/STM32F4xx_HAL_Driver/Src/stm32f4xx_hal_rcc.o
 .debug_ranges  0x0000000000000500       0x60 Drivers/STM32F4xx_HAL_Driver/Src/stm32f4xx_hal_rcc_ex.o
 .debug_ranges  0x0000000000000560       0xa0 Drivers/STM32F4xx_HAL_Driver/Src/stm32f4xx_hal_sdram.o
 .debug_ranges  0x0000000000000600      0x1d0 Drivers/STM32F4xx_HAL_Driver/Src/stm32f4xx_hal_spi.o
 .debug_ranges  0x00000000000007d0       0xe0 Drivers/STM32F4xx_HAL_Driver/Src/stm32f4xx_ll_fmc.o
 .debug_ranges  0x00000000000008b0      0x118 Src/ltdc.o
 .debug_ranges  0x00000000000009c8       0x98 Src/main.o
 .debug_ranges  0x0000000000000a60       0x10 Src/sdram.o
 .debug_ranges  0x0000000000000a70       0xe8 Src/stm32f4xx_hal_msp.o
 .debug_ranges  0x0000000000000b58       0x38 Src/stm32f4xx_it.o
 .debug_ranges  0x0000000000000b90       0x18 Src/system_stm32f4xx.o
 .debug_ranges  0x0000000000000ba8       0x20 startup/startup_stm32f429xx.o

.debug_line     0x0000000000000000     0x5569
 .debug_line    0x0000000000000000      0x493 Drivers/STM32F4xx_HAL_Driver/Src/stm32f4xx_hal.o
 .debug_line    0x0000000000000493      0x4bb Drivers/STM32F4xx_HAL_Driver/Src/stm32f4xx_hal_cortex.o
 .debug_line    0x000000000000094e      0x46d Drivers/STM32F4xx_HAL_Driver/Src/stm32f4xx_hal_gpio.o
 .debug_line    0x0000000000000dbb      0xc72 Drivers/STM32F4xx_HAL_Driver/Src/stm32f4xx_hal_ltdc.o
 .debug_line    0x0000000000001a2d      0x3c6 Drivers/STM32F4xx_HAL_Driver/Src/stm32f4xx_hal_pwr_ex.o
 .debug_line    0x0000000000001df3      0x56a Drivers/STM32F4xx_HAL_Driver/Src/stm32f4xx_hal_rcc.o
 .debug_line    0x000000000000235d      0x4a0 Drivers/STM32F4xx_HAL_Driver/Src/stm32f4xx_hal_rcc_ex.o
 .debug_line    0x00000000000027fd      0x593 Drivers/STM32F4xx_HAL_Driver/Src/stm32f4xx_hal_sdram.o
 .debug_line    0x0000000000002d90      0xb91 Drivers/STM32F4xx_HAL_Driver/Src/stm32f4xx_hal_spi.o
 .debug_line    0x0000000000003921      0x647 Drivers/STM32F4xx_HAL_Driver/Src/stm32f4xx_ll_fmc.o
 .debug_line    0x0000000000003f68      0x4b4 Src/ltdc.o
 .debug_line    0x000000000000441c      0x4c5 Src/main.o
 .debug_line    0x00000000000048e1      0x2cc Src/sdram.o
 .debug_line    0x0000000000004bad      0x456 Src/stm32f4xx_hal_msp.o
 .debug_line    0x0000000000005003      0x293 Src/stm32f4xx_it.o
 .debug_line    0x0000000000005296      0x254 Src/system_stm32f4xx.o
 .debug_line    0x00000000000054ea       0x7f startup/startup_stm32f429xx.o

.debug_str      0x0000000000000000     0x3944
 .debug_str     0x0000000000000000      0xfde Drivers/STM32F4xx_HAL_Driver/Src/stm32f4xx_hal.o
                                       0x1084 (size before relaxing)
 .debug_str     0x0000000000000fde      0x3c3 Drivers/STM32F4xx_HAL_Driver/Src/stm32f4xx_hal_cortex.o
                                       0x110d (size before relaxing)
 .debug_str     0x00000000000013a1      0x1de Drivers/STM32F4xx_HAL_Driver/Src/stm32f4xx_hal_gpio.o
                                        0x992 (size before relaxing)
 .debug_str     0x000000000000157f      0x778 Drivers/STM32F4xx_HAL_Driver/Src/stm32f4xx_hal_ltdc.o
                                        0xe56 (size before relaxing)
 .debug_str     0x0000000000001cf7      0x170 Drivers/STM32F4xx_HAL_Driver/Src/stm32f4xx_hal_pwr_ex.o
                                        0x989 (size before relaxing)
 .debug_str     0x0000000000001e67      0x2dd Drivers/STM32F4xx_HAL_Driver/Src/stm32f4xx_hal_rcc.o
                                        0xb65 (size before relaxing)
 .debug_str     0x0000000000002144      0x213 Drivers/STM32F4xx_HAL_Driver/Src/stm32f4xx_hal_rcc_ex.o
                                        0xa07 (size before relaxing)
 .debug_str     0x0000000000002357      0x799 Drivers/STM32F4xx_HAL_Driver/Src/stm32f4xx_hal_sdram.o
                                        0xee5 (size before relaxing)
 .debug_str     0x0000000000002af0      0x6c9 Drivers/STM32F4xx_HAL_Driver/Src/stm32f4xx_hal_spi.o
                                       0x1009 (size before relaxing)
 .debug_str     0x00000000000031b9      0x4be Drivers/STM32F4xx_HAL_Driver/Src/stm32f4xx_ll_fmc.o
                                        0xe5e (size before relaxing)
 .debug_str     0x0000000000003677       0xc1 Src/ltdc.o
                                        0xe33 (size before relaxing)
 .debug_str     0x0000000000003738       0xab Src/main.o
                                       0x1459 (size before relaxing)
 .debug_str     0x00000000000037e3       0x17 Src/sdram.o
                                        0xae1 (size before relaxing)
 .debug_str     0x00000000000037fa       0x5f Src/stm32f4xx_hal_msp.o
                                       0x10d3 (size before relaxing)
 .debug_str     0x0000000000003859       0xa6 Src/stm32f4xx_it.o
                                        0x6ef (size before relaxing)
 .debug_str     0x00000000000038ff       0x45 Src/system_stm32f4xx.o
                                        0x7f6 (size before relaxing)

.comment        0x0000000000000000       0x7c
 .comment       0x0000000000000000       0x7c Drivers/STM32F4xx_HAL_Driver/Src/stm32f4xx_hal.o
                                         0x7d (size before relaxing)
 .comment       0x000000000000007c       0x7d Drivers/STM32F4xx_HAL_Driver/Src/stm32f4xx_hal_cortex.o
 .comment       0x000000000000007c       0x7d Drivers/STM32F4xx_HAL_Driver/Src/stm32f4xx_hal_gpio.o
 .comment       0x000000000000007c       0x7d Drivers/STM32F4xx_HAL_Driver/Src/stm32f4xx_hal_ltdc.o
 .comment       0x000000000000007c       0x7d Drivers/STM32F4xx_HAL_Driver/Src/stm32f4xx_hal_pwr_ex.o
 .comment       0x000000000000007c       0x7d Drivers/STM32F4xx_HAL_Driver/Src/stm32f4xx_hal_rcc.o
 .comment       0x000000000000007c       0x7d Drivers/STM32F4xx_HAL_Driver/Src/stm32f4xx_hal_rcc_ex.o
 .comment       0x000000000000007c       0x7d Drivers/STM32F4xx_HAL_Driver/Src/stm32f4xx_hal_sdram.o
 .comment       0x000000000000007c       0x7d Drivers/STM32F4xx_HAL_Driver/Src/stm32f4xx_hal_spi.o
 .comment       0x000000000000007c       0x7d Drivers/STM32F4xx_HAL_Driver/Src/stm32f4xx_ll_fmc.o
 .comment       0x000000000000007c       0x7d Src/ltdc.o
 .comment       0x000000000000007c       0x7d Src/main.o
 .comment       0x000000000000007c       0x7d Src/sdram.o
 .comment       0x000000000000007c       0x7d Src/stm32f4xx_hal_msp.o
 .comment       0x000000000000007c       0x7d Src/stm32f4xx_it.o
 .comment       0x000000000000007c       0x7d Src/system_stm32f4xx.o

.debug_frame    0x0000000000000000     0x18c4
 .debug_frame   0x0000000000000000      0x1f0 Drivers/STM32F4xx_HAL_Driver/Src/stm32f4xx_hal.o
 .debug_frame   0x00000000000001f0      0x158 Drivers/STM32F4xx_HAL_Driver/Src/stm32f4xx_hal_cortex.o
 .debug_frame   0x0000000000000348       0xd8 Drivers/STM32F4xx_HAL_Driver/Src/stm32f4xx_hal_gpio.o
 .debug_frame   0x0000000000000420      0x39c Drivers/STM32F4xx_HAL_Driver/Src/stm32f4xx_hal_ltdc.o
 .debug_frame   0x00000000000007bc       0xf4 Drivers/STM32F4xx_HAL_Driver/Src/stm32f4xx_hal_pwr_ex.o
 .debug_frame   0x00000000000008b0      0x13c Drivers/STM32F4xx_HAL_Driver/Src/stm32f4xx_hal_rcc.o
 .debug_frame   0x00000000000009ec       0xe8 Drivers/STM32F4xx_HAL_Driver/Src/stm32f4xx_hal_rcc_ex.o
 .debug_frame   0x0000000000000ad4      0x228 Drivers/STM32F4xx_HAL_Driver/Src/stm32f4xx_hal_sdram.o
 .debug_frame   0x0000000000000cfc      0x560 Drivers/STM32F4xx_HAL_Driver/Src/stm32f4xx_hal_spi.o
 .debug_frame   0x000000000000125c      0x25c Drivers/STM32F4xx_HAL_Driver/Src/stm32f4xx_ll_fmc.o
 .debug_frame   0x00000000000014b8      0x10c Src/ltdc.o
 .debug_frame   0x00000000000015c4       0x60 Src/main.o
 .debug_frame   0x0000000000001624       0x38 Src/sdram.o
 .debug_frame   0x000000000000165c       0xe4 Src/stm32f4xx_hal_msp.o
 .debug_frame   0x0000000000001740       0xa0 Src/stm32f4xx_it.o
 .debug_frame   0x00000000000017e0       0x38 Src/system_stm32f4xx.o
 .debug_frame   0x0000000000001818       0x2c /opt/Atollic_TrueSTUDIO_for_STM32_x86_64_9.0.1/ARMTools/bin/../lib/gcc/arm-atollic-eabi/6.3.1/../../../../arm-atollic-eabi/lib/armv7e-m/fpu/libc_nano.a(lib_a-init.o)
 .debug_frame   0x0000000000001844       0x20 /opt/Atollic_TrueSTUDIO_for_STM32_x86_64_9.0.1/ARMTools/bin/../lib/gcc/arm-atollic-eabi/6.3.1/../../../../arm-atollic-eabi/lib/armv7e-m/fpu/libc_nano.a(lib_a-memset.o)
 .debug_frame   0x0000000000001864       0x2c /opt/Atollic_TrueSTUDIO_for_STM32_x86_64_9.0.1/ARMTools/bin/../lib/gcc/arm-atollic-eabi/6.3.1/armv7e-m/fpu/libgcc.a(_aeabi_uldivmod.o)
 .debug_frame   0x0000000000001890       0x34 /opt/Atollic_TrueSTUDIO_for_STM32_x86_64_9.0.1/ARMTools/bin/../lib/gcc/arm-atollic-eabi/6.3.1/armv7e-m/fpu/libgcc.a(_udivmoddi4.o)
