Archive member included to satisfy reference by file (symbol)

../Middlewares/ST/STemWin/Lib//STemWin_CM4_wc32_ot_ARGB.a(GUICC_1616I.o)
                              Src/STemwin_wrapper.o (LCD_API_ColorConv_1616I)
../Middlewares/ST/STemWin/Lib//STemWin_CM4_wc32_ot_ARGB.a(GUICC_822216.o)
                              Src/STemwin_wrapper.o (LCD_API_ColorConv_822216)
../Middlewares/ST/STemWin/Lib//STemWin_CM4_wc32_ot_ARGB.a(GUICC_84444.o)
                              Src/STemwin_wrapper.o (LCD_API_ColorConv_84444)
../Middlewares/ST/STemWin/Lib//STemWin_CM4_wc32_ot_ARGB.a(GUICC_8666.o)
                              Src/STemwin_wrapper.o (LCD_API_ColorConv_8666)
../Middlewares/ST/STemWin/Lib//STemWin_CM4_wc32_ot_ARGB.a(GUICC_8666_1.o)
                              Src/STemwin_wrapper.o (LCD_API_ColorConv_8666_1)
../Middlewares/ST/STemWin/Lib//STemWin_CM4_wc32_ot_ARGB.a(GUICC_88666I.o)
                              Src/STemwin_wrapper.o (LCD_API_ColorConv_88666I)
../Middlewares/ST/STemWin/Lib//STemWin_CM4_wc32_ot_ARGB.a(GUICC_M1555I.o)
                              Src/STemwin_wrapper.o (GUICC_M1555I_SetCustColorConv)
../Middlewares/ST/STemWin/Lib//STemWin_CM4_wc32_ot_ARGB.a(GUICC_M4444I.o)
                              Src/STemwin_wrapper.o (GUICC_M4444I_SetCustColorConv)
../Middlewares/ST/STemWin/Lib//STemWin_CM4_wc32_ot_ARGB.a(GUICC_M8888I.o)
                              Src/STemwin_wrapper.o (GUICC_M8888I_SetCustColorConv)
../Middlewares/ST/STemWin/Lib//STemWin_CM4_wc32_ot_ARGB.a(GUICC_565.o)
                              Src/STemwin_wrapper.o (LCD_API_ColorConv_565)
../Middlewares/ST/STemWin/Lib//STemWin_CM4_wc32_ot_ARGB.a(GUICC_888.o)
                              Src/STemwin_wrapper.o (LCD_API_ColorConv_888)
../Middlewares/ST/STemWin/Lib//STemWin_CM4_wc32_ot_ARGB.a(GUICC_8888.o)
                              Src/STemwin_wrapper.o (LCD_API_ColorConv_8888)
../Middlewares/ST/STemWin/Lib//STemWin_CM4_wc32_ot_ARGB.a(GUICC_8888_Index2Color.o)
                              ../Middlewares/ST/STemWin/Lib//STemWin_CM4_wc32_ot_ARGB.a(GUICC_8888.o) (LCD_Index2Color_8888)
../Middlewares/ST/STemWin/Lib//STemWin_CM4_wc32_ot_ARGB.a(GUICC_888_Index2Color.o)
                              ../Middlewares/ST/STemWin/Lib//STemWin_CM4_wc32_ot_ARGB.a(GUICC_888.o) (LCD_Index2Color_888)
../Middlewares/ST/STemWin/Lib//STemWin_CM4_wc32_ot_ARGB.a(GUICC_M565.o)
                              Src/STemwin_wrapper.o (GUICC_M565_SetCustColorConv)
../Middlewares/ST/STemWin/Lib//STemWin_CM4_wc32_ot_ARGB.a(GUICC_M888.o)
                              Src/STemwin_wrapper.o (GUICC_M888_SetCustColorConv)
../Middlewares/ST/STemWin/Lib//STemWin_CM4_wc32_ot_ARGB.a(GUICC_M8888.o)
                              Src/STemwin_wrapper.o (LCD_API_ColorConv_M8888)
../Middlewares/ST/STemWin/Lib//STemWin_CM4_wc32_ot_ARGB.a(GUICC_M8888I_Index2Color.o)
                              ../Middlewares/ST/STemWin/Lib//STemWin_CM4_wc32_ot_ARGB.a(GUICC_M8888I.o) (LCD_Index2Color_M8888I)
../Middlewares/ST/STemWin/Lib//STemWin_CM4_wc32_ot_ARGB.a(GUICC_M888_Index2Color.o)
                              ../Middlewares/ST/STemWin/Lib//STemWin_CM4_wc32_ot_ARGB.a(GUICC_M888.o) (LCD_Index2Color_M888)
../Middlewares/ST/STemWin/Lib//STemWin_CM4_wc32_ot_ARGB.a(GUI_Alloc.o)
                              Src/GUIConf.o (GUI_ALLOC_AssignMemory)
../Middlewares/ST/STemWin/Lib//STemWin_CM4_wc32_ot_ARGB.a(GUI_Common.o)
                              Src/STemwin_wrapper.o (GUI_GetDrawMode)
../Middlewares/ST/STemWin/Lib//STemWin_CM4_wc32_ot_ARGB.a(GUI_Core.o)
                              ../Middlewares/ST/STemWin/Lib//STemWin_CM4_wc32_ot_ARGB.a(GUI_Common.o) (GUI_pfExecAnimations)
../Middlewares/ST/STemWin/Lib//STemWin_CM4_wc32_ot_ARGB.a(GUI_Device.o)
                              Src/STemwin_wrapper.o (GUI_DEVICE_CreateAndLink)
../Middlewares/ST/STemWin/Lib//STemWin_CM4_wc32_ot_ARGB.a(GUI_DispString.o)
                              ../Middlewares/ST/STemWin/Lib//STemWin_CM4_wc32_ot_ARGB.a(GUI_Common.o) (GUI_DispString)
../Middlewares/ST/STemWin/Lib//STemWin_CM4_wc32_ot_ARGB.a(GUI_DispStringInRectEx.o)
                              ../Middlewares/ST/STemWin/Lib//STemWin_CM4_wc32_ot_ARGB.a(GUI_DispString.o) (GUI_DispStringInRectEx)
../Middlewares/ST/STemWin/Lib//STemWin_CM4_wc32_ot_ARGB.a(GUI_MULTIBUF.o)
                              Src/STemwin_wrapper.o (GUI_MULTIBUF_ConfirmEx)
../Middlewares/ST/STemWin/Lib//STemWin_CM4_wc32_ot_ARGB.a(GUI_OnKey.o)
                              ../Middlewares/ST/STemWin/Lib//STemWin_CM4_wc32_ot_ARGB.a(GUI_Common.o) (GUI_GetKey)
../Middlewares/ST/STemWin/Lib//STemWin_CM4_wc32_ot_ARGB.a(GUI_SelectLayer.o)
                              Src/STemwin_wrapper.o (GUI_GetLayerPosEx)
../Middlewares/ST/STemWin/Lib//STemWin_CM4_wc32_ot_ARGB.a(GUI_Time.o)
                              Src/GUI_App.o (GUI_Delay)
../Middlewares/ST/STemWin/Lib//STemWin_CM4_wc32_ot_ARGB.a(GUI_UC.o)
[...]
Memory Configuration

Name             Origin             Length             Attributes
RAM              0x0000000020000000 0x0000000000030000 xrw
CCMRAM           0x0000000010000000 0x0000000000010000 rw
FLASH            0x0000000008000000 0x0000000000200000 xr
*default*        0x0000000000000000 0xffffffffffffffff

Linker script and memory map

LOAD /opt/Atollic_TrueSTUDIO_for_STM32_x86_64_9.0.1/ARMTools/bin/../lib/gcc/arm-atollic-eabi/6.3.1/armv7e-m/fpu/crti.o
LOAD /opt/Atollic_TrueSTUDIO_for_STM32_x86_64_9.0.1/ARMTools/bin/../lib/gcc/arm-atollic-eabi/6.3.1/armv7e-m/fpu/crtbegin.o
LOAD Drivers/BSP/Components/ili9341/ili9341.o
LOAD Drivers/STM32F4xx_HAL_Driver/Src/stm32f4xx_hal.o
LOAD Drivers/STM32F4xx_HAL_Driver/Src/stm32f4xx_hal_cortex.o
LOAD Drivers/STM32F4xx_HAL_Driver/Src/stm32f4xx_hal_crc.o
LOAD Drivers/STM32F4xx_HAL_Driver/Src/stm32f4xx_hal_dma.o
LOAD Drivers/STM32F4xx_HAL_Driver/Src/stm32f4xx_hal_dma2d.o
LOAD Drivers/STM32F4xx_HAL_Driver/Src/stm32f4xx_hal_dma_ex.o
LOAD Drivers/STM32F4xx_HAL_Driver/Src/stm32f4xx_hal_dsi.o
LOAD Drivers/STM32F4xx_HAL_Driver/Src/stm32f4xx_hal_flash.o
LOAD Drivers/STM32F4xx_HAL_Driver/Src/stm32f4xx_hal_flash_ex.o
LOAD Drivers/STM32F4xx_HAL_Driver/Src/stm32f4xx_hal_flash_ramfunc.o
LOAD Drivers/STM32F4xx_HAL_Driver/Src/stm32f4xx_hal_gpio.o
LOAD Drivers/STM32F4xx_HAL_Driver/Src/stm32f4xx_hal_i2c.o
LOAD Drivers/STM32F4xx_HAL_Driver/Src/stm32f4xx_hal_i2c_ex.o
LOAD Drivers/STM32F4xx_HAL_Driver/Src/stm32f4xx_hal_ltdc.o
LOAD Drivers/STM32F4xx_HAL_Driver/Src/stm32f4xx_hal_ltdc_ex.o
LOAD Drivers/STM32F4xx_HAL_Driver/Src/stm32f4xx_hal_pwr.o
LOAD Drivers/STM32F4xx_HAL_Driver/Src/stm32f4xx_hal_pwr_ex.o
LOAD Drivers/STM32F4xx_HAL_Driver/Src/stm32f4xx_hal_rcc.o
LOAD Drivers/STM32F4xx_HAL_Driver/Src/stm32f4xx_hal_rcc_ex.o
LOAD Drivers/STM32F4xx_HAL_Driver/Src/stm32f4xx_hal_sdram.o
LOAD Drivers/STM32F4xx_HAL_Driver/Src/stm32f4xx_hal_spi.o
LOAD Drivers/STM32F4xx_HAL_Driver/Src/stm32f4xx_hal_tim.o
LOAD Drivers/STM32F4xx_HAL_Driver/Src/stm32f4xx_hal_tim_ex.o
LOAD Drivers/STM32F4xx_HAL_Driver/Src/stm32f4xx_ll_fmc.o
LOAD Middlewares/ST/STemWin/OS/GUI_X.o
LOAD Src/GUIConf.o
LOAD Src/GUI_App.o
LOAD Src/HW_Init.o
LOAD Src/STemwin_wrapper.o
LOAD Src/font12.o
LOAD Src/font16.o
LOAD Src/font20.o
LOAD Src/font24.o
LOAD Src/font8.o
LOAD Src/ltdc.o
LOAD Src/main.o
LOAD Src/sdram.o
LOAD Src/stm32f4xx_hal_msp.o
LOAD Src/stm32f4xx_it.o
LOAD Src/system_stm32f4xx.o
LOAD Src/touch.o
LOAD startup/startup_stm32f429xx.o
LOAD ../Middlewares/ST/STemWin/Lib//STemWin_CM4_wc32_ot_ARGB.a
                0x0000000000000080                malloc_getpagesize_P = 0x80
START GROUP
LOAD /opt/Atollic_TrueSTUDIO_for_STM32_x86_64_9.0.1/ARMTools/bin/../lib/gcc/arm-atollic-eabi/6.3.1/../../../../arm-atollic-eabi/lib/armv7e-m/fpu/libc_nano.a
LOAD /opt/Atollic_TrueSTUDIO_for_STM32_x86_64_9.0.1/ARMTools/bin/../lib/gcc/arm-atollic-eabi/6.3.1/../../../../arm-atollic-eabi/lib/armv7e-m/fpu/libm.a
END GROUP
START GROUP
LOAD /opt/Atollic_TrueSTUDIO_for_STM32_x86_64_9.0.1/ARMTools/bin/../lib/gcc/arm-atollic-eabi/6.3.1/armv7e-m/fpu/libgcc.a
LOAD /opt/Atollic_TrueSTUDIO_for_STM32_x86_64_9.0.1/ARMTools/bin/../lib/gcc/arm-atollic-eabi/6.3.1/../../../../arm-atollic-eabi/lib/armv7e-m/fpu/libc_nano.a
END GROUP
START GROUP
LOAD /opt/Atollic_TrueSTUDIO_for_STM32_x86_64_9.0.1/ARMTools/bin/../lib/gcc/arm-atollic-eabi/6.3.1/armv7e-m/fpu/libgcc.a
LOAD /opt/Atollic_TrueSTUDIO_for_STM32_x86_64_9.0.1/ARMTools/bin/../lib/gcc/arm-atollic-eabi/6.3.1/../../../../arm-atollic-eabi/lib/armv7e-m/fpu/libc_nano.a
LOAD /opt/Atollic_TrueSTUDIO_for_STM32_x86_64_9.0.1/ARMTools/bin/../lib/gcc/arm-atollic-eabi/6.3.1/../../../../arm-atollic-eabi/lib/armv7e-m/fpu/libnosys.a
END GROUP
START GROUP
LOAD /opt/Atollic_TrueSTUDIO_for_STM32_x86_64_9.0.1/ARMTools/bin/../lib/gcc/arm-atollic-eabi/6.3.1/armv7e-m/fpu/libgcc.a
LOAD /opt/Atollic_TrueSTUDIO_for_STM32_x86_64_9.0.1/ARMTools/bin/../lib/gcc/arm-atollic-eabi/6.3.1/../../../../arm-atollic-eabi/lib/armv7e-m/fpu/libc_nano.a
LOAD /opt/Atollic_TrueSTUDIO_for_STM32_x86_64_9.0.1/ARMTools/bin/../lib/gcc/arm-atollic-eabi/6.3.1/../../../../arm-atollic-eabi/lib/armv7e-m/fpu/libnosys.a
END GROUP
LOAD /opt/Atollic_TrueSTUDIO_for_STM32_x86_64_9.0.1/ARMTools/bin/../lib/gcc/arm-atollic-eabi/6.3.1/armv7e-m/fpu/crtend.o
LOAD /opt/Atollic_TrueSTUDIO_for_STM32_x86_64_9.0.1/ARMTools/bin/../lib/gcc/arm-atollic-eabi/6.3.1/armv7e-m/fpu/crtn.o
                0x0000000020030000                _estack = 0x20030000
                0x0000000000002000                _Min_Heap_Size = 0x2000
                0x0000000000004000                _Min_Stack_Size = 0x4000

.isr_vector     0x0000000008000000      0x1ac
                0x0000000008000000                . = ALIGN (0x4)
 *(.isr_vector)
 .isr_vector    0x0000000008000000      0x1ac startup/startup_stm32f429xx.o
                0x0000000008000000                g_pfnVectors
                0x00000000080001ac                . = ALIGN (0x4)

.text           0x00000000080001ac    0x1114c
                0x00000000080001ac                . = ALIGN (0x4)
 *(.text)
 .text          0x00000000080001ac       0x40 /opt/Atollic_TrueSTUDIO_for_STM32_x86_64_9.0.1/ARMTools/bin/../lib/gcc/arm-atollic-eabi/6.3.1/armv7e-m/fpu/crtbegin.o
 .text          0x00000000080001ec       0x30 /opt/Atollic_TrueSTUDIO_for_STM32_x86_64_9.0.1/ARMTools/bin/../lib/gcc/arm-atollic-eabi/6.3.1/armv7e-m/fpu/libgcc.a(_aeabi_uldivmod.o)
                0x00000000080001ec                __aeabi_uldivmod
 .text          0x000000000800021c      0x2dc /opt/Atollic_TrueSTUDIO_for_STM32_x86_64_9.0.1/ARMTools/bin/../lib/gcc/arm-atollic-eabi/6.3.1/armv7e-m/fpu/libgcc.a(_udivmoddi4.o)
                0x000000000800021c                __udivmoddi4
 .text          0x00000000080004f8        0x4 /opt/Atollic_TrueSTUDIO_for_STM32_x86_64_9.0.1/ARMTools/bin/../lib/gcc/arm-atollic-eabi/6.3.1/armv7e-m/fpu/libgcc.a(_dvmd_tls.o)
                0x00000000080004f8                __aeabi_ldiv0
                0x00000000080004f8                __aeabi_idiv0
 *(.text*)
 .text.HAL_Init
                0x00000000080004fc       0x44 Drivers/STM32F4xx_HAL_Driver/Src/stm32f4xx_hal.o
                0x00000000080004fc                HAL_Init
 .text.HAL_InitTick
                0x0000000008000540       0x60 Drivers/STM32F4xx_HAL_Driver/Src/stm32f4xx_hal.o
                0x0000000008000540                HAL_InitTick
 .text.HAL_IncTick
                0x00000000080005a0       0x28 Drivers/STM32F4xx_HAL_Driver/Src/stm32f4xx_hal.o
                0x00000000080005a0                HAL_IncTick
 .text.HAL_GetTick
                0x00000000080005c8       0x18 Drivers/STM32F4xx_HAL_Driver/Src/stm32f4xx_hal.o
                0x00000000080005c8                HAL_GetTick
 .text.HAL_Delay
                0x00000000080005e0       0x44 Drivers/STM32F4xx_HAL_Driver/Src/stm32f4xx_hal.o
                0x00000000080005e0                HAL_Delay
 .text.NVIC_SetPriorityGrouping
                0x0000000008000624       0x48 Drivers/STM32F4xx_HAL_Driver/Src/stm32f4xx_hal_cortex.o
 .text.NVIC_GetPriorityGrouping
                0x000000000800066c       0x1c Drivers/STM32F4xx_HAL_Driver/Src/stm32f4xx_hal_cortex.o
 .text.NVIC_SetPriority
                0x0000000008000688       0x54 Drivers/STM32F4xx_HAL_Driver/Src/stm32f4xx_hal_cortex.o
 .text.NVIC_EncodePriority
                0x00000000080006dc       0x62 Drivers/STM32F4xx_HAL_Driver/Src/stm32f4xx_hal_cortex.o
 *fill*         0x000000000800073e        0x2 
 .text.SysTick_Config
                0x0000000008000740       0x44 Drivers/STM32F4xx_HAL_Driver/Src/stm32f4xx_hal_cortex.o
 .text.HAL_NVIC_SetPriorityGrouping
                0x0000000008000784       0x16 Drivers/STM32F4xx_HAL_Driver/Src/stm32f4xx_hal_cortex.o
                0x0000000008000784                HAL_NVIC_SetPriorityGrouping
 .text.HAL_NVIC_SetPriority
                0x000000000800079a       0x38 Drivers/STM32F4xx_HAL_Driver/Src/stm32f4xx_hal_cortex.o
                0x000000000800079a                HAL_NVIC_SetPriority
 .text.HAL_SYSTICK_Config
                0x00000000080007d2       0x18 Drivers/STM32F4xx_HAL_Driver/Src/stm32f4xx_hal_cortex.o
                0x00000000080007d2                HAL_SYSTICK_Config
 .text.HAL_CRC_Init
                0x00000000080007ea       0x3e Drivers/STM32F4xx_HAL_Driver/Src/stm32f4xx_hal_crc.o
                0x00000000080007ea                HAL_CRC_Init
 .text.HAL_DMA2D_Init
                0x0000000008000828       0x92 Drivers/STM32F4xx_HAL_Driver/Src/stm32f4xx_hal_dma2d.o
                0x0000000008000828                HAL_DMA2D_Init
 .text.HAL_DMA2D_MspInit
                0x00000000080008ba       0x14 Drivers/STM32F4xx_HAL_Driver/Src/stm32f4xx_hal_dma2d.o
                0x00000000080008ba                HAL_DMA2D_MspInit
 .text.HAL_DMA2D_IRQHandler
                0x00000000080008ce      0x1f8 Drivers/STM32F4xx_HAL_Driver/Src/stm32f4xx_hal_dma2d.o
                0x00000000080008ce                HAL_DMA2D_IRQHandler
 .text.HAL_DMA2D_LineEventCallback
                0x0000000008000ac6       0x14 Drivers/STM32F4xx_HAL_Driver/Src/stm32f4xx_hal_dma2d.o
                0x0000000008000ac6                HAL_DMA2D_LineEventCallback
 .text.HAL_DMA2D_CLUTLoadingCpltCallback
                0x0000000008000ada       0x14 Drivers/STM32F4xx_HAL_Driver/Src/stm32f4xx_hal_dma2d.o
                0x0000000008000ada                HAL_DMA2D_CLUTLoadingCpltCallback
 *fill*         0x0000000008000aee        0x2 
 .text.HAL_DMA2D_ConfigLayer
                0x0000000008000af0      0x124 Drivers/STM32F4xx_HAL_Driver/Src/stm32f4xx_hal_dma2d.o
                0x0000000008000af0                HAL_DMA2D_ConfigLayer
 .text.HAL_GPIO_Init
                0x0000000008000c14      0x354 Drivers/STM32F4xx_HAL_Driver/Src/stm32f4xx_hal_gpio.o
                0x0000000008000c14                HAL_GPIO_Init
 .text.HAL_GPIO_WritePin
                0x0000000008000f68       0x32 Drivers/STM32F4xx_HAL_Driver/Src/stm32f4xx_hal_gpio.o
                0x0000000008000f68                HAL_GPIO_WritePin
 *fill*         0x0000000008000f9a        0x2 
 .text.HAL_I2C_Init
                0x0000000008000f9c      0x1c0 Drivers/STM32F4xx_HAL_Driver/Src/stm32f4xx_hal_i2c.o
                0x0000000008000f9c                HAL_I2C_Init
 .text.HAL_I2C_Master_Transmit
                0x000000000800115c      0x21c Drivers/STM32F4xx_HAL_Driver/Src/stm32f4xx_hal_i2c.o
                0x000000000800115c                HAL_I2C_Master_Transmit
 .text.HAL_I2C_Master_Receive
                0x0000000008001378      0x464 Drivers/STM32F4xx_HAL_Driver/Src/stm32f4xx_hal_i2c.o
                0x0000000008001378                HAL_I2C_Master_Receive
 .text.I2C_MasterRequestWrite
                0x00000000080017dc      0x104 Drivers/STM32F4xx_HAL_Driver/Src/stm32f4xx_hal_i2c.o
 .text.I2C_MasterRequestRead
                0x00000000080018e0      0x190 Drivers/STM32F4xx_HAL_Driver/Src/stm32f4xx_hal_i2c.o
 .text.I2C_WaitOnFlagUntilTimeout
                0x0000000008001a70       0xa2 Drivers/STM32F4xx_HAL_Driver/Src/stm32f4xx_hal_i2c.o
 .text.I2C_WaitOnMasterAddressFlagUntilTimeout
                0x0000000008001b12       0xdc Drivers/STM32F4xx_HAL_Driver/Src/stm32f4xx_hal_i2c.o
 .text.I2C_WaitOnTXEFlagUntilTimeout
                0x0000000008001bee       0x7a Drivers/STM32F4xx_HAL_Driver/Src/stm32f4xx_hal_i2c.o
 .text.I2C_WaitOnBTFFlagUntilTimeout
                0x0000000008001c68       0x7a Drivers/STM32F4xx_HAL_Driver/Src/stm32f4xx_hal_i2c.o
 .text.I2C_WaitOnRXNEFlagUntilTimeout
                0x0000000008001ce2       0x94 Drivers/STM32F4xx_HAL_Driver/Src/stm32f4xx_hal_i2c.o
 .text.I2C_IsAcknowledgeFailed
                0x0000000008001d76       0x50 Drivers/STM32F4xx_HAL_Driver/Src/stm32f4xx_hal_i2c.o
 .text.HAL_I2CEx_ConfigAnalogFilter
                0x0000000008001dc6       0x78 Drivers/STM32F4xx_HAL_Driver/Src/stm32f4xx_hal_i2c_ex.o
                0x0000000008001dc6                HAL_I2CEx_ConfigAnalogFilter
 .text.HAL_I2CEx_ConfigDigitalFilter
                0x0000000008001e3e       0x7e Drivers/STM32F4xx_HAL_Driver/Src/stm32f4xx_hal_i2c_ex.o
                0x0000000008001e3e                HAL_I2CEx_ConfigDigitalFilter
 .text.HAL_LTDC_Init
                0x0000000008001ebc      0x1a8 Drivers/STM32F4xx_HAL_Driver/Src/stm32f4xx_hal_ltdc.o
                0x0000000008001ebc                HAL_LTDC_Init
 .text.HAL_LTDC_DeInit
                0x0000000008002064       0x30 Drivers/STM32F4xx_HAL_Driver/Src/stm32f4xx_hal_ltdc.o
                0x0000000008002064                HAL_LTDC_DeInit
 .text.HAL_LTDC_MspInit
                0x0000000008002094       0x14 Drivers/STM32F4xx_HAL_Driver/Src/stm32f4xx_hal_ltdc.o
                0x0000000008002094                HAL_LTDC_MspInit
 .text.HAL_LTDC_MspDeInit
                0x00000000080020a8       0x14 Drivers/STM32F4xx_HAL_Driver/Src/stm32f4xx_hal_ltdc.o
                0x00000000080020a8                HAL_LTDC_MspDeInit
 .text.HAL_LTDC_ConfigLayer
                0x00000000080020bc       0x7c Drivers/STM32F4xx_HAL_Driver/Src/stm32f4xx_hal_ltdc.o
                0x00000000080020bc                HAL_LTDC_ConfigLayer
 .text.HAL_LTDC_ConfigColorKeying
                0x0000000008002138       0x8a Drivers/STM32F4xx_HAL_Driver/Src/stm32f4xx_hal_ltdc.o
                0x0000000008002138                HAL_LTDC_ConfigColorKeying
 .text.HAL_LTDC_ConfigCLUT
                0x00000000080021c2       0xe8 Drivers/STM32F4xx_HAL_Driver/Src/stm32f4xx_hal_ltdc.o
                0x00000000080021c2                HAL_LTDC_ConfigCLUT
 .text.HAL_LTDC_EnableColorKeying
                0x00000000080022aa       0x74 Drivers/STM32F4xx_HAL_Driver/Src/stm32f4xx_hal_ltdc.o
                0x00000000080022aa                HAL_LTDC_EnableColorKeying
 .text.HAL_LTDC_DisableColorKeying
                0x000000000800231e       0x74 Drivers/STM32F4xx_HAL_Driver/Src/stm32f4xx_hal_ltdc.o
                0x000000000800231e                HAL_LTDC_DisableColorKeying
 .text.HAL_LTDC_SetWindowPosition
                0x0000000008002392       0x8c Drivers/STM32F4xx_HAL_Driver/Src/stm32f4xx_hal_ltdc.o
                0x0000000008002392                HAL_LTDC_SetWindowPosition
 .text.HAL_LTDC_SetAlpha
                0x000000000800241e       0x6c Drivers/STM32F4xx_HAL_Driver/Src/stm32f4xx_hal_ltdc.o
                0x000000000800241e                HAL_LTDC_SetAlpha
 .text.HAL_LTDC_SetAddress
                0x000000000800248a       0x6c Drivers/STM32F4xx_HAL_Driver/Src/stm32f4xx_hal_ltdc.o
                0x000000000800248a                HAL_LTDC_SetAddress
 .text.LTDC_SetConfig
                0x00000000080024f6      0x34e Drivers/STM32F4xx_HAL_Driver/Src/stm32f4xx_hal_ltdc.o
 .text.HAL_PWREx_EnableOverDrive
                0x0000000008002844       0xa0 Drivers/STM32F4xx_HAL_Driver/Src/stm32f4xx_hal_pwr_ex.o
                0x0000000008002844                HAL_PWREx_EnableOverDrive
 .text.HAL_RCC_OscConfig
                0x00000000080028e4      0x484 Drivers/STM32F4xx_HAL_Driver/Src/stm32f4xx_hal_rcc.o
                0x00000000080028e4                HAL_RCC_OscConfig
 .text.HAL_RCC_ClockConfig
                0x0000000008002d68      0x1c4 Drivers/STM32F4xx_HAL_Driver/Src/stm32f4xx_hal_rcc.o
                0x0000000008002d68                HAL_RCC_ClockConfig
 .text.HAL_RCC_GetSysClockFreq
                0x0000000008002f2c      0x16c Drivers/STM32F4xx_HAL_Driver/Src/stm32f4xx_hal_rcc.o
                0x0000000008002f2c                HAL_RCC_GetSysClockFreq
 .text.HAL_RCC_GetHCLKFreq
                0x0000000008003098       0x18 Drivers/STM32F4xx_HAL_Driver/Src/stm32f4xx_hal_rcc.o
                0x0000000008003098                HAL_RCC_GetHCLKFreq
 .text.HAL_RCC_GetPCLK1Freq
                0x00000000080030b0       0x28 Drivers/STM32F4xx_HAL_Driver/Src/stm32f4xx_hal_rcc.o
                0x00000000080030b0                HAL_RCC_GetPCLK1Freq
 .text.HAL_RCCEx_PeriphCLKConfig
                0x00000000080030d8      0x348 Drivers/STM32F4xx_HAL_Driver/Src/stm32f4xx_hal_rcc_ex.o
                0x00000000080030d8                HAL_RCCEx_PeriphCLKConfig
 .text.HAL_SDRAM_Init
                0x0000000008003420       0x68 Drivers/STM32F4xx_HAL_Driver/Src/stm32f4xx_hal_sdram.o
                0x0000000008003420                HAL_SDRAM_Init
 .text.HAL_SDRAM_MspInit
                0x0000000008003488       0x14 Drivers/STM32F4xx_HAL_Driver/Src/stm32f4xx_hal_sdram.o
                0x0000000008003488                HAL_SDRAM_MspInit
 .text.HAL_SDRAM_SendCommand
                0x000000000800349c       0x56 Drivers/STM32F4xx_HAL_Driver/Src/stm32f4xx_hal_sdram.o
                0x000000000800349c                HAL_SDRAM_SendCommand
 .text.HAL_SDRAM_ProgramRefreshRate
                0x00000000080034f2       0x40 Drivers/STM32F4xx_HAL_Driver/Src/stm32f4xx_hal_sdram.o
                0x00000000080034f2                HAL_SDRAM_ProgramRefreshRate
 .text.HAL_SPI_Transmit
                0x0000000008003532      0x276 Drivers/STM32F4xx_HAL_Driver/Src/stm32f4xx_hal_spi.o
                0x0000000008003532                HAL_SPI_Transmit
 .text.SPI_WaitFlagStateUntilTimeout
                0x00000000080037a8       0xd2 Drivers/STM32F4xx_HAL_Driver/Src/stm32f4xx_hal_spi.o
 .text.SPI_CheckFlag_BSY
                0x000000000800387a       0x3c Drivers/STM32F4xx_HAL_Driver/Src/stm32f4xx_hal_spi.o
 .text.FMC_SDRAM_Init
                0x00000000080038b6       0xe6 Drivers/STM32F4xx_HAL_Driver/Src/stm32f4xx_ll_fmc.o
                0x00000000080038b6                FMC_SDRAM_Init
 .text.FMC_SDRAM_Timing_Init
                0x000000000800399c       0xfe Drivers/STM32F4xx_HAL_Driver/Src/stm32f4xx_ll_fmc.o
                0x000000000800399c                FMC_SDRAM_Timing_Init
 .text.FMC_SDRAM_SendCommand
                0x0000000008003a9a       0x78 Drivers/STM32F4xx_HAL_Driver/Src/stm32f4xx_ll_fmc.o
                0x0000000008003a9a                FMC_SDRAM_SendCommand
 .text.FMC_SDRAM_ProgramRefreshRate
                0x0000000008003b12       0x26 Drivers/STM32F4xx_HAL_Driver/Src/stm32f4xx_ll_fmc.o
                0x0000000008003b12                FMC_SDRAM_ProgramRefreshRate
 .text.GUI_X_GetTime
                0x0000000008003b38       0x18 Middlewares/ST/STemWin/OS/GUI_X.o
                0x0000000008003b38                GUI_X_GetTime
 .text.GUI_X_Delay
                0x0000000008003b50       0x30 Middlewares/ST/STemWin/OS/GUI_X.o
                0x0000000008003b50                GUI_X_Delay
 .text.GUI_X_Init
                0x0000000008003b80        0xe Middlewares/ST/STemWin/OS/GUI_X.o
                0x0000000008003b80                GUI_X_Init
 *fill*         0x0000000008003b8e        0x2 
 .text.GUI_X_Config
                0x0000000008003b90       0x18 Src/GUIConf.o
                0x0000000008003b90                GUI_X_Config
 .text.GRAPHICS_MainTask
                0x0000000008003ba8       0x58 Src/GUI_App.o
                0x0000000008003ba8                GRAPHICS_MainTask
 .text.MX_LCD_Init
                0x0000000008003c00      0x100 Src/HW_Init.o
                0x0000000008003c00                MX_LCD_Init
 .text.MX_FMC_Init
                0x0000000008003d00       0x90 Src/HW_Init.o
                0x0000000008003d00                MX_FMC_Init
 .text.MX_SDRAM_InitEx
                0x0000000008003d90       0xc0 Src/HW_Init.o
                0x0000000008003d90                MX_SDRAM_InitEx
 .text.MX_DMA2D_Init
                0x0000000008003e50       0x90 Src/HW_Init.o
                0x0000000008003e50                MX_DMA2D_Init
 .text._Color2IndexBulk_M8888I_DMA2D
                0x0000000008003ee0       0x28 Src/STemwin_wrapper.o
 .text._Index2ColorBulk_M8888I_DMA2D
                0x0000000008003f08       0x28 Src/STemwin_wrapper.o
 .text._Color2IndexBulk_M888_DMA2D
                0x0000000008003f30       0x28 Src/STemwin_wrapper.o
 .text._Index2ColorBulk_M888_DMA2D
                0x0000000008003f58       0x28 Src/STemwin_wrapper.o
 .text._Color2IndexBulk_M565_DMA2D
                0x0000000008003f80       0x28 Src/STemwin_wrapper.o
 .text._Index2ColorBulk_M565_DMA2D
                0x0000000008003fa8       0x28 Src/STemwin_wrapper.o
 .text._Color2IndexBulk_M1555I_DMA2D
                0x0000000008003fd0       0x28 Src/STemwin_wrapper.o
 .text._Index2ColorBulk_M1555I_DMA2D
                0x0000000008003ff8       0x28 Src/STemwin_wrapper.o
 .text._Color2IndexBulk_M4444I_DMA2D
                0x0000000008004020       0x28 Src/STemwin_wrapper.o
 .text._Index2ColorBulk_M4444I_DMA2D
                0x0000000008004048       0x28 Src/STemwin_wrapper.o
 .text._DMA_ExecOperation
                0x0000000008004070       0x2c Src/STemwin_wrapper.o
 .text.GetPixelformat
                0x000000000800409c      0x1c0 Src/STemwin_wrapper.o
 .text.TransferComplete
                0x000000000800425c       0x20 Src/STemwin_wrapper.o
 .text.DMA2D_Init
                0x000000000800427c       0x38 Src/STemwin_wrapper.o
                0x000000000800427c                DMA2D_Init
 .text.DMA2D_CopyBuffer
                0x00000000080042b4       0x74 Src/STemwin_wrapper.o
 .text.DMA2D_CopyBufferWithAlpha
                0x0000000008004328       0x90 Src/STemwin_wrapper.o
 .text.DMA2D_FillBuffer
                0x00000000080043b8       0x74 Src/STemwin_wrapper.o
 .text._DMA_ConvertColor
                0x000000000800442c       0x74 Src/STemwin_wrapper.o
 .text._DMA_Index2ColorBulk
                0x00000000080044a0       0x26 Src/STemwin_wrapper.o
 .text._DMA_Color2IndexBulk
                0x00000000080044c6       0x26 Src/STemwin_wrapper.o
 .text.GetBufferSize
                0x00000000080044ec       0x58 Src/STemwin_wrapper.o
 .text.LCD_LL_CopyBuffer
                0x0000000008004544       0xb4 Src/STemwin_wrapper.o
 .text.LCD_LL_CopyRect
                0x00000000080045f8      0x128 Src/STemwin_wrapper.o
 .text.LCD_LL_FillRect
                0x0000000008004720      0x100 Src/STemwin_wrapper.o
 .text.DMA2D_DrawBitmapL8
                0x0000000008004820       0x70 Src/STemwin_wrapper.o
 .text._DMA_DrawAlphaBitmap
                0x0000000008004890       0x8c Src/STemwin_wrapper.o
 .text._LCD_DrawBitmapAlpha
                0x000000000800491c       0xd8 Src/STemwin_wrapper.o
 .text._LCD_DrawMemdevAlpha
                0x00000000080049f4       0x52 Src/STemwin_wrapper.o
 *fill*         0x0000000008004a46        0x2 
 .text.LCD_LL_DrawBitmap16bpp
                0x0000000008004a48       0xd0 Src/STemwin_wrapper.o
                0x0000000008004a48                LCD_LL_DrawBitmap16bpp
 .text.LCD_LL_DrawBitmap32bpp
                0x0000000008004b18       0xd0 Src/STemwin_wrapper.o
 .text.LCD_LL_DrawBitmap8bpp
                0x0000000008004be8       0xd0 Src/STemwin_wrapper.o
 .text.LCD_X_Config
                0x0000000008004cb8      0x1a8 Src/STemwin_wrapper.o
                0x0000000008004cb8                LCD_X_Config
 .text.LCD_X_DisplayDriver
                0x0000000008004e60      0x228 Src/STemwin_wrapper.o
                0x0000000008004e60                LCD_X_DisplayDriver
 .text.GRAPHICS_IncTick
                0x0000000008005088       0x1c Src/STemwin_wrapper.o
                0x0000000008005088                GRAPHICS_IncTick
 .text.GRAPHICS_HW_Init
                0x00000000080050a4       0x1c Src/STemwin_wrapper.o
                0x00000000080050a4                GRAPHICS_HW_Init
 .text.GRAPHICS_Init
                0x00000000080050c0        0xc Src/STemwin_wrapper.o
                0x00000000080050c0                GRAPHICS_Init
 .text.MyLCD_PowerOn
                0x00000000080050cc      0x290 Src/ltdc.o
                0x00000000080050cc                MyLCD_PowerOn
 .text.MyLCD_WriteCommand
                0x000000000800535c       0x54 Src/ltdc.o
                0x000000000800535c                MyLCD_WriteCommand
 .text.MyLCD_WriteData
                0x00000000080053b0       0x54 Src/ltdc.o
                0x00000000080053b0                MyLCD_WriteData
 .text.main     0x0000000008005404       0x46 Src/main.o
                0x0000000008005404                main
 *fill*         0x000000000800544a        0x2 
 .text.SystemClock_Config
                0x000000000800544c      0x114 Src/main.o
                0x000000000800544c                SystemClock_Config
 .text.MX_CRC_Init
                0x0000000008005560       0x28 Src/main.o
 .text.MX_I2C3_Init
                0x0000000008005588       0x80 Src/main.o
 .text.MX_GPIO_Init
                0x0000000008005608      0x15c Src/main.o
 .text.Error_Handler
                0x0000000008005764        0xe Src/main.o
                0x0000000008005764                Error_Handler
 *fill*         0x0000000008005772        0x2 
 .text.HAL_MspInit
                0x0000000008005774       0x50 Src/stm32f4xx_hal_msp.o
                0x0000000008005774                HAL_MspInit
 .text.HAL_CRC_MspInit
                0x00000000080057c4       0x44 Src/stm32f4xx_hal_msp.o
                0x00000000080057c4                HAL_CRC_MspInit
 .text.HAL_I2C_MspInit
                0x0000000008005808       0xd4 Src/stm32f4xx_hal_msp.o
                0x0000000008005808                HAL_I2C_MspInit
 .text.NMI_Handler
                0x00000000080058dc        0xe Src/stm32f4xx_it.o
                0x00000000080058dc                NMI_Handler
 .text.HardFault_Handler
                0x00000000080058ea        0x6 Src/stm32f4xx_it.o
                0x00000000080058ea                HardFault_Handler
 .text.MemManage_Handler
                0x00000000080058f0        0x6 Src/stm32f4xx_it.o
                0x00000000080058f0                MemManage_Handler
 .text.BusFault_Handler
                0x00000000080058f6        0x6 Src/stm32f4xx_it.o
                0x00000000080058f6                BusFault_Handler
 .text.UsageFault_Handler
                0x00000000080058fc        0x6 Src/stm32f4xx_it.o
                0x00000000080058fc                UsageFault_Handler
 .text.SVC_Handler
                0x0000000008005902        0xe Src/stm32f4xx_it.o
                0x0000000008005902                SVC_Handler
 .text.DebugMon_Handler
                0x0000000008005910        0xe Src/stm32f4xx_it.o
                0x0000000008005910                DebugMon_Handler
 .text.PendSV_Handler
                0x000000000800591e        0xe Src/stm32f4xx_it.o
                0x000000000800591e                PendSV_Handler
 .text.SysTick_Handler
                0x000000000800592c       0x10 Src/stm32f4xx_it.o
                0x000000000800592c                SysTick_Handler
 .text.DMA2D_IRQHandler
                0x000000000800593c       0x14 Src/stm32f4xx_it.o
                0x000000000800593c                DMA2D_IRQHandler
 .text.SystemInit
                0x0000000008005950       0x6c Src/system_stm32f4xx.o
                0x0000000008005950                SystemInit
 .text.touchReset
                0x00000000080059bc       0x50 Src/touch.o
 .text.fnctCmd  0x0000000008005a0c       0x8c Src/touch.o
 .text.ioAFConfig
                0x0000000008005a98       0x8c Src/touch.o
 .text.TP_Config
                0x0000000008005b24      0x128 Src/touch.o
                0x0000000008005b24                TP_Config
 .text.Reset_Handler
                0x0000000008005c4c       0x50 startup/startup_stm32f429xx.o
                0x0000000008005c4c                Reset_Handler
 .text.Default_Handler
                0x0000000008005c9c        0x2 startup/startup_stm32f429xx.o
                0x0000000008005c9c                RTC_Alarm_IRQHandler
                0x0000000008005c9c                HASH_RNG_IRQHandler
                0x0000000008005c9c                EXTI2_IRQHandler
                0x0000000008005c9c                TIM8_CC_IRQHandler
                0x0000000008005c9c                UART8_IRQHandler
                0x0000000008005c9c                SPI4_IRQHandler
                0x0000000008005c9c                TIM1_CC_IRQHandler
                0x0000000008005c9c                DMA2_Stream5_IRQHandler
                0x0000000008005c9c                DMA1_Stream5_IRQHandler
                0x0000000008005c9c                PVD_IRQHandler
                0x0000000008005c9c                SDIO_IRQHandler
                0x0000000008005c9c                TAMP_STAMP_IRQHandler
                0x0000000008005c9c                CAN2_RX1_IRQHandler
                0x0000000008005c9c                EXTI3_IRQHandler
                0x0000000008005c9c                TIM8_TRG_COM_TIM14_IRQHandler
                0x0000000008005c9c                TIM1_UP_TIM10_IRQHandler
                0x0000000008005c9c                TIM8_UP_TIM13_IRQHandler
                0x0000000008005c9c                I2C3_ER_IRQHandler
                0x0000000008005c9c                EXTI0_IRQHandler
                0x0000000008005c9c                I2C2_EV_IRQHandler
                0x0000000008005c9c                DMA1_Stream2_IRQHandler
                0x0000000008005c9c                CAN1_RX0_IRQHandler
                0x0000000008005c9c                FPU_IRQHandler
                0x0000000008005c9c                OTG_HS_WKUP_IRQHandler
                0x0000000008005c9c                LTDC_ER_IRQHandler
                0x0000000008005c9c                CAN2_SCE_IRQHandler
                0x0000000008005c9c                DMA2_Stream2_IRQHandler
                0x0000000008005c9c                SPI1_IRQHandler
                0x0000000008005c9c                TIM6_DAC_IRQHandler
                0x0000000008005c9c                TIM1_BRK_TIM9_IRQHandler
                0x0000000008005c9c                DCMI_IRQHandler
                0x0000000008005c9c                CAN2_RX0_IRQHandler
                0x0000000008005c9c                DMA2_Stream3_IRQHandler
                0x0000000008005c9c                USART6_IRQHandler
                0x0000000008005c9c                USART3_IRQHandler
                0x0000000008005c9c                CAN1_RX1_IRQHandler
                0x0000000008005c9c                UART5_IRQHandler
                0x0000000008005c9c                DMA2_Stream0_IRQHandler
                0x0000000008005c9c                TIM4_IRQHandler
                0x0000000008005c9c                I2C1_EV_IRQHandler
                0x0000000008005c9c                DMA1_Stream6_IRQHandler
                0x0000000008005c9c                DMA1_Stream1_IRQHandler
                0x0000000008005c9c                UART4_IRQHandler
                0x0000000008005c9c                TIM3_IRQHandler
                0x0000000008005c9c                RCC_IRQHandler
                0x0000000008005c9c                TIM8_BRK_TIM12_IRQHandler
                0x0000000008005c9c                Default_Handler
                0x0000000008005c9c                EXTI15_10_IRQHandler
                0x0000000008005c9c                ADC_IRQHandler
                0x0000000008005c9c                DMA1_Stream7_IRQHandler
                0x0000000008005c9c                SPI5_IRQHandler
                0x0000000008005c9c                TIM7_IRQHandler
                0x0000000008005c9c                CAN2_TX_IRQHandler
                0x0000000008005c9c                TIM5_IRQHandler
                0x0000000008005c9c                DMA2_Stream7_IRQHandler
                0x0000000008005c9c                I2C3_EV_IRQHandler
                0x0000000008005c9c                EXTI9_5_IRQHandler
                0x0000000008005c9c                RTC_WKUP_IRQHandler
                0x0000000008005c9c                LTDC_IRQHandler
                0x0000000008005c9c                ETH_WKUP_IRQHandler
                0x0000000008005c9c                SPI2_IRQHandler
                0x0000000008005c9c                OTG_HS_EP1_IN_IRQHandler
                0x0000000008005c9c                DMA1_Stream0_IRQHandler
                0x0000000008005c9c                CAN1_TX_IRQHandler
                0x0000000008005c9c                EXTI4_IRQHandler
                0x0000000008005c9c                ETH_IRQHandler
                0x0000000008005c9c                OTG_HS_EP1_OUT_IRQHandler
                0x0000000008005c9c                WWDG_IRQHandler
                0x0000000008005c9c                SPI6_IRQHandler
                0x0000000008005c9c                TIM2_IRQHandler
                0x0000000008005c9c                OTG_FS_WKUP_IRQHandler
                0x0000000008005c9c                TIM1_TRG_COM_TIM11_IRQHandler
                0x0000000008005c9c                OTG_HS_IRQHandler
                0x0000000008005c9c                EXTI1_IRQHandler
                0x0000000008005c9c                UART7_IRQHandler
                0x0000000008005c9c                USART2_IRQHandler
                0x0000000008005c9c                I2C2_ER_IRQHandler
                0x0000000008005c9c                DMA2_Stream1_IRQHandler
                0x0000000008005c9c                CAN1_SCE_IRQHandler
                0x0000000008005c9c                FLASH_IRQHandler
                0x0000000008005c9c                DMA2_Stream4_IRQHandler
                0x0000000008005c9c                USART1_IRQHandler
                0x0000000008005c9c                OTG_FS_IRQHandler
                0x0000000008005c9c                SPI3_IRQHandler
                0x0000000008005c9c                DMA1_Stream4_IRQHandler
                0x0000000008005c9c                I2C1_ER_IRQHandler
                0x0000000008005c9c                FMC_IRQHandler
                0x0000000008005c9c                DMA2_Stream6_IRQHandler
                0x0000000008005c9c                SAI1_IRQHandler
                0x0000000008005c9c                DMA1_Stream3_IRQHandler
 *fill*         0x0000000008005c9e        0x2 
 .text._Color2Index_1616I
                0x0000000008005ca0       0x24 ../Middlewares/ST/STemWin/Lib//STemWin_CM4_wc32_ot_ARGB.a(GUICC_1616I.o)
 .text._Index2Color_1616I
                0x0000000008005cc4       0x20 ../Middlewares/ST/STemWin/Lib//STemWin_CM4_wc32_ot_ARGB.a(GUICC_1616I.o)
 .text._GetIndexMask_1616I
                0x0000000008005ce4        0x4 ../Middlewares/ST/STemWin/Lib//STemWin_CM4_wc32_ot_ARGB.a(GUICC_1616I.o)
 .text._Color2IndexBulk_1616I
                0x0000000008005ce8       0x40 ../Middlewares/ST/STemWin/Lib//STemWin_CM4_wc32_ot_ARGB.a(GUICC_1616I.o)
 .text._Index2ColorBulk_1616I
                0x0000000008005d28       0x4c ../Middlewares/ST/STemWin/Lib//STemWin_CM4_wc32_ot_ARGB.a(GUICC_1616I.o)
 .text._Color2Index_822216
                0x0000000008005d74       0x48 ../Middlewares/ST/STemWin/Lib//STemWin_CM4_wc32_ot_ARGB.a(GUICC_822216.o)
 .text._Index2Color_822216
                0x0000000008005dbc       0x5c ../Middlewares/ST/STemWin/Lib//STemWin_CM4_wc32_ot_ARGB.a(GUICC_822216.o)
 .text._GetIndexMask_822216
                0x0000000008005e18        0x4 ../Middlewares/ST/STemWin/Lib//STemWin_CM4_wc32_ot_ARGB.a(GUICC_822216.o)
 .text._Color2Index_84444
                0x0000000008005e1c       0x38 ../Middlewares/ST/STemWin/Lib//STemWin_CM4_wc32_ot_ARGB.a(GUICC_84444.o)
 .text._GetIndexMask_84444
                0x0000000008005e54        0x4 ../Middlewares/ST/STemWin/Lib//STemWin_CM4_wc32_ot_ARGB.a(GUICC_84444.o)
 .text._Index2Color_84444
                0x0000000008005e58       0x78 ../Middlewares/ST/STemWin/Lib//STemWin_CM4_wc32_ot_ARGB.a(GUICC_84444.o)
 .text.LCD_Color2Index_8666
                0x0000000008005ed0       0x6c ../Middlewares/ST/STemWin/Lib//STemWin_CM4_wc32_ot_ARGB.a(GUICC_8666.o)
                0x0000000008005ed0                LCD_Color2Index_8666
 .text._GetIndexMask_8666
                0x0000000008005f3c        0x4 ../Middlewares/ST/STemWin/Lib//STemWin_CM4_wc32_ot_ARGB.a(GUICC_8666.o)
 .text.LCD_Index2Color_8666
                0x0000000008005f40       0x84 ../Middlewares/ST/STemWin/Lib//STemWin_CM4_wc32_ot_ARGB.a(GUICC_8666.o)
                0x0000000008005f40                LCD_Index2Color_8666
 .text._GetIndexMask_8666_1
                0x0000000008005fc4        0x4 ../Middlewares/ST/STemWin/Lib//STemWin_CM4_wc32_ot_ARGB.a(GUICC_8666_1.o)
 .text._Color2Index_8666_1
                0x0000000008005fc8       0x74 ../Middlewares/ST/STemWin/Lib//STemWin_CM4_wc32_ot_ARGB.a(GUICC_8666_1.o)
 .text._Index2Color_8666_1
                0x000000000800603c       0x84 ../Middlewares/ST/STemWin/Lib//STemWin_CM4_wc32_ot_ARGB.a(GUICC_8666_1.o)
 .text._Color2Index_88666I
                0x00000000080060c0       0x1c ../Middlewares/ST/STemWin/Lib//STemWin_CM4_wc32_ot_ARGB.a(GUICC_88666I.o)
 .text._Index2Color_88666I
                0x00000000080060dc       0x1c ../Middlewares/ST/STemWin/Lib//STemWin_CM4_wc32_ot_ARGB.a(GUICC_88666I.o)
 .text._GetIndexMask_88666I
                0x00000000080060f8        0x8 ../Middlewares/ST/STemWin/Lib//STemWin_CM4_wc32_ot_ARGB.a(GUICC_88666I.o)
 .text._Color2IndexBulk_88666I
                0x0000000008006100       0x38 ../Middlewares/ST/STemWin/Lib//STemWin_CM4_wc32_ot_ARGB.a(GUICC_88666I.o)
 .text._Index2ColorBulk_88666I
                0x0000000008006138       0x44 ../Middlewares/ST/STemWin/Lib//STemWin_CM4_wc32_ot_ARGB.a(GUICC_88666I.o)
 .text._Color2Index_M1555I
                0x000000000800617c       0x2c ../Middlewares/ST/STemWin/Lib//STemWin_CM4_wc32_ot_ARGB.a(GUICC_M1555I.o)
 .text._Index2Color_M1555I
                0x00000000080061a8       0x30 ../Middlewares/ST/STemWin/Lib//STemWin_CM4_wc32_ot_ARGB.a(GUICC_M1555I.o)
 .text._GetIndexMask_M1555I
                0x00000000080061d8        0x8 ../Middlewares/ST/STemWin/Lib//STemWin_CM4_wc32_ot_ARGB.a(GUICC_M1555I.o)
 .text._Color2IndexBulk_M1555I
                0x00000000080061e0       0x58 ../Middlewares/ST/STemWin/Lib//STemWin_CM4_wc32_ot_ARGB.a(GUICC_M1555I.o)
 .text._Index2ColorBulk_M1555I
                0x0000000008006238       0x64 ../Middlewares/ST/STemWin/Lib//STemWin_CM4_wc32_ot_ARGB.a(GUICC_M1555I.o)
 .text.GUICC_M1555I_SetCustColorConv
                0x000000000800629c        0xc ../Middlewares/ST/STemWin/Lib//STemWin_CM4_wc32_ot_ARGB.a(GUICC_M1555I.o)
                0x000000000800629c                GUICC_M1555I_SetCustColorConv
 .text._Color2Index_M4444I
                0x00000000080062a8       0x44 ../Middlewares/ST/STemWin/Lib//STemWin_CM4_wc32_ot_ARGB.a(GUICC_M4444I.o)
 .text._Index2Color_M4444I
                0x00000000080062ec       0x34 ../Middlewares/ST/STemWin/Lib//STemWin_CM4_wc32_ot_ARGB.a(GUICC_M4444I.o)
 .text._GetIndexMask_M4444I
                0x0000000008006320        0x8 ../Middlewares/ST/STemWin/Lib//STemWin_CM4_wc32_ot_ARGB.a(GUICC_M4444I.o)
 .text._Color2IndexBulk_M4444I
                0x0000000008006328       0x70 ../Middlewares/ST/STemWin/Lib//STemWin_CM4_wc32_ot_ARGB.a(GUICC_M4444I.o)
 .text._Index2ColorBulk_M4444I
                0x0000000008006398       0x68 ../Middlewares/ST/STemWin/Lib//STemWin_CM4_wc32_ot_ARGB.a(GUICC_M4444I.o)
 .text.GUICC_M4444I_SetCustColorConv
                0x0000000008006400        0xc ../Middlewares/ST/STemWin/Lib//STemWin_CM4_wc32_ot_ARGB.a(GUICC_M4444I.o)
                0x0000000008006400                GUICC_M4444I_SetCustColorConv
 .text._Color2Index_M8888I
                0x000000000800640c        0x4 ../Middlewares/ST/STemWin/Lib//STemWin_CM4_wc32_ot_ARGB.a(GUICC_M8888I.o)
 .text._GetIndexMask_M8888I
                0x0000000008006410        0x8 ../Middlewares/ST/STemWin/Lib//STemWin_CM4_wc32_ot_ARGB.a(GUICC_M8888I.o)
 .text._Color2IndexBulk_M8888I
                0x0000000008006418       0x14 ../Middlewares/ST/STemWin/Lib//STemWin_CM4_wc32_ot_ARGB.a(GUICC_M8888I.o)
 .text._Index2ColorBulk_M8888I
                0x000000000800642c       0x14 ../Middlewares/ST/STemWin/Lib//STemWin_CM4_wc32_ot_ARGB.a(GUICC_M8888I.o)
 .text.GUICC_M8888I_SetCustColorConv
                0x0000000008006440        0x4 ../Middlewares/ST/STemWin/Lib//STemWin_CM4_wc32_ot_ARGB.a(GUICC_M8888I.o)
                0x0000000008006440                GUICC_M8888I_SetCustColorConv
 .text.LCD_Index2Color_565
                0x0000000008006444       0x30 ../Middlewares/ST/STemWin/Lib//STemWin_CM4_wc32_ot_ARGB.a(GUICC_565.o)
                0x0000000008006444                LCD_Index2Color_565
 .text._Color2Index_565
                0x0000000008006474       0x2c ../Middlewares/ST/STemWin/Lib//STemWin_CM4_wc32_ot_ARGB.a(GUICC_565.o)
 .text._GetIndexMask_565
                0x00000000080064a0        0x8 ../Middlewares/ST/STemWin/Lib//STemWin_CM4_wc32_ot_ARGB.a(GUICC_565.o)
 .text._Color2IndexBulk
                0x00000000080064a8       0x3c ../Middlewares/ST/STemWin/Lib//STemWin_CM4_wc32_ot_ARGB.a(GUICC_565.o)
 .text._Index2ColorBulk
                0x00000000080064e4       0x54 ../Middlewares/ST/STemWin/Lib//STemWin_CM4_wc32_ot_ARGB.a(GUICC_565.o)
 .text._Color2Index_888
                0x0000000008006538       0x14 ../Middlewares/ST/STemWin/Lib//STemWin_CM4_wc32_ot_ARGB.a(GUICC_888.o)
 .text._GetIndexMask_888
                0x000000000800654c        0x8 ../Middlewares/ST/STemWin/Lib//STemWin_CM4_wc32_ot_ARGB.a(GUICC_888.o)
 .text._Color2IndexBulk
                0x0000000008006554       0x24 ../Middlewares/ST/STemWin/Lib//STemWin_CM4_wc32_ot_ARGB.a(GUICC_888.o)
 .text._Index2ColorBulk
                0x0000000008006578       0x28 ../Middlewares/ST/STemWin/Lib//STemWin_CM4_wc32_ot_ARGB.a(GUICC_888.o)
 .text._Color2Index_8888
                0x00000000080065a0       0x1c ../Middlewares/ST/STemWin/Lib//STemWin_CM4_wc32_ot_ARGB.a(GUICC_8888.o)
 .text._GetIndexMask_8888
                0x00000000080065bc        0x8 ../Middlewares/ST/STemWin/Lib//STemWin_CM4_wc32_ot_ARGB.a(GUICC_8888.o)
 .text._Color2IndexBulk
                0x00000000080065c4       0x2c ../Middlewares/ST/STemWin/Lib//STemWin_CM4_wc32_ot_ARGB.a(GUICC_8888.o)
 .text._Index2ColorBulk
                0x00000000080065f0       0x2c ../Middlewares/ST/STemWin/Lib//STemWin_CM4_wc32_ot_ARGB.a(GUICC_8888.o)
 .text.LCD_Index2Color_8888
                0x000000000800661c       0x1c ../Middlewares/ST/STemWin/Lib//STemWin_CM4_wc32_ot_ARGB.a(GUICC_8888_Index2Color.o)
                0x000000000800661c                LCD_Index2Color_8888
 .text.LCD_Index2Color_888
                0x0000000008006638       0x18 ../Middlewares/ST/STemWin/Lib//STemWin_CM4_wc32_ot_ARGB.a(GUICC_888_Index2Color.o)
                0x0000000008006638                LCD_Index2Color_888
 .text.LCD_Index2Color_M565
                0x0000000008006650       0x34 ../Middlewares/ST/STemWin/Lib//STemWin_CM4_wc32_ot_ARGB.a(GUICC_M565.o)
                0x0000000008006650                LCD_Index2Color_M565
 .text._Color2Index_M565
                0x0000000008006684       0x2c ../Middlewares/ST/STemWin/Lib//STemWin_CM4_wc32_ot_ARGB.a(GUICC_M565.o)
 .text._GetIndexMask_M565
                0x00000000080066b0        0x8 ../Middlewares/ST/STemWin/Lib//STemWin_CM4_wc32_ot_ARGB.a(GUICC_M565.o)
 .text._Color2IndexBulk
                0x00000000080066b8       0x58 ../Middlewares/ST/STemWin/Lib//STemWin_CM4_wc32_ot_ARGB.a(GUICC_M565.o)
 .text._Index2ColorBulk
                0x0000000008006710       0x70 ../Middlewares/ST/STemWin/Lib//STemWin_CM4_wc32_ot_ARGB.a(GUICC_M565.o)
 .text.GUICC_M565_SetCustColorConv
                0x0000000008006780        0xc ../Middlewares/ST/STemWin/Lib//STemWin_CM4_wc32_ot_ARGB.a(GUICC_M565.o)
                0x0000000008006780                GUICC_M565_SetCustColorConv
 .text._Color2Index_M888
                0x000000000800678c        0x8 ../Middlewares/ST/STemWin/Lib//STemWin_CM4_wc32_ot_ARGB.a(GUICC_M888.o)
 .text._GetIndexMask_M888
                0x0000000008006794        0x8 ../Middlewares/ST/STemWin/Lib//STemWin_CM4_wc32_ot_ARGB.a(GUICC_M888.o)
 .text._Color2IndexBulk
                0x000000000800679c       0x18 ../Middlewares/ST/STemWin/Lib//STemWin_CM4_wc32_ot_ARGB.a(GUICC_M888.o)
 .text._Index2ColorBulk
                0x00000000080067b4       0x18 ../Middlewares/ST/STemWin/Lib//STemWin_CM4_wc32_ot_ARGB.a(GUICC_M888.o)
 .text.GUICC_M888_SetCustColorConv
                0x00000000080067cc        0x4 ../Middlewares/ST/STemWin/Lib//STemWin_CM4_wc32_ot_ARGB.a(GUICC_M888.o)
                0x00000000080067cc                GUICC_M888_SetCustColorConv
 .text._Color2Index_M8888
                0x00000000080067d0        0x8 ../Middlewares/ST/STemWin/Lib//STemWin_CM4_wc32_ot_ARGB.a(GUICC_M8888.o)
 .text._GetIndexMask_M8888
                0x00000000080067d8        0x8 ../Middlewares/ST/STemWin/Lib//STemWin_CM4_wc32_ot_ARGB.a(GUICC_M8888.o)
 .text._Color2IndexBulk
                0x00000000080067e0       0x18 ../Middlewares/ST/STemWin/Lib//STemWin_CM4_wc32_ot_ARGB.a(GUICC_M8888.o)
 .text._Index2ColorBulk
                0x00000000080067f8       0x18 ../Middlewares/ST/STemWin/Lib//STemWin_CM4_wc32_ot_ARGB.a(GUICC_M8888.o)
 .text._Index2Color_M8888
                0x0000000008006810        0x8 ../Middlewares/ST/STemWin/Lib//STemWin_CM4_wc32_ot_ARGB.a(GUICC_M8888.o)
 .text.LCD_Index2Color_M8888I
                0x0000000008006818        0x4 ../Middlewares/ST/STemWin/Lib//STemWin_CM4_wc32_ot_ARGB.a(GUICC_M8888I_Index2Color.o)
                0x0000000008006818                LCD_Index2Color_M8888I
 .text.LCD_Index2Color_M888
                0x000000000800681c        0x8 ../Middlewares/ST/STemWin/Lib//STemWin_CM4_wc32_ot_ARGB.a(GUICC_M888_Index2Color.o)
                0x000000000800681c                LCD_Index2Color_M888
 .text._AddFreeMemory
                0x0000000008006824      0x35c ../Middlewares/ST/STemWin/Lib//STemWin_CM4_wc32_ot_ARGB.a(GUI_Alloc.o)
 .text._RemoveHoles
                0x0000000008006b80      0x1b0 ../Middlewares/ST/STemWin/Lib//STemWin_CM4_wc32_ot_ARGB.a(GUI_Alloc.o)
 .text._Alloc   0x0000000008006d30      0x374 ../Middlewares/ST/STemWin/Lib//STemWin_CM4_wc32_ot_ARGB.a(GUI_Alloc.o)
 .text._EnlargeBlocks
                0x00000000080070a4       0xd0 ../Middlewares/ST/STemWin/Lib//STemWin_CM4_wc32_ot_ARGB.a(GUI_Alloc.o)
 .text.GUI_ALLOC_FreeFixedBlock
                0x0000000008007174       0x14 ../Middlewares/ST/STemWin/Lib//STemWin_CM4_wc32_ot_ARGB.a(GUI_Alloc.o)
                0x0000000008007174                GUI_ALLOC_FreeFixedBlock
 .text.GUI_ALLOC_GetFixedBlock
                0x0000000008007188      0x230 ../Middlewares/ST/STemWin/Lib//STemWin_CM4_wc32_ot_ARGB.a(GUI_Alloc.o)
                0x0000000008007188                GUI_ALLOC_GetFixedBlock
 .text.GUI_ALLOC_AllocNoInit
                0x00000000080073b8        0x8 ../Middlewares/ST/STemWin/Lib//STemWin_CM4_wc32_ot_ARGB.a(GUI_Alloc.o)
                0x00000000080073b8                GUI_ALLOC_AllocNoInit
 .text.GUI_ALLOC_h2p
                0x00000000080073c0       0x14 ../Middlewares/ST/STemWin/Lib//STemWin_CM4_wc32_ot_ARGB.a(GUI_Alloc.o)
                0x00000000080073c0                GUI_ALLOC_h2p
 .text.GUI_ALLOC_LockH
                0x00000000080073d4       0x24 ../Middlewares/ST/STemWin/Lib//STemWin_CM4_wc32_ot_ARGB.a(GUI_Alloc.o)
                0x00000000080073d4                GUI_ALLOC_LockH
 .text.GUI_ALLOC_UnlockH
                0x00000000080073f8       0x34 ../Middlewares/ST/STemWin/Lib//STemWin_CM4_wc32_ot_ARGB.a(GUI_Alloc.o)
                0x00000000080073f8                GUI_ALLOC_UnlockH
 .text.GUI_ALLOC_RequestSize
                0x000000000800742c      0x160 ../Middlewares/ST/STemWin/Lib//STemWin_CM4_wc32_ot_ARGB.a(GUI_Alloc.o)
                0x000000000800742c                GUI_ALLOC_RequestSize
 .text.GUI_ALLOC_AssignMemory
                0x000000000800758c       0x10 ../Middlewares/ST/STemWin/Lib//STemWin_CM4_wc32_ot_ARGB.a(GUI_Alloc.o)
                0x000000000800758c                GUI_ALLOC_AssignMemory
 .text.GUI_ALLOC_Free
                0x000000000800759c       0x34 ../Middlewares/ST/STemWin/Lib//STemWin_CM4_wc32_ot_ARGB.a(GUI_Alloc.o)
                0x000000000800759c                GUI_ALLOC_Free
 .text.GUI_ALLOC_AllocZero
                0x00000000080075d0       0x70 ../Middlewares/ST/STemWin/Lib//STemWin_CM4_wc32_ot_ARGB.a(GUI_Alloc.o)
                0x00000000080075d0                GUI_ALLOC_AllocZero
 .text.GUI_CalcColorDist
                0x0000000008007640       0x50 ../Middlewares/ST/STemWin/Lib//STemWin_CM4_wc32_ot_ARGB.a(GUI_Common.o)
                0x0000000008007640                GUI_CalcColorDist
 .text.GUI_GetBkColor
                0x0000000008007690       0x10 ../Middlewares/ST/STemWin/Lib//STemWin_CM4_wc32_ot_ARGB.a(GUI_Common.o)
                0x0000000008007690                GUI_GetBkColor
 .text.GUI_GetColor
                0x00000000080076a0       0x10 ../Middlewares/ST/STemWin/Lib//STemWin_CM4_wc32_ot_ARGB.a(GUI_Common.o)
                0x00000000080076a0                GUI_GetColor
 .text.GUI_GetDrawMode
                0x00000000080076b0        0xc ../Middlewares/ST/STemWin/Lib//STemWin_CM4_wc32_ot_ARGB.a(GUI_Common.o)
                0x00000000080076b0                GUI_GetDrawMode
 .text.GUI_GetOrg
                0x00000000080076bc       0x1c ../Middlewares/ST/STemWin/Lib//STemWin_CM4_wc32_ot_ARGB.a(GUI_Common.o)
                0x00000000080076bc                GUI_GetOrg
 .text.GUI_GetVersionString
                0x00000000080076d8       0x18 ../Middlewares/ST/STemWin/Lib//STemWin_CM4_wc32_ot_ARGB.a(GUI_Common.o)
                0x00000000080076d8                GUI_GetVersionString
 .text.GUI_MergeRect
                0x00000000080076f0       0x5c ../Middlewares/ST/STemWin/Lib//STemWin_CM4_wc32_ot_ARGB.a(GUI_Common.o)
                0x00000000080076f0                GUI_MergeRect
 .text.GUI_MoveRect
                0x000000000800774c       0x24 ../Middlewares/ST/STemWin/Lib//STemWin_CM4_wc32_ot_ARGB.a(GUI_Common.o)
                0x000000000800774c                GUI_MoveRect
 .text.GUI_Exec
                0x0000000008007770       0x5c ../Middlewares/ST/STemWin/Lib//STemWin_CM4_wc32_ot_ARGB.a(GUI_Common.o)
                0x0000000008007770                GUI_Exec
 .text.GUI_GotoXY
                0x00000000080077cc       0x10 ../Middlewares/ST/STemWin/Lib//STemWin_CM4_wc32_ot_ARGB.a(GUI_Common.o)
                0x00000000080077cc                GUI_GotoXY
 .text.GUI_RectsIntersect
                0x00000000080077dc       0x3c ../Middlewares/ST/STemWin/Lib//STemWin_CM4_wc32_ot_ARGB.a(GUI_Common.o)
                0x00000000080077dc                GUI_RectsIntersect
 .text.GUI_SaveContext_W
                0x0000000008007818       0x14 ../Middlewares/ST/STemWin/Lib//STemWin_CM4_wc32_ot_ARGB.a(GUI_Common.o)
                0x0000000008007818                GUI_SaveContext_W
 .text.GUI_RestoreContext
                0x000000000800782c       0x14 ../Middlewares/ST/STemWin/Lib//STemWin_CM4_wc32_ot_ARGB.a(GUI_Common.o)
                0x000000000800782c                GUI_RestoreContext
 .text.GUI_SelectLCD
                0x0000000008007840       0x14 ../Middlewares/ST/STemWin/Lib//STemWin_CM4_wc32_ot_ARGB.a(GUI_Common.o)
                0x0000000008007840                GUI_SelectLCD
 .text.GUI_SetBkColor
                0x0000000008007854        0x4 ../Middlewares/ST/STemWin/Lib//STemWin_CM4_wc32_ot_ARGB.a(GUI_Common.o)
                0x0000000008007854                GUI_SetBkColor
 .text.GUI_SetColor
                0x0000000008007858        0x4 ../Middlewares/ST/STemWin/Lib//STemWin_CM4_wc32_ot_ARGB.a(GUI_Common.o)
                0x0000000008007858                GUI_SetColor
 .text.GL_SetDefault
                0x000000000800785c       0x44 ../Middlewares/ST/STemWin/Lib//STemWin_CM4_wc32_ot_ARGB.a(GUI_Common.o)
                0x000000000800785c                GL_SetDefault
 .text.GUI_SetDrawMode
                0x00000000080078a0        0x4 ../Middlewares/ST/STemWin/Lib//STemWin_CM4_wc32_ot_ARGB.a(GUI_Common.o)
                0x00000000080078a0                GUI_SetDrawMode
 .text.GUI_SetFont
                0x00000000080078a4       0x14 ../Middlewares/ST/STemWin/Lib//STemWin_CM4_wc32_ot_ARGB.a(GUI_Common.o)
                0x00000000080078a4                GUI_SetFont
 .text.GUI_SetOrg
                0x00000000080078b8       0x38 ../Middlewares/ST/STemWin/Lib//STemWin_CM4_wc32_ot_ARGB.a(GUI_Common.o)
                0x00000000080078b8                GUI_SetOrg
 .text._InitContext
                0x00000000080078f0       0x80 ../Middlewares/ST/STemWin/Lib//STemWin_CM4_wc32_ot_ARGB.a(GUI_Core.o)
 .text._OnExit  0x0000000008007970       0x44 ../Middlewares/ST/STemWin/Lib//STemWin_CM4_wc32_ot_ARGB.a(GUI_Core.o)
 .text.GUI_Clear
                0x00000000080079b4       0x74 ../Middlewares/ST/STemWin/Lib//STemWin_CM4_wc32_ot_ARGB.a(GUI_Core.o)
                0x00000000080079b4                GUI_Clear
 .text.GUI__Config
                0x0000000008007a28       0x7c ../Middlewares/ST/STemWin/Lib//STemWin_CM4_wc32_ot_ARGB.a(GUI_Core.o)
                0x0000000008007a28                GUI__Config
 .text.GUI_Init
                0x0000000008007aa4       0xf8 ../Middlewares/ST/STemWin/Lib//STemWin_CM4_wc32_ot_ARGB.a(GUI_Core.o)
                0x0000000008007aa4                GUI_Init
 .text.GUI__RegisterExit
                0x0000000008007b9c       0x28 ../Middlewares/ST/STemWin/Lib//STemWin_CM4_wc32_ot_ARGB.a(GUI_Core.o)
                0x0000000008007b9c                GUI__RegisterExit
 .text.GUI_DEVICE__GetpDriver
                0x0000000008007bc4       0x2c ../Middlewares/ST/STemWin/Lib//STemWin_CM4_wc32_ot_ARGB.a(GUI_Device.o)
                0x0000000008007bc4                GUI_DEVICE__GetpDriver
 .text.GUI_DEVICE_Delete
                0x0000000008007bf0        0x4 ../Middlewares/ST/STemWin/Lib//STemWin_CM4_wc32_ot_ARGB.a(GUI_Device.o)
                0x0000000008007bf0                GUI_DEVICE_Delete
 .text.GUI_DEVICE_Create
                0x0000000008007bf4       0x50 ../Middlewares/ST/STemWin/Lib//STemWin_CM4_wc32_ot_ARGB.a(GUI_Device.o)
                0x0000000008007bf4                GUI_DEVICE_Create
 .text.GUI_DEVICE_Unlink
                0x0000000008007c44       0x44 ../Middlewares/ST/STemWin/Lib//STemWin_CM4_wc32_ot_ARGB.a(GUI_Device.o)
                0x0000000008007c44                GUI_DEVICE_Unlink
 .text.GUI_DEVICE_Link
                0x0000000008007c88       0x98 ../Middlewares/ST/STemWin/Lib//STemWin_CM4_wc32_ot_ARGB.a(GUI_Device.o)
                0x0000000008007c88                GUI_DEVICE_Link
 .text.GUI_DEVICE_CreateAndLink
                0x0000000008007d20      0x130 ../Middlewares/ST/STemWin/Lib//STemWin_CM4_wc32_ot_ARGB.a(GUI_Device.o)
                0x0000000008007d20                GUI_DEVICE_CreateAndLink
 .text.GUI_DispString.part.0
                0x0000000008007e50      0x120 ../Middlewares/ST/STemWin/Lib//STemWin_CM4_wc32_ot_ARGB.a(GUI_DispString.o)
 .text.GUI_DispStringAt
                0x0000000008007f70       0x14 ../Middlewares/ST/STemWin/Lib//STemWin_CM4_wc32_ot_ARGB.a(GUI_DispString.o)
                0x0000000008007f70                GUI_DispStringAt
 .text.GUI_StoreKey
                0x0000000008007f84       0x10 ../Middlewares/ST/STemWin/Lib//STemWin_CM4_wc32_ot_ARGB.a(GUI_OnKey.o)
                0x0000000008007f84                GUI_StoreKey
 .text.GUI_PollKeyMsg
                0x0000000008007f94       0x30 ../Middlewares/ST/STemWin/Lib//STemWin_CM4_wc32_ot_ARGB.a(GUI_OnKey.o)
                0x0000000008007f94                GUI_PollKeyMsg
 .text.GUI_GetLayerPosEx
                0x0000000008007fc4       0x14 ../Middlewares/ST/STemWin/Lib//STemWin_CM4_wc32_ot_ARGB.a(GUI_SelectLayer.o)
                0x0000000008007fc4                GUI_GetLayerPosEx
 .text.GUI_SelectLayer
                0x0000000008007fd8       0x34 ../Middlewares/ST/STemWin/Lib//STemWin_CM4_wc32_ot_ARGB.a(GUI_SelectLayer.o)
                0x0000000008007fd8                GUI_SelectLayer
 .text.GUI_Delay
                0x000000000800800c       0x30 ../Middlewares/ST/STemWin/Lib//STemWin_CM4_wc32_ot_ARGB.a(GUI_Time.o)
                0x000000000800800c                GUI_Delay
 .text.GUI_UC__GetCharCodeInc
                0x000000000800803c       0x28 ../Middlewares/ST/STemWin/Lib//STemWin_CM4_wc32_ot_ARGB.a(GUI_UC.o)
                0x000000000800803c                GUI_UC__GetCharCodeInc
 .text.GUI_UC__NumChars2NumBytes
                0x0000000008008064       0x28 ../Middlewares/ST/STemWin/Lib//STemWin_CM4_wc32_ot_ARGB.a(GUI_UC.o)
                0x0000000008008064                GUI_UC__NumChars2NumBytes
 .text._GetCharCode
                0x000000000800808c        0x4 ../Middlewares/ST/STemWin/Lib//STemWin_CM4_wc32_ot_ARGB.a(GUI_UC_EncodeNone.o)
 .text._GetCharSize
                0x0000000008008090        0x4 ../Middlewares/ST/STemWin/Lib//STemWin_CM4_wc32_ot_ARGB.a(GUI_UC_EncodeNone.o)
 .text._CalcSizeOfChar
                0x0000000008008094        0x4 ../Middlewares/ST/STemWin/Lib//STemWin_CM4_wc32_ot_ARGB.a(GUI_UC_EncodeNone.o)
 .text._Encode  0x0000000008008098        0x8 ../Middlewares/ST/STemWin/Lib//STemWin_CM4_wc32_ot_ARGB.a(GUI_UC_EncodeNone.o)
 .text.GUI_SignalEvent
                0x00000000080080a0       0x10 ../Middlewares/ST/STemWin/Lib//STemWin_CM4_wc32_ot_ARGB.a(GUI_WaitEvent.o)
                0x00000000080080a0                GUI_SignalEvent
 .text.GUI__MixColorsBulk
                0x00000000080080b0       0x94 ../Middlewares/ST/STemWin/Lib//STemWin_CM4_wc32_ot_ARGB.a(GUI__Alpha.o)
                0x00000000080080b0                GUI__MixColorsBulk
 .text.GUI__MixColors
                0x0000000008008144       0x58 ../Middlewares/ST/STemWin/Lib//STemWin_CM4_wc32_ot_ARGB.a(GUI__Alpha.o)
                0x0000000008008144                GUI__MixColors
 .text._OnExit  0x000000000800819c       0x28 ../Middlewares/ST/STemWin/Lib//STemWin_CM4_wc32_ot_ARGB.a(GUI__Alpha.o)
 .text.GUI__DoAlphaBlending
                0x00000000080081c4      0x280 ../Middlewares/ST/STemWin/Lib//STemWin_CM4_wc32_ot_ARGB.a(GUI__Alpha.o)
                0x00000000080081c4                GUI__DoAlphaBlending
 .text.GUI__AllocAlphaBuffer
                0x0000000008008444       0x9c ../Middlewares/ST/STemWin/Lib//STemWin_CM4_wc32_ot_ARGB.a(GUI__Alpha.o)
                0x0000000008008444                GUI__AllocAlphaBuffer
 .text.GUI_SetFuncDrawAlpha
                0x00000000080084e0       0x28 ../Middlewares/ST/STemWin/Lib//STemWin_CM4_wc32_ot_ARGB.a(GUI__Alpha.o)
                0x00000000080084e0                GUI_SetFuncDrawAlpha
 .text.GUI__ExpandPixelIndicesEx
                0x0000000008008508      0x198 ../Middlewares/ST/STemWin/Lib//STemWin_CM4_wc32_ot_ARGB.a(GUI__ExpandPixelIndices.o)
                0x0000000008008508                GUI__ExpandPixelIndicesEx
 .text.GUI__IntersectRect
                0x00000000080086a0       0x3c ../Middlewares/ST/STemWin/Lib//STemWin_CM4_wc32_ot_ARGB.a(GUI__Private.o)
                0x00000000080086a0                GUI__IntersectRect
 .text.GUI__IntersectRects
                0x00000000080086dc       0x58 ../Middlewares/ST/STemWin/Lib//STemWin_CM4_wc32_ot_ARGB.a(GUI__Private.o)
                0x00000000080086dc                GUI__IntersectRects
 .text.GUI__memset
                0x0000000008008734       0x84 ../Middlewares/ST/STemWin/Lib//STemWin_CM4_wc32_ot_ARGB.a(GUI__Private.o)
                0x0000000008008734                GUI__memset
 .text._SetBkColor
                0x00000000080087b8       0x38 ../Middlewares/ST/STemWin/Lib//STemWin_CM4_wc32_ot_ARGB.a(LCD.o)
 .text._SetColor
                0x00000000080087f0       0x38 ../Middlewares/ST/STemWin/Lib//STemWin_CM4_wc32_ot_ARGB.a(LCD.o)
 .text._SetDrawMode
                0x0000000008008828       0x30 ../Middlewares/ST/STemWin/Lib//STemWin_CM4_wc32_ot_ARGB.a(LCD.o)
 .text.LCD_SetDrawMode
                0x0000000008008858        0xc ../Middlewares/ST/STemWin/Lib//STemWin_CM4_wc32_ot_ARGB.a(LCD.o)
                0x0000000008008858                LCD_SetDrawMode
 .text.LCD_DrawPixel
                0x0000000008008864       0x6c ../Middlewares/ST/STemWin/Lib//STemWin_CM4_wc32_ot_ARGB.a(LCD.o)
                0x0000000008008864                LCD_DrawPixel
 .text.LCD_DrawHLine
                0x00000000080088d0       0x54 ../Middlewares/ST/STemWin/Lib//STemWin_CM4_wc32_ot_ARGB.a(LCD.o)
                0x00000000080088d0                LCD_DrawHLine
 .text.LCD_FillRect
                0x0000000008008924       0x60 ../Middlewares/ST/STemWin/Lib//STemWin_CM4_wc32_ot_ARGB.a(LCD.o)
                0x0000000008008924                LCD_FillRect
 .text.LCD__DrawBitmap_1bpp
                0x0000000008008984      0x21c ../Middlewares/ST/STemWin/Lib//STemWin_CM4_wc32_ot_ARGB.a(LCD.o)
                0x0000000008008984                LCD__DrawBitmap_1bpp
 .text.LCD_DrawBitmap
                0x0000000008008ba0      0x30c ../Middlewares/ST/STemWin/Lib//STemWin_CM4_wc32_ot_ARGB.a(LCD.o)
                0x0000000008008ba0                LCD_DrawBitmap
 .text.LCD_SetClipRectMax
                0x0000000008008eac       0x1c ../Middlewares/ST/STemWin/Lib//STemWin_CM4_wc32_ot_ARGB.a(LCD.o)
                0x0000000008008eac                LCD_SetClipRectMax
 .text.emWin_LCD_Init
                0x0000000008008ec8      0x110 ../Middlewares/ST/STemWin/Lib//STemWin_CM4_wc32_ot_ARGB.a(LCD.o)
                0x0000000008008ec8                emWin_LCD_Init
 .text.LCD_Color2Index
                0x0000000008008fd8       0x1c ../Middlewares/ST/STemWin/Lib//STemWin_CM4_wc32_ot_ARGB.a(LCD.o)
                0x0000000008008fd8                LCD_Color2Index
 .text.LCD_Index2Color
                0x0000000008008ff4       0x1c ../Middlewares/ST/STemWin/Lib//STemWin_CM4_wc32_ot_ARGB.a(LCD.o)
                0x0000000008008ff4                LCD_Index2Color
 .text.LCD_SetColorIndex
                0x0000000008009010       0x18 ../Middlewares/ST/STemWin/Lib//STemWin_CM4_wc32_ot_ARGB.a(LCD.o)
                0x0000000008009010                LCD_SetColorIndex
 .text.LCD_SetBkColorIndex
                0x0000000008009028       0x18 ../Middlewares/ST/STemWin/Lib//STemWin_CM4_wc32_ot_ARGB.a(LCD.o)
                0x0000000008009028                LCD_SetBkColorIndex
 .text.LCD_SetBkColor
                0x0000000008009040        0xc ../Middlewares/ST/STemWin/Lib//STemWin_CM4_wc32_ot_ARGB.a(LCD.o)
                0x0000000008009040                LCD_SetBkColor
 .text.LCD_SetColor
                0x000000000800904c        0xc ../Middlewares/ST/STemWin/Lib//STemWin_CM4_wc32_ot_ARGB.a(LCD.o)
                0x000000000800904c                LCD_SetColor
 .text._OnExit  0x0000000008009058       0x1c ../Middlewares/ST/STemWin/Lib//STemWin_CM4_wc32_ot_ARGB.a(LCD_Color.o)
 .text.LCD_InitColors
                0x0000000008009074       0x40 ../Middlewares/ST/STemWin/Lib//STemWin_CM4_wc32_ot_ARGB.a(LCD_Color.o)
                0x0000000008009074                LCD_InitColors
 .text.LCD_GetpPalConvTableBM
                0x00000000080090b4       0x74 ../Middlewares/ST/STemWin/Lib//STemWin_CM4_wc32_ot_ARGB.a(LCD_Color.o)
                0x00000000080090b4                LCD_GetpPalConvTableBM
 .text.LCD_InitLUT
                0x0000000008009128       0x80 ../Middlewares/ST/STemWin/Lib//STemWin_CM4_wc32_ot_ARGB.a(LCD_Color.o)
                0x0000000008009128                LCD_InitLUT
 .text.LCD_GetBkColorIndex
                0x00000000080091a8       0x10 ../Middlewares/ST/STemWin/Lib//STemWin_CM4_wc32_ot_ARGB.a(LCD_GetColorIndex.o)
                0x00000000080091a8                LCD_GetBkColorIndex
 .text.LCD_GetColorIndex
                0x00000000080091b8       0x10 ../Middlewares/ST/STemWin/Lib//STemWin_CM4_wc32_ot_ARGB.a(LCD_GetColorIndex.o)
                0x00000000080091b8                LCD_GetColorIndex
 .text.LCD_GetXSizeEx
                0x00000000080091c8       0x20 ../Middlewares/ST/STemWin/Lib//STemWin_CM4_wc32_ot_ARGB.a(LCD_GetEx.o)
                0x00000000080091c8                LCD_GetXSizeEx
 .text.LCD_GetYSizeEx
                0x00000000080091e8       0x20 ../Middlewares/ST/STemWin/Lib//STemWin_CM4_wc32_ot_ARGB.a(LCD_GetEx.o)
                0x00000000080091e8                LCD_GetYSizeEx
 .text.LCD_GetVXSizeEx
                0x0000000008009208       0x20 ../Middlewares/ST/STemWin/Lib//STemWin_CM4_wc32_ot_ARGB.a(LCD_GetEx.o)
                0x0000000008009208                LCD_GetVXSizeEx
 .text.LCD_GetVYSizeEx
                0x0000000008009228       0x20 ../Middlewares/ST/STemWin/Lib//STemWin_CM4_wc32_ot_ARGB.a(LCD_GetEx.o)
                0x0000000008009228                LCD_GetVYSizeEx
 .text.LCD_GetBitsPerPixelEx
                0x0000000008009248       0x20 ../Middlewares/ST/STemWin/Lib//STemWin_CM4_wc32_ot_ARGB.a(LCD_GetEx.o)
                0x0000000008009248                LCD_GetBitsPerPixelEx
 .text.LCD_GetNumColorsEx
                0x0000000008009268       0x20 ../Middlewares/ST/STemWin/Lib//STemWin_CM4_wc32_ot_ARGB.a(LCD_GetEx.o)
                0x0000000008009268                LCD_GetNumColorsEx
 .text.LCD_GetMirrorXEx
                0x0000000008009288       0x20 ../Middlewares/ST/STemWin/Lib//STemWin_CM4_wc32_ot_ARGB.a(LCD_GetEx.o)
                0x0000000008009288                LCD_GetMirrorXEx
 .text.LCD_GetMirrorYEx
                0x00000000080092a8       0x20 ../Middlewares/ST/STemWin/Lib//STemWin_CM4_wc32_ot_ARGB.a(LCD_GetEx.o)
                0x00000000080092a8                LCD_GetMirrorYEx
 .text.LCD_GetSwapXYEx
                0x00000000080092c8       0x20 ../Middlewares/ST/STemWin/Lib//STemWin_CM4_wc32_ot_ARGB.a(LCD_GetEx.o)
                0x00000000080092c8                LCD_GetSwapXYEx
 .text.LCD_GetXSize
                0x00000000080092e8       0x2c ../Middlewares/ST/STemWin/Lib//STemWin_CM4_wc32_ot_ARGB.a(LCD_GetEx.o)
                0x00000000080092e8                LCD_GetXSize
 .text.LCD_GetYSize
                0x0000000008009314       0x2c ../Middlewares/ST/STemWin/Lib//STemWin_CM4_wc32_ot_ARGB.a(LCD_GetEx.o)
                0x0000000008009314                LCD_GetYSize
 .text.LCD_GetNumColors
                0x0000000008009340       0x2c ../Middlewares/ST/STemWin/Lib//STemWin_CM4_wc32_ot_ARGB.a(LCD_GetEx.o)
                0x0000000008009340                LCD_GetNumColors
 .text.GUI_GetBitsPerPixelEx
                0x000000000800936c       0x14 ../Middlewares/ST/STemWin/Lib//STemWin_CM4_wc32_ot_ARGB.a(LCD_GetEx.o)
                0x000000000800936c                GUI_GetBitsPerPixelEx
 .text.LCD_GetPalette
                0x0000000008009380       0x20 ../Middlewares/ST/STemWin/Lib//STemWin_CM4_wc32_ot_ARGB.a(LCD_GetEx.o)
                0x0000000008009380                LCD_GetPalette
 .text.GUI_GetpfIndex2ColorEx
                0x00000000080093a0       0x10 ../Middlewares/ST/STemWin/Lib//STemWin_CM4_wc32_ot_ARGB.a(LCD_GetEx.o)
                0x00000000080093a0                GUI_GetpfIndex2ColorEx
 .text.GUI_GetpfColor2IndexEx
                0x00000000080093b0       0x10 ../Middlewares/ST/STemWin/Lib//STemWin_CM4_wc32_ot_ARGB.a(LCD_GetEx.o)
                0x00000000080093b0                GUI_GetpfColor2IndexEx
 .text.LCD_GetXSizeMax
                0x00000000080093c0       0x34 ../Middlewares/ST/STemWin/Lib//STemWin_CM4_wc32_ot_ARGB.a(LCD_GetEx.o)
                0x00000000080093c0                LCD_GetXSizeMax
 .text.LCD_GetYSizeMax
                0x00000000080093f4       0x34 ../Middlewares/ST/STemWin/Lib//STemWin_CM4_wc32_ot_ARGB.a(LCD_GetEx.o)
                0x00000000080093f4                LCD_GetYSizeMax
 .text.LCD_GetVXSizeMax
                0x0000000008009428       0x34 ../Middlewares/ST/STemWin/Lib//STemWin_CM4_wc32_ot_ARGB.a(LCD_GetEx.o)
                0x0000000008009428                LCD_GetVXSizeMax
 .text.LCD_SetDisplaySize
                0x000000000800945c        0xc ../Middlewares/ST/STemWin/Lib//STemWin_CM4_wc32_ot_ARGB.a(LCD_GetEx.o)
                0x000000000800945c                LCD_SetDisplaySize
 .text.LCD_GetXSizeDisplay
                0x0000000008009468        0xc ../Middlewares/ST/STemWin/Lib//STemWin_CM4_wc32_ot_ARGB.a(LCD_GetEx.o)
                0x0000000008009468                LCD_GetXSizeDisplay
 .text.LCD_GetYSizeDisplay
                0x0000000008009474        0xc ../Middlewares/ST/STemWin/Lib//STemWin_CM4_wc32_ot_ARGB.a(LCD_GetEx.o)
                0x0000000008009474                LCD_GetYSizeDisplay
 .text.LCD__GetBPPDevice
                0x0000000008009480       0x64 ../Middlewares/ST/STemWin/Lib//STemWin_CM4_wc32_ot_ARGB.a(LCD_GetEx.o)
                0x0000000008009480                LCD__GetBPPDevice
 .text.LCD_GetNumLayers
                0x00000000080094e4       0x20 ../Middlewares/ST/STemWin/Lib//STemWin_CM4_wc32_ot_ARGB.a(LCD_GetNumDisplays.o)
                0x00000000080094e4                LCD_GetNumLayers
 .text.LCD_ReadRectEx
                0x0000000008009504      0x1f4 ../Middlewares/ST/STemWin/Lib//STemWin_CM4_wc32_ot_ARGB.a(LCD_ReadRect.o)
 .text.GUI_ReadRectEx
                0x00000000080096f8       0x60 ../Middlewares/ST/STemWin/Lib//STemWin_CM4_wc32_ot_ARGB.a(LCD_ReadRect.o)
                0x00000000080096f8                GUI_ReadRectEx
 .text.LCD_SelectLCD
                0x0000000008009758       0x44 ../Middlewares/ST/STemWin/Lib//STemWin_CM4_wc32_ot_ARGB.a(LCD_SelectLCD.o)
                0x0000000008009758                LCD_SelectLCD
 .text.LCD_GetPosEx
                0x000000000800979c       0x34 ../Middlewares/ST/STemWin/Lib//STemWin_CM4_wc32_ot_ARGB.a(LCD_Set.o)
                0x000000000800979c                LCD_GetPosEx
 .text.LCD_SetDevFunc
                0x00000000080097d0       0x34 ../Middlewares/ST/STemWin/Lib//STemWin_CM4_wc32_ot_ARGB.a(LCD_Set.o)
                0x00000000080097d0                LCD_SetDevFunc
 .text.LCD_SetLUTEntryEx
                0x0000000008009804       0x34 ../Middlewares/ST/STemWin/Lib//STemWin_CM4_wc32_ot_ARGB.a(LCD_Set.o)
                0x0000000008009804                LCD_SetLUTEntryEx
 .text.LCD_SetSizeEx
                0x0000000008009838       0x34 ../Middlewares/ST/STemWin/Lib//STemWin_CM4_wc32_ot_ARGB.a(LCD_Set.o)
                0x0000000008009838                LCD_SetSizeEx
 .text.LCD_SetVRAMAddrEx
                0x000000000800986c       0x30 ../Middlewares/ST/STemWin/Lib//STemWin_CM4_wc32_ot_ARGB.a(LCD_Set.o)
                0x000000000800986c                LCD_SetVRAMAddrEx
 .text.LCD_SetVSizeEx
                0x000000000800989c       0x34 ../Middlewares/ST/STemWin/Lib//STemWin_CM4_wc32_ot_ARGB.a(LCD_Set.o)
                0x000000000800989c                LCD_SetVSizeEx
 .text.LCD_UpdateColorIndices
                0x00000000080098d0       0x24 ../Middlewares/ST/STemWin/Lib//STemWin_CM4_wc32_ot_ARGB.a(LCD_UpdateColorIndices.o)
                0x00000000080098d0                LCD_UpdateColorIndices
 .text._GetRect
                0x00000000080098f4       0x18 ../Middlewares/ST/STemWin/Lib//STemWin_CM4_wc32_ot_ARGB.a(GUIDRV_Lin_24.o)
 .text._SetPixelIndex
                0x000000000800990c       0x90 ../Middlewares/ST/STemWin/Lib//STemWin_CM4_wc32_ot_ARGB.a(GUIDRV_Lin_24.o)
 .text._GetPixelIndex
                0x000000000800999c       0x6c ../Middlewares/ST/STemWin/Lib//STemWin_CM4_wc32_ot_ARGB.a(GUIDRV_Lin_24.o)
 .text._GetDevProp
                0x0000000008009a08       0x3c ../Middlewares/ST/STemWin/Lib//STemWin_CM4_wc32_ot_ARGB.a(GUIDRV_Lin_24.o)
 .text._GetDevData
                0x0000000008009a44       0x10 ../Middlewares/ST/STemWin/Lib//STemWin_CM4_wc32_ot_ARGB.a(GUIDRV_Lin_24.o)
 .text._GetDevFunc
                0x0000000008009a54       0xe0 ../Middlewares/ST/STemWin/Lib//STemWin_CM4_wc32_ot_ARGB.a(GUIDRV_Lin_24.o)
 .text._SetChroma
                0x0000000008009b34       0x18 ../Middlewares/ST/STemWin/Lib//STemWin_CM4_wc32_ot_ARGB.a(GUIDRV_Lin_24.o)
 .text._SetChromaMode
                0x0000000008009b4c       0x18 ../Middlewares/ST/STemWin/Lib//STemWin_CM4_wc32_ot_ARGB.a(GUIDRV_Lin_24.o)
 .text._SetAlphaMode
                0x0000000008009b64       0x18 ../Middlewares/ST/STemWin/Lib//STemWin_CM4_wc32_ot_ARGB.a(GUIDRV_Lin_24.o)
 .text._Off     0x0000000008009b7c        0xc ../Middlewares/ST/STemWin/Lib//STemWin_CM4_wc32_ot_ARGB.a(GUIDRV_Lin_24.o)
 .text._On      0x0000000008009b88        0xc ../Middlewares/ST/STemWin/Lib//STemWin_CM4_wc32_ot_ARGB.a(GUIDRV_Lin_24.o)
 .text._SetOrg  0x0000000008009b94       0xd0 ../Middlewares/ST/STemWin/Lib//STemWin_CM4_wc32_ot_ARGB.a(GUIDRV_Lin_24.o)
 .text._FillRect
                0x0000000008009c64      0x630 ../Middlewares/ST/STemWin/Lib//STemWin_CM4_wc32_ot_ARGB.a(GUIDRV_Lin_24.o)
 .text._DrawHLine
                0x000000000800a294       0x10 ../Middlewares/ST/STemWin/Lib//STemWin_CM4_wc32_ot_ARGB.a(GUIDRV_Lin_24.o)
 .text._DrawVLine
                0x000000000800a2a4       0x14 ../Middlewares/ST/STemWin/Lib//STemWin_CM4_wc32_ot_ARGB.a(GUIDRV_Lin_24.o)
 .text._Init    0x000000000800a2b8       0x30 ../Middlewares/ST/STemWin/Lib//STemWin_CM4_wc32_ot_ARGB.a(GUIDRV_Lin_24.o)
 .text._SetVRAM_BufferPTR
                0x000000000800a2e8       0x2c ../Middlewares/ST/STemWin/Lib//STemWin_CM4_wc32_ot_ARGB.a(GUIDRV_Lin_24.o)
 .text._GetPos  0x000000000800a314       0x30 ../Middlewares/ST/STemWin/Lib//STemWin_CM4_wc32_ot_ARGB.a(GUIDRV_Lin_24.o)
 .text._ShowBuffer
                0x000000000800a344       0x3c ../Middlewares/ST/STemWin/Lib//STemWin_CM4_wc32_ot_ARGB.a(GUIDRV_Lin_24.o)
 .text._SetAlpha
                0x000000000800a380       0x40 ../Middlewares/ST/STemWin/Lib//STemWin_CM4_wc32_ot_ARGB.a(GUIDRV_Lin_24.o)
 .text._SetVis  0x000000000800a3c0       0x40 ../Middlewares/ST/STemWin/Lib//STemWin_CM4_wc32_ot_ARGB.a(GUIDRV_Lin_24.o)
 .text._SetVRAMAddr
                0x000000000800a400       0x40 ../Middlewares/ST/STemWin/Lib//STemWin_CM4_wc32_ot_ARGB.a(GUIDRV_Lin_24.o)
 .text._SetVSize
                0x000000000800a440       0x38 ../Middlewares/ST/STemWin/Lib//STemWin_CM4_wc32_ot_ARGB.a(GUIDRV_Lin_24.o)
 .text._SetDevFunc
                0x000000000800a478       0x6c ../Middlewares/ST/STemWin/Lib//STemWin_CM4_wc32_ot_ARGB.a(GUIDRV_Lin_24.o)
 .text._SetSize
                0x000000000800a4e4       0x5c ../Middlewares/ST/STemWin/Lib//STemWin_CM4_wc32_ot_ARGB.a(GUIDRV_Lin_24.o)
 .text._CopyBuffer
                0x000000000800a540       0x88 ../Middlewares/ST/STemWin/Lib//STemWin_CM4_wc32_ot_ARGB.a(GUIDRV_Lin_24.o)
 .text._DrawBitmap
                0x000000000800a5c8      0xf20 ../Middlewares/ST/STemWin/Lib//STemWin_CM4_wc32_ot_ARGB.a(GUIDRV_Lin_24.o)
 .text._SetPos  0x000000000800b4e8      0x170 ../Middlewares/ST/STemWin/Lib//STemWin_CM4_wc32_ot_ARGB.a(GUIDRV_Lin_24.o)
 .text._XorPixel
                0x000000000800b658       0xec ../Middlewares/ST/STemWin/Lib//STemWin_CM4_wc32_ot_ARGB.a(GUIDRV_Lin_24.o)
 .text._GetDevData
                0x000000000800b744       0x10 ../Middlewares/ST/STemWin/Lib//STemWin_CM4_wc32_ot_ARGB.a(GUIDEV_32.o)
 .text._GetDevFunc
                0x000000000800b754       0x10 ../Middlewares/ST/STemWin/Lib//STemWin_CM4_wc32_ot_ARGB.a(GUIDEV_32.o)
 .text._GetDevProp
                0x000000000800b764        0xc ../Middlewares/ST/STemWin/Lib//STemWin_CM4_wc32_ot_ARGB.a(GUIDEV_32.o)
 .text._SetOrg  0x000000000800b770        0x8 ../Middlewares/ST/STemWin/Lib//STemWin_CM4_wc32_ot_ARGB.a(GUIDEV_32.o)
 .text._GetRect
                0x000000000800b778       0x38 ../Middlewares/ST/STemWin/Lib//STemWin_CM4_wc32_ot_ARGB.a(GUIDEV_32.o)
 .text._DrawBitmap
                0x000000000800b7b0      0x9d4 ../Middlewares/ST/STemWin/Lib//STemWin_CM4_wc32_ot_ARGB.a(GUIDEV_32.o)
 .text._GetPixelIndex
                0x000000000800c184       0x40 ../Middlewares/ST/STemWin/Lib//STemWin_CM4_wc32_ot_ARGB.a(GUIDEV_32.o)
 .text._SetPixelIndex
                0x000000000800c1c4       0x78 ../Middlewares/ST/STemWin/Lib//STemWin_CM4_wc32_ot_ARGB.a(GUIDEV_32.o)
 .text._XorPixel
                0x000000000800c23c       0x84 ../Middlewares/ST/STemWin/Lib//STemWin_CM4_wc32_ot_ARGB.a(GUIDEV_32.o)
 .text._FillRect
                0x000000000800c2c0       0xf0 ../Middlewares/ST/STemWin/Lib//STemWin_CM4_wc32_ot_ARGB.a(GUIDEV_32.o)
 .text._DrawHLine
                0x000000000800c3b0       0x10 ../Middlewares/ST/STemWin/Lib//STemWin_CM4_wc32_ot_ARGB.a(GUIDEV_32.o)
 .text._DrawVLine
                0x000000000800c3c0       0xe0 ../Middlewares/ST/STemWin/Lib//STemWin_CM4_wc32_ot_ARGB.a(GUIDEV_32.o)
 .text.GUI_USAGE_DecUseCnt
                0x000000000800c4a0       0x2c ../Middlewares/ST/STemWin/Lib//STemWin_CM4_wc32_ot_ARGB.a(GUIDEV_Usage.o)
                0x000000000800c4a0                GUI_USAGE_DecUseCnt
 .text.GUI_USAGE_AddRect
                0x000000000800c4cc       0x24 ../Middlewares/ST/STemWin/Lib//STemWin_CM4_wc32_ot_ARGB.a(GUIDEV_Usage.o)
                0x000000000800c4cc                GUI_USAGE_AddRect
 .text._WriteToActiveAlpha
                0x000000000800c4f0      0x188 ../Middlewares/ST/STemWin/Lib//STemWin_CM4_wc32_ot_ARGB.a(GUIDEV_WriteToActiveAlpha.o)
 .text.GUI_MEMDEV__WriteToActiveAlpha
                0x000000000800c678      0x180 ../Middlewares/ST/STemWin/Lib//STemWin_CM4_wc32_ot_ARGB.a(GUIDEV_WriteToActiveAlpha.o)
                0x000000000800c678                GUI_MEMDEV__WriteToActiveAlpha
 .text._OnExit  0x000000000800c7f8       0xa8 ../Middlewares/ST/STemWin/Lib//STemWin_CM4_wc32_ot_ARGB.a(WM.o)
 .text._Findy1  0x000000000800c8a0       0xd0 ../Middlewares/ST/STemWin/Lib//STemWin_CM4_wc32_ot_ARGB.a(WM.o)
 .text._Findx0  0x000000000800c970       0xa8 ../Middlewares/ST/STemWin/Lib//STemWin_CM4_wc32_ot_ARGB.a(WM.o)
 .text._Findx1  0x000000000800ca18       0x90 ../Middlewares/ST/STemWin/Lib//STemWin_CM4_wc32_ot_ARGB.a(WM.o)
 .text._Paint1Trans
                0x000000000800caa8       0xbc ../Middlewares/ST/STemWin/Lib//STemWin_CM4_wc32_ot_ARGB.a(WM.o)
 .text._PaintTransChildren
                0x000000000800cb64       0xd8 ../Middlewares/ST/STemWin/Lib//STemWin_CM4_wc32_ot_ARGB.a(WM.o)
 .text._Findx0.constprop.10
                0x000000000800cc3c       0x8c ../Middlewares/ST/STemWin/Lib//STemWin_CM4_wc32_ot_ARGB.a(WM.o)
 .text._Findy1.constprop.11
                0x000000000800ccc8       0xa8 ../Middlewares/ST/STemWin/Lib//STemWin_CM4_wc32_ot_ARGB.a(WM.o)
 .text.WM__PaintWinAndOverlays
                0x000000000800cd70       0xa0 ../Middlewares/ST/STemWin/Lib//STemWin_CM4_wc32_ot_ARGB.a(WM.o)
 .text._cbPaintMemDev
                0x000000000800ce10       0x70 ../Middlewares/ST/STemWin/Lib//STemWin_CM4_wc32_ot_ARGB.a(WM.o)
 .text._Invalidate1Abs
                0x000000000800ce80       0xec ../Middlewares/ST/STemWin/Lib//STemWin_CM4_wc32_ot_ARGB.a(WM.o)
 .text.WM__ActivateClipRect
                0x000000000800cf6c      0x128 ../Middlewares/ST/STemWin/Lib//STemWin_CM4_wc32_ot_ARGB.a(WM.o)
                0x000000000800cf6c                WM__ActivateClipRect
 .text.WM__InsertWindowIntoList
                0x000000000800d094       0xdc ../Middlewares/ST/STemWin/Lib//STemWin_CM4_wc32_ot_ARGB.a(WM.o)
                0x000000000800d094                WM__InsertWindowIntoList
 .text.WM__InvalidateDrawAndDescs
                0x000000000800d170      0x2a4 ../Middlewares/ST/STemWin/Lib//STemWin_CM4_wc32_ot_ARGB.a(WM.o)
                0x000000000800d170                WM__InvalidateDrawAndDescs
 .text.WM_InvalidateWindowAndDescsEx
                0x000000000800d414      0x364 ../Middlewares/ST/STemWin/Lib//STemWin_CM4_wc32_ot_ARGB.a(WM.o)
                0x000000000800d414                WM_InvalidateWindowAndDescsEx
 .text.WM__InvalidateRect
                0x000000000800d778       0xd0 ../Middlewares/ST/STemWin/Lib//STemWin_CM4_wc32_ot_ARGB.a(WM.o)
                0x000000000800d778                WM__InvalidateRect
 .text.WM_InvalidateRect.part.2
                0x000000000800d848       0xd4 ../Middlewares/ST/STemWin/Lib//STemWin_CM4_wc32_ot_ARGB.a(WM.o)
 .text._cbBackWin
                0x000000000800d91c       0xb0 ../Middlewares/ST/STemWin/Lib//STemWin_CM4_wc32_ot_ARGB.a(WM.o)
 .text.WM_DeleteWindow.part.3
                0x000000000800d9cc      0x228 ../Middlewares/ST/STemWin/Lib//STemWin_CM4_wc32_ot_ARGB.a(WM.o)
 .text._Exec1Input
                0x000000000800dbf4       0x8c ../Middlewares/ST/STemWin/Lib//STemWin_CM4_wc32_ot_ARGB.a(WM.o)
 .text.WM__InvalidateParent
                0x000000000800dc80       0xf0 ../Middlewares/ST/STemWin/Lib//STemWin_CM4_wc32_ot_ARGB.a(WM.o)
                0x000000000800dc80                WM__InvalidateParent
 .text.WM__InvalidateRectEx
                0x000000000800dd70       0xcc ../Middlewares/ST/STemWin/Lib//STemWin_CM4_wc32_ot_ARGB.a(WM.o)
                0x000000000800dd70                WM__InvalidateRectEx
 .text.WM__SendMsgNoData
                0x000000000800de3c       0x18 ../Middlewares/ST/STemWin/Lib//STemWin_CM4_wc32_ot_ARGB.a(WM.o)
                0x000000000800de3c                WM__SendMsgNoData
 .text.WM__GetClientRectWin
                0x000000000800de54       0x1c ../Middlewares/ST/STemWin/Lib//STemWin_CM4_wc32_ot_ARGB.a(WM.o)
                0x000000000800de54                WM__GetClientRectWin
 .text.WM_CreateWindowAsChild
                0x000000000800de70      0x1c8 ../Middlewares/ST/STemWin/Lib//STemWin_CM4_wc32_ot_ARGB.a(WM.o)
                0x000000000800de70                WM_CreateWindowAsChild
 .text.WM__GetNextIVR
                0x000000000800e038      0x24c ../Middlewares/ST/STemWin/Lib//STemWin_CM4_wc32_ot_ARGB.a(WM.o)
                0x000000000800e038                WM__GetNextIVR
 .text.WM__InitIVRSearch
                0x000000000800e284      0x198 ../Middlewares/ST/STemWin/Lib//STemWin_CM4_wc32_ot_ARGB.a(WM.o)
                0x000000000800e284                WM__InitIVRSearch
 .text.WM__Paint1
                0x000000000800e41c       0xb8 ../Middlewares/ST/STemWin/Lib//STemWin_CM4_wc32_ot_ARGB.a(WM.o)
                0x000000000800e41c                WM__Paint1
 .text.WM_Exec  0x000000000800e4d4      0x284 ../Middlewares/ST/STemWin/Lib//STemWin_CM4_wc32_ot_ARGB.a(WM.o)
                0x000000000800e4d4                WM_Exec
 .text.WM_Activate
                0x000000000800e758       0x10 ../Middlewares/ST/STemWin/Lib//STemWin_CM4_wc32_ot_ARGB.a(WM.o)
                0x000000000800e758                WM_Activate
 .text.WM_Deactivate
                0x000000000800e768       0x14 ../Middlewares/ST/STemWin/Lib//STemWin_CM4_wc32_ot_ARGB.a(WM.o)
                0x000000000800e768                WM_Deactivate
 .text.WM_DefaultProc
                0x000000000800e77c       0x60 ../Middlewares/ST/STemWin/Lib//STemWin_CM4_wc32_ot_ARGB.a(WM.o)
                0x000000000800e77c                WM_DefaultProc
 .text.WM_Init  0x000000000800e7dc      0x154 ../Middlewares/ST/STemWin/Lib//STemWin_CM4_wc32_ot_ARGB.a(WM.o)
                0x000000000800e7dc                WM_Init
 .text.WM_ResizeWindow.part.11
                0x000000000800e930       0xf8 ../Middlewares/ST/STemWin/Lib//STemWin_CM4_wc32_ot_ARGB.a(WM_Lib.o)
 .text.WM_GetDesktopWindow
                0x000000000800ea28       0x18 ../Middlewares/ST/STemWin/Lib//STemWin_CM4_wc32_ot_ARGB.a(WM_Lib.o)
                0x000000000800ea28                WM_GetDesktopWindow
 .text.WM_BringToBottom
                0x000000000800ea40       0x8c ../Middlewares/ST/STemWin/Lib//STemWin_CM4_wc32_ot_ARGB.a(WM_Lib.o)
                0x000000000800ea40                WM_BringToBottom
 .text.WM_GetFirstChild
                0x000000000800eacc       0x14 ../Middlewares/ST/STemWin/Lib//STemWin_CM4_wc32_ot_ARGB.a(WM_Lib.o)
                0x000000000800eacc                WM_GetFirstChild
 .text.WM_GetWindowOrgX
                0x000000000800eae0       0x10 ../Middlewares/ST/STemWin/Lib//STemWin_CM4_wc32_ot_ARGB.a(WM_Lib.o)
                0x000000000800eae0                WM_GetWindowOrgX
 .text.WM_GetParent
                0x000000000800eaf0       0x14 ../Middlewares/ST/STemWin/Lib//STemWin_CM4_wc32_ot_ARGB.a(WM_Lib.o)
                0x000000000800eaf0                WM_GetParent
 .text.WM_NotifyParent
                0x000000000800eb04       0x28 ../Middlewares/ST/STemWin/Lib//STemWin_CM4_wc32_ot_ARGB.a(WM_Lib.o)
                0x000000000800eb04                WM_NotifyParent
 .text.WM_OnKey
                0x000000000800eb2c       0x3c ../Middlewares/ST/STemWin/Lib//STemWin_CM4_wc32_ot_ARGB.a(WM_Lib.o)
                0x000000000800eb2c                WM_OnKey
 .text.WM_ResizeWindow
                0x000000000800eb68       0x18 ../Middlewares/ST/STemWin/Lib//STemWin_CM4_wc32_ot_ARGB.a(WM_Lib.o)
                0x000000000800eb68                WM_ResizeWindow
 .text.WM_SendMessageNoPara
                0x000000000800eb80        0x4 ../Middlewares/ST/STemWin/Lib//STemWin_CM4_wc32_ot_ARGB.a(WM_Lib.o)
                0x000000000800eb80                WM_SendMessageNoPara
 .text.WM_SendToParent
                0x000000000800eb84       0x24 ../Middlewares/ST/STemWin/Lib//STemWin_CM4_wc32_ot_ARGB.a(WM_Lib.o)
                0x000000000800eb84                WM_SendToParent
 .text.WM_SetSize
                0x000000000800eba8       0x58 ../Middlewares/ST/STemWin/Lib//STemWin_CM4_wc32_ot_ARGB.a(WM_Lib.o)
                0x000000000800eba8                WM_SetSize
 .text._MoveDescendents
                0x000000000800ec00      0x24c ../Middlewares/ST/STemWin/Lib//STemWin_CM4_wc32_ot_ARGB.a(WM_Move.o)
 .text.WM_MoveWindow
                0x000000000800ee4c       0xa8 ../Middlewares/ST/STemWin/Lib//STemWin_CM4_wc32_ot_ARGB.a(WM_Move.o)
                0x000000000800ee4c                WM_MoveWindow
 .text.WM__DeleteAssocTimer
                0x000000000800eef4       0x6c ../Middlewares/ST/STemWin/Lib//STemWin_CM4_wc32_ot_ARGB.a(WM_Timer.o)
                0x000000000800eef4                WM__DeleteAssocTimer
 .text.WM__GetPrevSibling
                0x000000000800ef60       0x38 ../Middlewares/ST/STemWin/Lib//STemWin_CM4_wc32_ot_ARGB.a(WM__Private.o)
                0x000000000800ef60                WM__GetPrevSibling
 .text.WM__SendMessage
                0x000000000800ef98       0x3c ../Middlewares/ST/STemWin/Lib//STemWin_CM4_wc32_ot_ARGB.a(WM__Private.o)
                0x000000000800ef98                WM__SendMessage
 .text.WM__SendMessageNoPara
                0x000000000800efd4       0x28 ../Middlewares/ST/STemWin/Lib//STemWin_CM4_wc32_ot_ARGB.a(WM__Private.o)
                0x000000000800efd4                WM__SendMessageNoPara
 .text.WM__UpdateChildPositions
                0x000000000800effc      0x100 ../Middlewares/ST/STemWin/Lib//STemWin_CM4_wc32_ot_ARGB.a(WM__Private.o)
                0x000000000800effc                WM__UpdateChildPositions
 .text.WM__AddCriticalHandle
                0x000000000800f0fc       0x10 ../Middlewares/ST/STemWin/Lib//STemWin_CM4_wc32_ot_ARGB.a(WM__Private.o)
                0x000000000800f0fc                WM__AddCriticalHandle
 .text.WM__GetClientRectEx
                0x000000000800f10c       0x28 ../Middlewares/ST/STemWin/Lib//STemWin_CM4_wc32_ot_ARGB.a(WM__Private.o)
                0x000000000800f10c                WM__GetClientRectEx
 .text._Color2Index_16
                0x000000000800f134       0x6c ../Middlewares/ST/STemWin/Lib//STemWin_CM4_wc32_ot_ARGB.a(GUICC_16.o)
 .text._Index2Color_16
                0x000000000800f1a0       0x40 ../Middlewares/ST/STemWin/Lib//STemWin_CM4_wc32_ot_ARGB.a(GUICC_16.o)
 .text._GetIndexMask_16
                0x000000000800f1e0        0x4 ../Middlewares/ST/STemWin/Lib//STemWin_CM4_wc32_ot_ARGB.a(GUICC_16.o)
 .text._GetIndexMask_0
                0x000000000800f1e4       0x4c ../Middlewares/ST/STemWin/Lib//STemWin_CM4_wc32_ot_ARGB.a(GUICC_0.o)
 .text._Index2Color_0
                0x000000000800f230       0x20 ../Middlewares/ST/STemWin/Lib//STemWin_CM4_wc32_ot_ARGB.a(GUICC_0.o)
 .text._Color2Index_0
                0x000000000800f250       0x58 ../Middlewares/ST/STemWin/Lib//STemWin_CM4_wc32_ot_ARGB.a(GUICC_0.o)
 .text.GUI_GetYAdjust
                0x000000000800f2a8       0x30 ../Middlewares/ST/STemWin/Lib//STemWin_CM4_wc32_ot_ARGB.a(GUI_Char.o)
                0x000000000800f2a8                GUI_GetYAdjust
 .text.GUI_GetFontDistY
                0x000000000800f2d8       0x10 ../Middlewares/ST/STemWin/Lib//STemWin_CM4_wc32_ot_ARGB.a(GUI_Char.o)
                0x000000000800f2d8                GUI_GetFontDistY
 .text.GUI_GetCharDistX
                0x000000000800f2e8       0x10 ../Middlewares/ST/STemWin/Lib//STemWin_CM4_wc32_ot_ARGB.a(GUI_Char.o)
                0x000000000800f2e8                GUI_GetCharDistX
 .text.GUI_GetCharDistXEx
                0x000000000800f2f8       0x10 ../Middlewares/ST/STemWin/Lib//STemWin_CM4_wc32_ot_ARGB.a(GUI_Char.o)
                0x000000000800f2f8                GUI_GetCharDistXEx
 .text._Log2VisBuffered
                0x000000000800f308        0x4 ../Middlewares/ST/STemWin/Lib//STemWin_CM4_wc32_ot_ARGB.a(GUI_CharLine.o)
 .text._DispLine
                0x000000000800f30c       0x9c ../Middlewares/ST/STemWin/Lib//STemWin_CM4_wc32_ot_ARGB.a(GUI_CharLine.o)
 .text.GUI__GetLineNumChars
                0x000000000800f3a8       0x54 ../Middlewares/ST/STemWin/Lib//STemWin_CM4_wc32_ot_ARGB.a(GUI_CharLine.o)
                0x000000000800f3a8                GUI__GetLineNumChars
 .text.GUI__GetLineDistX
                0x000000000800f3fc       0x84 ../Middlewares/ST/STemWin/Lib//STemWin_CM4_wc32_ot_ARGB.a(GUI_CharLine.o)
                0x000000000800f3fc                GUI__GetLineDistX
 .text.GUI__DispLine
                0x000000000800f480       0xb4 ../Middlewares/ST/STemWin/Lib//STemWin_CM4_wc32_ot_ARGB.a(GUI_CharLine.o)
                0x000000000800f480                GUI__DispLine
 .text.GUIMONO_DispChar
                0x000000000800f534      0x148 ../Middlewares/ST/STemWin/Lib//STemWin_CM4_wc32_ot_ARGB.a(GUI_CharM.o)
                0x000000000800f534                GUIMONO_DispChar
 .text.GUIMONO_GetCharDistX
                0x000000000800f67c       0x18 ../Middlewares/ST/STemWin/Lib//STemWin_CM4_wc32_ot_ARGB.a(GUI_CharM.o)
                0x000000000800f67c                GUIMONO_GetCharDistX
 .text.GUIMONO_GetFontInfo
                0x000000000800f694        0x8 ../Middlewares/ST/STemWin/Lib//STemWin_CM4_wc32_ot_ARGB.a(GUI_CharM.o)
                0x000000000800f694                GUIMONO_GetFontInfo
 .text.GUIMONO_IsInFont
                0x000000000800f69c       0x38 ../Middlewares/ST/STemWin/Lib//STemWin_CM4_wc32_ot_ARGB.a(GUI_CharM.o)
                0x000000000800f69c                GUIMONO_IsInFont
 .text.GUIPROP_DispChar
                0x000000000800f6d4      0x104 ../Middlewares/ST/STemWin/Lib//STemWin_CM4_wc32_ot_ARGB.a(GUI_CharP.o)
                0x000000000800f6d4                GUIPROP_DispChar
 .text.GUIPROP_GetCharDistX
                0x000000000800f7d8       0x4c ../Middlewares/ST/STemWin/Lib//STemWin_CM4_wc32_ot_ARGB.a(GUI_CharP.o)
                0x000000000800f7d8                GUIPROP_GetCharDistX
 .text.GUIPROP_GetFontInfo
                0x000000000800f824        0x8 ../Middlewares/ST/STemWin/Lib//STemWin_CM4_wc32_ot_ARGB.a(GUI_CharP.o)
                0x000000000800f824                GUIPROP_GetFontInfo
 .text.GUIPROP_IsInFont
                0x000000000800f82c       0x1c ../Middlewares/ST/STemWin/Lib//STemWin_CM4_wc32_ot_ARGB.a(GUI_CharP.o)
                0x000000000800f82c                GUIPROP_IsInFont
 .text.GUI_TIMER__GetFirstTimer
                0x000000000800f848       0x30 ../Middlewares/ST/STemWin/Lib//STemWin_CM4_wc32_ot_ARGB.a(GUI_Timer.o)
                0x000000000800f848                GUI_TIMER__GetFirstTimer
 .text.GUI_TIMER__GetNextTimerLin
                0x000000000800f878       0x40 ../Middlewares/ST/STemWin/Lib//STemWin_CM4_wc32_ot_ARGB.a(GUI_Timer.o)
                0x000000000800f878                GUI_TIMER__GetNextTimerLin
 .text.GUI_TIMER_Delete
                0x000000000800f8b8       0xc4 ../Middlewares/ST/STemWin/Lib//STemWin_CM4_wc32_ot_ARGB.a(GUI_Timer.o)
                0x000000000800f8b8                GUI_TIMER_Delete
 .text.GUI_TIMER_GetFlag
                0x000000000800f97c       0x30 ../Middlewares/ST/STemWin/Lib//STemWin_CM4_wc32_ot_ARGB.a(GUI_Timer.o)
                0x000000000800f97c                GUI_TIMER_GetFlag
 .text.GUI__CompactPixelIndices
                0x000000000800f9ac      0x190 ../Middlewares/ST/STemWin/Lib//STemWin_CM4_wc32_ot_ARGB.a(GUI__CompactPixelIndices.o)
                0x000000000800f9ac                GUI__CompactPixelIndices
 .text.GUI__CompactPixelIndicesEx
                0x000000000800fb3c      0x18c ../Middlewares/ST/STemWin/Lib//STemWin_CM4_wc32_ot_ARGB.a(GUI__CompactPixelIndices.o)
                0x000000000800fb3c                GUI__CompactPixelIndicesEx
 .text.GUI__ManageCache
                0x000000000800fcc8       0xf4 ../Middlewares/ST/STemWin/Lib//STemWin_CM4_wc32_ot_ARGB.a(GUI__ManageCache.o)
                0x000000000800fcc8                GUI__ManageCache
 .text.LCD_AA_MixColors16
                0x000000000800fdbc       0x48 ../Middlewares/ST/STemWin/Lib//STemWin_CM4_wc32_ot_ARGB.a(LCD_AA.o)
                0x000000000800fdbc                LCD_AA_MixColors16
 .text.LCD_AA_SetOrMask
                0x000000000800fe04       0x10 ../Middlewares/ST/STemWin/Lib//STemWin_CM4_wc32_ot_ARGB.a(LCD_AA.o)
                0x000000000800fe04                LCD_AA_SetOrMask
 .text.LCD_SetClipRectEx
                0x000000000800fe14       0x34 ../Middlewares/ST/STemWin/Lib//STemWin_CM4_wc32_ot_ARGB.a(LCD_SetClipRectEx.o)
                0x000000000800fe14                LCD_SetClipRectEx
 .text.GUI_MEMDEV_CopyToLCDAt.part.0
                0x000000000800fe48       0xf8 ../Middlewares/ST/STemWin/Lib//STemWin_CM4_wc32_ot_ARGB.a(GUIDEV.o)
 .text.GUI_MEMDEV__WriteToActiveAt
                0x000000000800ff40       0x3c ../Middlewares/ST/STemWin/Lib//STemWin_CM4_wc32_ot_ARGB.a(GUIDEV.o)
                0x000000000800ff40                GUI_MEMDEV__WriteToActiveAt
 .text.GUI_MEMDEV__CreateFixed
                0x000000000800ff7c      0x138 ../Middlewares/ST/STemWin/Lib//STemWin_CM4_wc32_ot_ARGB.a(GUIDEV.o)
                0x000000000800ff7c                GUI_MEMDEV__CreateFixed
 .text.GUI_MEMDEV_GetBitsPerPixel
                0x00000000080100b4       0x34 ../Middlewares/ST/STemWin/Lib//STemWin_CM4_wc32_ot_ARGB.a(GUIDEV.o)
                0x00000000080100b4                GUI_MEMDEV_GetBitsPerPixel
 .text.GUI_MEMDEV_Delete
                0x00000000080100e8       0x4c ../Middlewares/ST/STemWin/Lib//STemWin_CM4_wc32_ot_ARGB.a(GUIDEV.o)
                0x00000000080100e8                GUI_MEMDEV_Delete
 .text.GUI_MEMDEV_CreateEx
                0x0000000008010134       0x88 ../Middlewares/ST/STemWin/Lib//STemWin_CM4_wc32_ot_ARGB.a(GUIDEV.o)
                0x0000000008010134                GUI_MEMDEV_CreateEx
 .text.GUI_MEMDEV_Select
                0x00000000080101bc       0x54 ../Middlewares/ST/STemWin/Lib//STemWin_CM4_wc32_ot_ARGB.a(GUIDEV.o)
                0x00000000080101bc                GUI_MEMDEV_Select
 .text.GUI_MEMDEV_CopyToLCD
                0x0000000008010210       0x10 ../Middlewares/ST/STemWin/Lib//STemWin_CM4_wc32_ot_ARGB.a(GUIDEV.o)
                0x0000000008010210                GUI_MEMDEV_CopyToLCD
 .text.GUI_MEMDEV_Draw
                0x0000000008010220      0x168 ../Middlewares/ST/STemWin/Lib//STemWin_CM4_wc32_ot_ARGB.a(GUIDEV_Banding.o)