Archive member included to satisfy reference by file (symbol)

../GUI/Lib//STemWin532_CM4_GCC.a(F6x8.o)
                              Src/GUIConf.o (GUI_Font6x8)
../GUI/Lib//STemWin532_CM4_GCC.a(GUIDRV_Lin_32.o)
                              Src/LCDConf.o (GUIDRV_Lin_32_API)
../GUI/Lib//STemWin532_CM4_GCC.a(LCD_Set.o)
                              Src/LCDConf.o (LCD_SetVRAMAddrEx)
../GUI/Lib//STemWin532_CM4_GCC.a(LCD_Mirror.o)
                              ../GUI/Lib//STemWin532_CM4_GCC.a(GUIDRV_Lin_32.o) (LCD_aMirror)
../GUI/Lib//STemWin532_CM4_GCC.a(LCD_GetEx.o)
                              Src/LCDConf.o (LCD_GetBitsPerPixelEx)
../GUI/Lib//STemWin532_CM4_GCC.a(LCD_Color.o)
                              Src/LCDConf.o (LCD_GetpPalConvTable)
../GUI/Lib//STemWin532_CM4_GCC.a(LCD.o)
                              Src/LCDConf.o (LCD_FillRect)
../GUI/Lib//STemWin532_CM4_GCC.a(GUI__memset.o)
                              ../GUI/Lib//STemWin532_CM4_GCC.a(GUIDRV_Lin_32.o) (GUI__memset)
../GUI/Lib//STemWin532_CM4_GCC.a(GUI__Alpha.o)
                              Src/LCDConf.o (GUI_SetFuncAlphaBlending)
../GUI/Lib//STemWin532_CM4_GCC.a(GUI_Time.o)
                              Src/graphics.o (GUI_Delay)
../GUI/Lib//STemWin532_CM4_GCC.a(GUI_SelectLayer.o)
                              Src/LCDConf.o (GUI_GetLayerPosEx)
../GUI/Lib//STemWin532_CM4_GCC.a(GUI_SelectLCD.o)
                              ../GUI/Lib//STemWin532_CM4_GCC.a(GUI_SelectLayer.o) (GUI_SelectLCD)
../GUI/Lib//STemWin532_CM4_GCC.a(GUI_MULTIBUF.o)
                              Src/LCDConf.o (GUI_MULTIBUF_ConfirmEx)
../GUI/Lib//STemWin532_CM4_GCC.a(GUI_GetDrawMode.o)
                              Src/LCDConf.o (GUI_GetDrawMode)
../GUI/Lib//STemWin532_CM4_GCC.a(GUI_Exec.o)
                              ../GUI/Lib//STemWin532_CM4_GCC.a(GUI_Time.o) (GUI_Exec)
../GUI/Lib//STemWin532_CM4_GCC.a(GUI_DrawBitmap_A16.o)
                              Src/funnyCat.o (GUI_BitmapMethodsA565)
../GUI/Lib//STemWin532_CM4_GCC.a(GUI_DrawBitmap.o)
                              Src/graphics.o (GUI_DrawBitmap)
../GUI/Lib//STemWin532_CM4_GCC.a(GUI_Device.o)
                              ../GUI/Lib//STemWin532_CM4_GCC.a(LCD_Set.o) (GUI_DEVICE__GetpDriver)
../GUI/Lib//STemWin532_CM4_GCC.a(GUI_Core.o)
                              ../GUI/Lib//STemWin532_CM4_GCC.a(LCD_GetEx.o) (GUI__apDevice)
../GUI/Lib//STemWin532_CM4_GCC.a(GUI_CharM.o)
                              ../GUI/Lib//STemWin532_CM4_GCC.a(F6x8.o) (GUIMONO_DispChar)
../GUI/Lib//STemWin532_CM4_GCC.a(GUI_Alloc.o)
                              ../GUI/Lib//STemWin532_CM4_GCC.a(LCD_Color.o) (GUI_ALLOC_FreeFixedBlock)
../GUI/Lib//STemWin532_CM4_GCC.a(GUICC_M888.o)
                              Src/LCDConf.o (GUICC_M888_SetCustColorConv)
../GUI/Lib//STemWin532_CM4_GCC.a(GUICC_M565.o)
                              ../GUI/Lib//STemWin532_CM4_GCC.a(GUI_DrawBitmap_A16.o) (LCD_Index2Color_M565)
../GUI/Lib//STemWin532_CM4_GCC.a(GUICC_M555_Index2Color.o)
                              ../GUI/Lib//STemWin532_CM4_GCC.a(GUI_DrawBitmap_A16.o) (LCD_Index2Color_M555)
../GUI/Lib//STemWin532_CM4_GCC.a(GUICC_888_Index2Color.o)
                              ../GUI/Lib//STemWin532_CM4_GCC.a(GUI__Alpha.o) (LCD_Index2Color_888)
../GUI/Lib//STemWin532_CM4_GCC.a(GUICC_8888_Index2Color.o)
                              ../GUI/Lib//STemWin532_CM4_GCC.a(GUI__Alpha.o) (LCD_Index2Color_8888)
../GUI/Lib//STemWin532_CM4_GCC.a(GUICC_565.o)
                              ../GUI/Lib//STemWin532_CM4_GCC.a(GUI_DrawBitmap_A16.o) (LCD_Index2Color_565)
../GUI/Lib//STemWin532_CM4_GCC.a(GUICC_555_Index2Color.o)
                              ../GUI/Lib//STemWin532_CM4_GCC.a(GUI_DrawBitmap_A16.o) (LCD_Index2Color_555)
../GUI/Lib//STemWin532_CM4_GCC.a(GUICC_0.o)
                              ../GUI/Lib//STemWin532_CM4_GCC.a(LCD_Color.o) (LCD_API_ColorConv_0)
../GUI/Lib//STemWin532_CM4_GCC.a(GUICC_M8888I.o)
                              Src/LCDConf.o (GUICC_M8888I_SetCustColorConv)
../GUI/Lib//STemWin532_CM4_GCC.a(GUICC_M4444I.o)
                              Src/LCDConf.o (GUICC_M4444I_SetCustColorConv)
../GUI/Lib//STemWin532_CM4_GCC.a(GUICC_M1555I.o)
                              Src/LCDConf.o (GUICC_M1555I_SetCustColorConv)
../GUI/Lib//STemWin532_CM4_GCC.a(GUICC_88666I.o)
                              Src/LCDConf.o (LCD_API_ColorConv_88666I)
../GUI/Lib//STemWin532_CM4_GCC.a(GUICC_8666.o)
                              Src/LCDConf.o (LCD_API_ColorConv_8666)
../GUI/Lib//STemWin532_CM4_GCC.a(GUICC_1616I.o)
                              Src/LCDConf.o (LCD_API_ColorConv_1616I)
../GUI/Lib//STemWin532_CM4_GCC.a(GUICC_16.o)
                              ../GUI/Lib//STemWin532_CM4_GCC.a(GUICC_1616I.o) (LCD_API_ColorConv_16)
../GUI/Lib//STemWin532_CM4_GCC.a(GUIAA_Poly.o)
                              Src/graphics.o (GUI_AA_FillPolygon)
../GUI/Lib//STemWin532_CM4_GCC.a(GUIAA_Lib.o)
                              ../GUI/Lib//STemWin532_CM4_GCC.a(GUIAA_Poly.o) (GUI_AA_Init)
[...]
Memory Configuration

Name             Origin             Length             Attributes
RAM              0x0000000020000000 0x0000000000030000 xrw
CCMRAM           0x0000000010000000 0x0000000000010000 rw
FLASH            0x0000000008000000 0x0000000000200000 xr
*default*        0x0000000000000000 0xffffffffffffffff

Linker script and memory map

LOAD /opt/Atollic_TrueSTUDIO_for_STM32_x86_64_9.0.1/ARMTools/bin/../lib/gcc/arm-atollic-eabi/6.3.1/armv7e-m/fpu/crti.o
LOAD /opt/Atollic_TrueSTUDIO_for_STM32_x86_64_9.0.1/ARMTools/bin/../lib/gcc/arm-atollic-eabi/6.3.1/armv7e-m/fpu/crtbegin.o
LOAD Drivers/STM32F4xx_HAL_Driver/Src/stm32f4xx_hal.o
LOAD Drivers/STM32F4xx_HAL_Driver/Src/stm32f4xx_hal_cortex.o
LOAD Drivers/STM32F4xx_HAL_Driver/Src/stm32f4xx_hal_dma.o
LOAD Drivers/STM32F4xx_HAL_Driver/Src/stm32f4xx_hal_dma2d.o
LOAD Drivers/STM32F4xx_HAL_Driver/Src/stm32f4xx_hal_dma_ex.o
LOAD Drivers/STM32F4xx_HAL_Driver/Src/stm32f4xx_hal_dsi.o
LOAD Drivers/STM32F4xx_HAL_Driver/Src/stm32f4xx_hal_flash.o
LOAD Drivers/STM32F4xx_HAL_Driver/Src/stm32f4xx_hal_flash_ex.o
LOAD Drivers/STM32F4xx_HAL_Driver/Src/stm32f4xx_hal_flash_ramfunc.o
LOAD Drivers/STM32F4xx_HAL_Driver/Src/stm32f4xx_hal_gpio.o
LOAD Drivers/STM32F4xx_HAL_Driver/Src/stm32f4xx_hal_i2c.o
LOAD Drivers/STM32F4xx_HAL_Driver/Src/stm32f4xx_hal_i2c_ex.o
LOAD Drivers/STM32F4xx_HAL_Driver/Src/stm32f4xx_hal_ltdc.o
LOAD Drivers/STM32F4xx_HAL_Driver/Src/stm32f4xx_hal_ltdc_ex.o
LOAD Drivers/STM32F4xx_HAL_Driver/Src/stm32f4xx_hal_pwr.o
LOAD Drivers/STM32F4xx_HAL_Driver/Src/stm32f4xx_hal_pwr_ex.o
LOAD Drivers/STM32F4xx_HAL_Driver/Src/stm32f4xx_hal_rcc.o
LOAD Drivers/STM32F4xx_HAL_Driver/Src/stm32f4xx_hal_rcc_ex.o
LOAD Drivers/STM32F4xx_HAL_Driver/Src/stm32f4xx_hal_sdram.o
LOAD Drivers/STM32F4xx_HAL_Driver/Src/stm32f4xx_hal_spi.o
LOAD Drivers/STM32F4xx_HAL_Driver/Src/stm32f4xx_hal_tim.o
LOAD Drivers/STM32F4xx_HAL_Driver/Src/stm32f4xx_hal_tim_ex.o
LOAD Drivers/STM32F4xx_HAL_Driver/Src/stm32f4xx_ll_fmc.o
LOAD Src/GUIConf.o
LOAD Src/GUI_X.o
LOAD Src/LCDConf.o
LOAD Src/font12.o
LOAD Src/font16.o
LOAD Src/font20.o
LOAD Src/font24.o
LOAD Src/font8.o
LOAD Src/funnyCat.o
LOAD Src/graphics.o
LOAD Src/ltdc.o
LOAD Src/main.o
LOAD Src/sdram.o
LOAD Src/stm32f4xx_hal_msp.o
LOAD Src/stm32f4xx_it.o
LOAD Src/system_stm32f4xx.o
LOAD Src/tiger.o
LOAD Src/touch.o
LOAD startup/startup_stm32f429xx.o
LOAD ../GUI/Lib//STemWin532_CM4_GCC.a
                0x0000000000000080                malloc_getpagesize_P = 0x80
START GROUP
LOAD /opt/Atollic_TrueSTUDIO_for_STM32_x86_64_9.0.1/ARMTools/bin/../lib/gcc/arm-atollic-eabi/6.3.1/../../../../arm-atollic-eabi/lib/armv7e-m/fpu/libc_nano.a
LOAD /opt/Atollic_TrueSTUDIO_for_STM32_x86_64_9.0.1/ARMTools/bin/../lib/gcc/arm-atollic-eabi/6.3.1/../../../../arm-atollic-eabi/lib/armv7e-m/fpu/libm.a
END GROUP
START GROUP
LOAD /opt/Atollic_TrueSTUDIO_for_STM32_x86_64_9.0.1/ARMTools/bin/../lib/gcc/arm-atollic-eabi/6.3.1/armv7e-m/fpu/libgcc.a
LOAD /opt/Atollic_TrueSTUDIO_for_STM32_x86_64_9.0.1/ARMTools/bin/../lib/gcc/arm-atollic-eabi/6.3.1/../../../../arm-atollic-eabi/lib/armv7e-m/fpu/libc_nano.a
END GROUP
START GROUP
LOAD /opt/Atollic_TrueSTUDIO_for_STM32_x86_64_9.0.1/ARMTools/bin/../lib/gcc/arm-atollic-eabi/6.3.1/armv7e-m/fpu/libgcc.a
LOAD /opt/Atollic_TrueSTUDIO_for_STM32_x86_64_9.0.1/ARMTools/bin/../lib/gcc/arm-atollic-eabi/6.3.1/../../../../arm-atollic-eabi/lib/armv7e-m/fpu/libc_nano.a
LOAD /opt/Atollic_TrueSTUDIO_for_STM32_x86_64_9.0.1/ARMTools/bin/../lib/gcc/arm-atollic-eabi/6.3.1/../../../../arm-atollic-eabi/lib/armv7e-m/fpu/libnosys.a
END GROUP
START GROUP
LOAD /opt/Atollic_TrueSTUDIO_for_STM32_x86_64_9.0.1/ARMTools/bin/../lib/gcc/arm-atollic-eabi/6.3.1/armv7e-m/fpu/libgcc.a
LOAD /opt/Atollic_TrueSTUDIO_for_STM32_x86_64_9.0.1/ARMTools/bin/../lib/gcc/arm-atollic-eabi/6.3.1/../../../../arm-atollic-eabi/lib/armv7e-m/fpu/libc_nano.a
LOAD /opt/Atollic_TrueSTUDIO_for_STM32_x86_64_9.0.1/ARMTools/bin/../lib/gcc/arm-atollic-eabi/6.3.1/../../../../arm-atollic-eabi/lib/armv7e-m/fpu/libnosys.a
END GROUP
LOAD /opt/Atollic_TrueSTUDIO_for_STM32_x86_64_9.0.1/ARMTools/bin/../lib/gcc/arm-atollic-eabi/6.3.1/armv7e-m/fpu/crtend.o
LOAD /opt/Atollic_TrueSTUDIO_for_STM32_x86_64_9.0.1/ARMTools/bin/../lib/gcc/arm-atollic-eabi/6.3.1/armv7e-m/fpu/crtn.o
                0x0000000020030000                _estack = 0x20030000
                0x0000000000002000                _Min_Heap_Size = 0x2000
                0x0000000000004000                _Min_Stack_Size = 0x4000

.isr_vector     0x0000000008000000      0x1ac
                0x0000000008000000                . = ALIGN (0x4)
 *(.isr_vector)
 .isr_vector    0x0000000008000000      0x1ac startup/startup_stm32f429xx.o
                0x0000000008000000                g_pfnVectors
                0x00000000080001ac                . = ALIGN (0x4)

.text           0x00000000080001ac     0xf094
                0x00000000080001ac                . = ALIGN (0x4)
 *(.text)
 .text          0x00000000080001ac       0x40 /opt/Atollic_TrueSTUDIO_for_STM32_x86_64_9.0.1/ARMTools/bin/../lib/gcc/arm-atollic-eabi/6.3.1/armv7e-m/fpu/crtbegin.o
 .text          0x00000000080001ec       0x30 /opt/Atollic_TrueSTUDIO_for_STM32_x86_64_9.0.1/ARMTools/bin/../lib/gcc/arm-atollic-eabi/6.3.1/armv7e-m/fpu/libgcc.a(_aeabi_uldivmod.o)
                0x00000000080001ec                __aeabi_uldivmod
 .text          0x000000000800021c      0x2dc /opt/Atollic_TrueSTUDIO_for_STM32_x86_64_9.0.1/ARMTools/bin/../lib/gcc/arm-atollic-eabi/6.3.1/armv7e-m/fpu/libgcc.a(_udivmoddi4.o)
                0x000000000800021c                __udivmoddi4
 .text          0x00000000080004f8        0x4 /opt/Atollic_TrueSTUDIO_for_STM32_x86_64_9.0.1/ARMTools/bin/../lib/gcc/arm-atollic-eabi/6.3.1/armv7e-m/fpu/libgcc.a(_dvmd_tls.o)
                0x00000000080004f8                __aeabi_ldiv0
                0x00000000080004f8                __aeabi_idiv0
 *(.text*)
 .text.HAL_Init
                0x00000000080004fc       0x44 Drivers/STM32F4xx_HAL_Driver/Src/stm32f4xx_hal.o
                0x00000000080004fc                HAL_Init
 .text.HAL_InitTick
                0x0000000008000540       0x60 Drivers/STM32F4xx_HAL_Driver/Src/stm32f4xx_hal.o
                0x0000000008000540                HAL_InitTick
 .text.HAL_IncTick
                0x00000000080005a0       0x28 Drivers/STM32F4xx_HAL_Driver/Src/stm32f4xx_hal.o
                0x00000000080005a0                HAL_IncTick
 .text.HAL_GetTick
                0x00000000080005c8       0x18 Drivers/STM32F4xx_HAL_Driver/Src/stm32f4xx_hal.o
                0x00000000080005c8                HAL_GetTick
 .text.HAL_Delay
                0x00000000080005e0       0x44 Drivers/STM32F4xx_HAL_Driver/Src/stm32f4xx_hal.o
                0x00000000080005e0                HAL_Delay
 .text.NVIC_SetPriorityGrouping
                0x0000000008000624       0x48 Drivers/STM32F4xx_HAL_Driver/Src/stm32f4xx_hal_cortex.o
 .text.NVIC_GetPriorityGrouping
                0x000000000800066c       0x1c Drivers/STM32F4xx_HAL_Driver/Src/stm32f4xx_hal_cortex.o
 .text.NVIC_EnableIRQ
                0x0000000008000688       0x34 Drivers/STM32F4xx_HAL_Driver/Src/stm32f4xx_hal_cortex.o
 .text.NVIC_DisableIRQ
                0x00000000080006bc       0x34 Drivers/STM32F4xx_HAL_Driver/Src/stm32f4xx_hal_cortex.o
 .text.NVIC_SetPriority
                0x00000000080006f0       0x54 Drivers/STM32F4xx_HAL_Driver/Src/stm32f4xx_hal_cortex.o
 .text.NVIC_EncodePriority
                0x0000000008000744       0x62 Drivers/STM32F4xx_HAL_Driver/Src/stm32f4xx_hal_cortex.o
 *fill*         0x00000000080007a6        0x2 
 .text.SysTick_Config
                0x00000000080007a8       0x44 Drivers/STM32F4xx_HAL_Driver/Src/stm32f4xx_hal_cortex.o
 .text.HAL_NVIC_SetPriorityGrouping
                0x00000000080007ec       0x16 Drivers/STM32F4xx_HAL_Driver/Src/stm32f4xx_hal_cortex.o
                0x00000000080007ec                HAL_NVIC_SetPriorityGrouping
 .text.HAL_NVIC_SetPriority
                0x0000000008000802       0x38 Drivers/STM32F4xx_HAL_Driver/Src/stm32f4xx_hal_cortex.o
                0x0000000008000802                HAL_NVIC_SetPriority
 .text.HAL_NVIC_EnableIRQ
                0x000000000800083a       0x1c Drivers/STM32F4xx_HAL_Driver/Src/stm32f4xx_hal_cortex.o
                0x000000000800083a                HAL_NVIC_EnableIRQ
 .text.HAL_NVIC_DisableIRQ
                0x0000000008000856       0x1c Drivers/STM32F4xx_HAL_Driver/Src/stm32f4xx_hal_cortex.o
                0x0000000008000856                HAL_NVIC_DisableIRQ
 .text.HAL_SYSTICK_Config
                0x0000000008000872       0x18 Drivers/STM32F4xx_HAL_Driver/Src/stm32f4xx_hal_cortex.o
                0x0000000008000872                HAL_SYSTICK_Config
 *fill*         0x000000000800088a        0x2 
 .text.HAL_DMA_Init
                0x000000000800088c      0x15c Drivers/STM32F4xx_HAL_Driver/Src/stm32f4xx_hal_dma.o
                0x000000000800088c                HAL_DMA_Init
 .text.HAL_DMA_IRQHandler
                0x00000000080009e8      0x314 Drivers/STM32F4xx_HAL_Driver/Src/stm32f4xx_hal_dma.o
                0x00000000080009e8                HAL_DMA_IRQHandler
 .text.DMA_CalcBaseAndBitshift
                0x0000000008000cfc       0x6c Drivers/STM32F4xx_HAL_Driver/Src/stm32f4xx_hal_dma.o
 .text.DMA_CheckFifoParam
                0x0000000008000d68       0xf4 Drivers/STM32F4xx_HAL_Driver/Src/stm32f4xx_hal_dma.o
 .text.HAL_DMA2D_Init
                0x0000000008000e5c       0x92 Drivers/STM32F4xx_HAL_Driver/Src/stm32f4xx_hal_dma2d.o
                0x0000000008000e5c                HAL_DMA2D_Init
 .text.HAL_DMA2D_IRQHandler
                0x0000000008000eee      0x1f8 Drivers/STM32F4xx_HAL_Driver/Src/stm32f4xx_hal_dma2d.o
                0x0000000008000eee                HAL_DMA2D_IRQHandler
 .text.HAL_DMA2D_LineEventCallback
                0x00000000080010e6       0x14 Drivers/STM32F4xx_HAL_Driver/Src/stm32f4xx_hal_dma2d.o
                0x00000000080010e6                HAL_DMA2D_LineEventCallback
 .text.HAL_DMA2D_CLUTLoadingCpltCallback
                0x00000000080010fa       0x14 Drivers/STM32F4xx_HAL_Driver/Src/stm32f4xx_hal_dma2d.o
                0x00000000080010fa                HAL_DMA2D_CLUTLoadingCpltCallback
 *fill*         0x000000000800110e        0x2 
 .text.HAL_DMA2D_ConfigLayer
                0x0000000008001110      0x124 Drivers/STM32F4xx_HAL_Driver/Src/stm32f4xx_hal_dma2d.o
                0x0000000008001110                HAL_DMA2D_ConfigLayer
 .text.HAL_GPIO_Init
                0x0000000008001234      0x354 Drivers/STM32F4xx_HAL_Driver/Src/stm32f4xx_hal_gpio.o
                0x0000000008001234                HAL_GPIO_Init
 .text.HAL_GPIO_DeInit
                0x0000000008001588      0x218 Drivers/STM32F4xx_HAL_Driver/Src/stm32f4xx_hal_gpio.o
                0x0000000008001588                HAL_GPIO_DeInit
 .text.HAL_GPIO_WritePin
                0x00000000080017a0       0x32 Drivers/STM32F4xx_HAL_Driver/Src/stm32f4xx_hal_gpio.o
                0x00000000080017a0                HAL_GPIO_WritePin
 *fill*         0x00000000080017d2        0x2 
 .text.HAL_I2C_Init
                0x00000000080017d4      0x1c0 Drivers/STM32F4xx_HAL_Driver/Src/stm32f4xx_hal_i2c.o
                0x00000000080017d4                HAL_I2C_Init
 .text.HAL_I2C_Master_Transmit
                0x0000000008001994      0x21c Drivers/STM32F4xx_HAL_Driver/Src/stm32f4xx_hal_i2c.o
                0x0000000008001994                HAL_I2C_Master_Transmit
 .text.HAL_I2C_Master_Receive
                0x0000000008001bb0      0x464 Drivers/STM32F4xx_HAL_Driver/Src/stm32f4xx_hal_i2c.o
                0x0000000008001bb0                HAL_I2C_Master_Receive
 .text.I2C_MasterRequestWrite
                0x0000000008002014      0x104 Drivers/STM32F4xx_HAL_Driver/Src/stm32f4xx_hal_i2c.o
 .text.I2C_MasterRequestRead
                0x0000000008002118      0x190 Drivers/STM32F4xx_HAL_Driver/Src/stm32f4xx_hal_i2c.o
 .text.I2C_WaitOnFlagUntilTimeout
                0x00000000080022a8       0xa2 Drivers/STM32F4xx_HAL_Driver/Src/stm32f4xx_hal_i2c.o
 .text.I2C_WaitOnMasterAddressFlagUntilTimeout
                0x000000000800234a       0xdc Drivers/STM32F4xx_HAL_Driver/Src/stm32f4xx_hal_i2c.o
 .text.I2C_WaitOnTXEFlagUntilTimeout
                0x0000000008002426       0x7a Drivers/STM32F4xx_HAL_Driver/Src/stm32f4xx_hal_i2c.o
 .text.I2C_WaitOnBTFFlagUntilTimeout
                0x00000000080024a0       0x7a Drivers/STM32F4xx_HAL_Driver/Src/stm32f4xx_hal_i2c.o
 .text.I2C_WaitOnRXNEFlagUntilTimeout
                0x000000000800251a       0x94 Drivers/STM32F4xx_HAL_Driver/Src/stm32f4xx_hal_i2c.o
 .text.I2C_IsAcknowledgeFailed
                0x00000000080025ae       0x50 Drivers/STM32F4xx_HAL_Driver/Src/stm32f4xx_hal_i2c.o
 .text.HAL_I2CEx_ConfigAnalogFilter
                0x00000000080025fe       0x78 Drivers/STM32F4xx_HAL_Driver/Src/stm32f4xx_hal_i2c_ex.o
                0x00000000080025fe                HAL_I2CEx_ConfigAnalogFilter
 .text.HAL_I2CEx_ConfigDigitalFilter
                0x0000000008002676       0x7e Drivers/STM32F4xx_HAL_Driver/Src/stm32f4xx_hal_i2c_ex.o
                0x0000000008002676                HAL_I2CEx_ConfigDigitalFilter
 .text.HAL_LTDC_Init
                0x00000000080026f4      0x1a8 Drivers/STM32F4xx_HAL_Driver/Src/stm32f4xx_hal_ltdc.o
                0x00000000080026f4                HAL_LTDC_Init
 .text.HAL_LTDC_DeInit
                0x000000000800289c       0x30 Drivers/STM32F4xx_HAL_Driver/Src/stm32f4xx_hal_ltdc.o
                0x000000000800289c                HAL_LTDC_DeInit
 .text.HAL_LTDC_IRQHandler
                0x00000000080028cc      0x148 Drivers/STM32F4xx_HAL_Driver/Src/stm32f4xx_hal_ltdc.o
                0x00000000080028cc                HAL_LTDC_IRQHandler
 .text.HAL_LTDC_ErrorCallback
                0x0000000008002a14       0x14 Drivers/STM32F4xx_HAL_Driver/Src/stm32f4xx_hal_ltdc.o
                0x0000000008002a14                HAL_LTDC_ErrorCallback
 .text.HAL_LTDC_ReloadEventCallback
                0x0000000008002a28       0x14 Drivers/STM32F4xx_HAL_Driver/Src/stm32f4xx_hal_ltdc.o
                0x0000000008002a28                HAL_LTDC_ReloadEventCallback
 .text.HAL_LTDC_ConfigLayer
                0x0000000008002a3c       0x7c Drivers/STM32F4xx_HAL_Driver/Src/stm32f4xx_hal_ltdc.o
                0x0000000008002a3c                HAL_LTDC_ConfigLayer
 .text.HAL_LTDC_ConfigColorKeying
                0x0000000008002ab8       0x8a Drivers/STM32F4xx_HAL_Driver/Src/stm32f4xx_hal_ltdc.o
                0x0000000008002ab8                HAL_LTDC_ConfigColorKeying
 .text.HAL_LTDC_ConfigCLUT
                0x0000000008002b42       0xe8 Drivers/STM32F4xx_HAL_Driver/Src/stm32f4xx_hal_ltdc.o
                0x0000000008002b42                HAL_LTDC_ConfigCLUT
 .text.HAL_LTDC_EnableColorKeying
                0x0000000008002c2a       0x74 Drivers/STM32F4xx_HAL_Driver/Src/stm32f4xx_hal_ltdc.o
                0x0000000008002c2a                HAL_LTDC_EnableColorKeying
 .text.HAL_LTDC_DisableColorKeying
                0x0000000008002c9e       0x74 Drivers/STM32F4xx_HAL_Driver/Src/stm32f4xx_hal_ltdc.o
                0x0000000008002c9e                HAL_LTDC_DisableColorKeying
 .text.HAL_LTDC_EnableCLUT
                0x0000000008002d12       0x74 Drivers/STM32F4xx_HAL_Driver/Src/stm32f4xx_hal_ltdc.o
                0x0000000008002d12                HAL_LTDC_EnableCLUT
 .text.HAL_LTDC_SetWindowPosition
                0x0000000008002d86       0x8c Drivers/STM32F4xx_HAL_Driver/Src/stm32f4xx_hal_ltdc.o
                0x0000000008002d86                HAL_LTDC_SetWindowPosition
 .text.HAL_LTDC_SetAlpha
                0x0000000008002e12       0x6c Drivers/STM32F4xx_HAL_Driver/Src/stm32f4xx_hal_ltdc.o
                0x0000000008002e12                HAL_LTDC_SetAlpha
 .text.HAL_LTDC_SetAddress
                0x0000000008002e7e       0x6c Drivers/STM32F4xx_HAL_Driver/Src/stm32f4xx_hal_ltdc.o
                0x0000000008002e7e                HAL_LTDC_SetAddress
 *fill*         0x0000000008002eea        0x2 
 .text.HAL_LTDC_ProgramLineEvent
                0x0000000008002eec       0x70 Drivers/STM32F4xx_HAL_Driver/Src/stm32f4xx_hal_ltdc.o
                0x0000000008002eec                HAL_LTDC_ProgramLineEvent
 .text.LTDC_SetConfig
                0x0000000008002f5c      0x34e Drivers/STM32F4xx_HAL_Driver/Src/stm32f4xx_hal_ltdc.o
 *fill*         0x00000000080032aa        0x2 
 .text.HAL_PWREx_EnableOverDrive
                0x00000000080032ac       0xa0 Drivers/STM32F4xx_HAL_Driver/Src/stm32f4xx_hal_pwr_ex.o
                0x00000000080032ac                HAL_PWREx_EnableOverDrive
 .text.HAL_RCC_OscConfig
                0x000000000800334c      0x484 Drivers/STM32F4xx_HAL_Driver/Src/stm32f4xx_hal_rcc.o
                0x000000000800334c                HAL_RCC_OscConfig
 .text.HAL_RCC_ClockConfig
                0x00000000080037d0      0x1c4 Drivers/STM32F4xx_HAL_Driver/Src/stm32f4xx_hal_rcc.o
                0x00000000080037d0                HAL_RCC_ClockConfig
 .text.HAL_RCC_GetSysClockFreq
                0x0000000008003994      0x16c Drivers/STM32F4xx_HAL_Driver/Src/stm32f4xx_hal_rcc.o
                0x0000000008003994                HAL_RCC_GetSysClockFreq
 .text.HAL_RCC_GetHCLKFreq
                0x0000000008003b00       0x18 Drivers/STM32F4xx_HAL_Driver/Src/stm32f4xx_hal_rcc.o
                0x0000000008003b00                HAL_RCC_GetHCLKFreq
 .text.HAL_RCC_GetPCLK1Freq
                0x0000000008003b18       0x28 Drivers/STM32F4xx_HAL_Driver/Src/stm32f4xx_hal_rcc.o
                0x0000000008003b18                HAL_RCC_GetPCLK1Freq
 .text.HAL_RCCEx_PeriphCLKConfig
                0x0000000008003b40      0x348 Drivers/STM32F4xx_HAL_Driver/Src/stm32f4xx_hal_rcc_ex.o
                0x0000000008003b40                HAL_RCCEx_PeriphCLKConfig
 .text.HAL_SDRAM_Init
                0x0000000008003e88       0x68 Drivers/STM32F4xx_HAL_Driver/Src/stm32f4xx_hal_sdram.o
                0x0000000008003e88                HAL_SDRAM_Init
 .text.HAL_SDRAM_SendCommand
                0x0000000008003ef0       0x56 Drivers/STM32F4xx_HAL_Driver/Src/stm32f4xx_hal_sdram.o
                0x0000000008003ef0                HAL_SDRAM_SendCommand
 .text.HAL_SDRAM_ProgramRefreshRate
                0x0000000008003f46       0x40 Drivers/STM32F4xx_HAL_Driver/Src/stm32f4xx_hal_sdram.o
                0x0000000008003f46                HAL_SDRAM_ProgramRefreshRate
 .text.HAL_SPI_Init
                0x0000000008003f86       0xc6 Drivers/STM32F4xx_HAL_Driver/Src/stm32f4xx_hal_spi.o
                0x0000000008003f86                HAL_SPI_Init
 .text.HAL_SPI_Transmit
                0x000000000800404c      0x276 Drivers/STM32F4xx_HAL_Driver/Src/stm32f4xx_hal_spi.o
                0x000000000800404c                HAL_SPI_Transmit
 .text.SPI_WaitFlagStateUntilTimeout
                0x00000000080042c2       0xd2 Drivers/STM32F4xx_HAL_Driver/Src/stm32f4xx_hal_spi.o
 .text.SPI_CheckFlag_BSY
                0x0000000008004394       0x3c Drivers/STM32F4xx_HAL_Driver/Src/stm32f4xx_hal_spi.o
 .text.HAL_TIM_Base_Init
                0x00000000080043d0       0x56 Drivers/STM32F4xx_HAL_Driver/Src/stm32f4xx_hal_tim.o
                0x00000000080043d0                HAL_TIM_Base_Init
 .text.HAL_TIM_IRQHandler
                0x0000000008004426      0x210 Drivers/STM32F4xx_HAL_Driver/Src/stm32f4xx_hal_tim.o
                0x0000000008004426                HAL_TIM_IRQHandler
 .text.HAL_TIM_PeriodElapsedCallback
                0x0000000008004636       0x14 Drivers/STM32F4xx_HAL_Driver/Src/stm32f4xx_hal_tim.o
                0x0000000008004636                HAL_TIM_PeriodElapsedCallback
 .text.HAL_TIM_OC_DelayElapsedCallback
                0x000000000800464a       0x14 Drivers/STM32F4xx_HAL_Driver/Src/stm32f4xx_hal_tim.o
                0x000000000800464a                HAL_TIM_OC_DelayElapsedCallback
 .text.HAL_TIM_IC_CaptureCallback
                0x000000000800465e       0x14 Drivers/STM32F4xx_HAL_Driver/Src/stm32f4xx_hal_tim.o
                0x000000000800465e                HAL_TIM_IC_CaptureCallback
 .text.HAL_TIM_PWM_PulseFinishedCallback
                0x0000000008004672       0x14 Drivers/STM32F4xx_HAL_Driver/Src/stm32f4xx_hal_tim.o
                0x0000000008004672                HAL_TIM_PWM_PulseFinishedCallback
 .text.HAL_TIM_TriggerCallback
                0x0000000008004686       0x14 Drivers/STM32F4xx_HAL_Driver/Src/stm32f4xx_hal_tim.o
                0x0000000008004686                HAL_TIM_TriggerCallback
 *fill*         0x000000000800469a        0x2 
 .text.TIM_Base_SetConfig
                0x000000000800469c      0x154 Drivers/STM32F4xx_HAL_Driver/Src/stm32f4xx_hal_tim.o
                0x000000000800469c                TIM_Base_SetConfig
 .text.HAL_TIMEx_MasterConfigSynchronization
                0x00000000080047f0       0x8a Drivers/STM32F4xx_HAL_Driver/Src/stm32f4xx_hal_tim_ex.o
                0x00000000080047f0                HAL_TIMEx_MasterConfigSynchronization
 .text.HAL_TIMEx_CommutationCallback
                0x000000000800487a       0x14 Drivers/STM32F4xx_HAL_Driver/Src/stm32f4xx_hal_tim_ex.o
                0x000000000800487a                HAL_TIMEx_CommutationCallback
 .text.HAL_TIMEx_BreakCallback
                0x000000000800488e       0x14 Drivers/STM32F4xx_HAL_Driver/Src/stm32f4xx_hal_tim_ex.o
                0x000000000800488e                HAL_TIMEx_BreakCallback
 .text.FMC_SDRAM_Init
                0x00000000080048a2       0xe6 Drivers/STM32F4xx_HAL_Driver/Src/stm32f4xx_ll_fmc.o
                0x00000000080048a2                FMC_SDRAM_Init
 .text.FMC_SDRAM_Timing_Init
                0x0000000008004988       0xfe Drivers/STM32F4xx_HAL_Driver/Src/stm32f4xx_ll_fmc.o
                0x0000000008004988                FMC_SDRAM_Timing_Init
 .text.FMC_SDRAM_SendCommand
                0x0000000008004a86       0x78 Drivers/STM32F4xx_HAL_Driver/Src/stm32f4xx_ll_fmc.o
                0x0000000008004a86                FMC_SDRAM_SendCommand
 .text.FMC_SDRAM_ProgramRefreshRate
                0x0000000008004afe       0x26 Drivers/STM32F4xx_HAL_Driver/Src/stm32f4xx_ll_fmc.o
                0x0000000008004afe                FMC_SDRAM_ProgramRefreshRate
 .text.GUI_X_Config
                0x0000000008004b24       0x20 Src/GUIConf.o
                0x0000000008004b24                GUI_X_Config
 .text.GUI_X_GetTime
                0x0000000008004b44       0x18 Src/GUI_X.o
                0x0000000008004b44                GUI_X_GetTime
 .text.GUI_X_Delay
                0x0000000008004b5c       0x30 Src/GUI_X.o
                0x0000000008004b5c                GUI_X_Delay
 .text.GUI_X_Init
                0x0000000008004b8c        0xe Src/GUI_X.o
                0x0000000008004b8c                GUI_X_Init
 .text.Color2IndexBulk_M8888IDMA2D
                0x0000000008004b9a       0x28 Src/LCDConf.o
 .text.Index2ColorBulk_M8888IDMA2D
                0x0000000008004bc2       0x28 Src/LCDConf.o
 .text.Color2IndexBulk_M888DMA2D
                0x0000000008004bea       0x28 Src/LCDConf.o
 .text.Index2ColorBulk_M888DMA2D
                0x0000000008004c12       0x28 Src/LCDConf.o
 .text.Color2IndexBulk_M565DMA2D
                0x0000000008004c3a       0x28 Src/LCDConf.o
 .text.Index2ColorBulk_M565DMA2D
                0x0000000008004c62       0x28 Src/LCDConf.o
 .text.Color2IndexBulk_M1555IDMA2D
                0x0000000008004c8a       0x28 Src/LCDConf.o
 .text.Index2ColorBulk_M1555IDMA2D
                0x0000000008004cb2       0x28 Src/LCDConf.o
 .text.Color2IndexBulk_M4444IDMA2D
                0x0000000008004cda       0x28 Src/LCDConf.o
 .text.Index2ColorBulk_M4444IDMA2D
                0x0000000008004d02       0x28 Src/LCDConf.o
 *fill*         0x0000000008004d2a        0x2 
 .text.HAL_LTDC_LineEventCallback
                0x0000000008004d2c       0xf8 Src/LCDConf.o
                0x0000000008004d2c                HAL_LTDC_LineEventCallback
 .text.LCD_X_Config
                0x0000000008004e24      0x1d0 Src/LCDConf.o
                0x0000000008004e24                LCD_X_Config
 .text.LCD_X_DisplayDriver
                0x0000000008004ff4      0x238 Src/LCDConf.o
                0x0000000008004ff4                LCD_X_DisplayDriver
 .text.LCD_LL_LayerInit
                0x000000000800522c      0x100 Src/LCDConf.o
 .text.LCD_LL_Init
                0x000000000800532c       0xec Src/LCDConf.o
 .text.LCD_LL_GetPixelformat
                0x0000000008005418       0xb8 Src/LCDConf.o
 .text.DMA2D_CopyBuffer
                0x00000000080054d0       0x70 Src/LCDConf.o
 .text.DMA2D_FillBuffer
                0x0000000008005540       0x6c Src/LCDConf.o
 .text.GetBufferSize
                0x00000000080055ac       0x5c Src/LCDConf.o
 .text.CUSTOM_CopyBuffer
                0x0000000008005608       0xb4 Src/LCDConf.o
 .text.CUSTOM_CopyRect
                0x00000000080056bc      0x120 Src/LCDConf.o
 .text.CUSTOM_FillRect
                0x00000000080057dc      0x100 Src/LCDConf.o
 .text.DMA2D_LoadLUT
                0x00000000080058dc       0x3c Src/LCDConf.o
 .text.InvertAlpha_SwapRB
                0x0000000008005918       0x58 Src/LCDConf.o
 .text.InvertAlpha
                0x0000000008005970       0x3c Src/LCDConf.o
 .text.DMA2D_AlphaBlendingBulk
                0x00000000080059ac       0x84 Src/LCDConf.o
 .text.DMA2D_MixColors
                0x0000000008005a30       0xa8 Src/LCDConf.o
 .text.DMA2D_ConvertColor
                0x0000000008005ad8       0x70 Src/LCDConf.o
 .text._LCD_GetpPalConvTable
                0x0000000008005b48       0x8c Src/LCDConf.o
 .text.DMA2D_MixColorsBulk
                0x0000000008005bd4       0x80 Src/LCDConf.o
 .text.DMA2D_AlphaBlending
                0x0000000008005c54       0x4c Src/LCDConf.o
 .text.DMA2D_Index2ColorBulk
                0x0000000008005ca0       0x34 Src/LCDConf.o
 .text.DMA2D_Color2IndexBulk
                0x0000000008005cd4       0x34 Src/LCDConf.o
 .text.LCD_MixColorsBulk
                0x0000000008005d08       0x94 Src/LCDConf.o
 .text.DMA2D_DrawBitmapL8
                0x0000000008005d9c       0x70 Src/LCDConf.o
 .text.BSP_LCD_DrawBitmap16bpp
                0x0000000008005e0c       0xd0 Src/LCDConf.o
 .text.BSP_LCD_DrawBitmap8bpp
                0x0000000008005edc       0xd0 Src/LCDConf.o
 .text.graphicsMain
                0x0000000008005fac       0x74 Src/graphics.o
                0x0000000008005fac                graphicsMain
 .text.LCD_PowerOn
                0x0000000008006020      0x290 Src/ltdc.o
                0x0000000008006020                LCD_PowerOn
 .text.LCD_WriteCommand
                0x00000000080062b0       0x54 Src/ltdc.o
                0x00000000080062b0                LCD_WriteCommand
 .text.LCD_WriteData
                0x0000000008006304       0x54 Src/ltdc.o
                0x0000000008006304                LCD_WriteData
 .text.main     0x0000000008006358       0x68 Src/main.o
                0x0000000008006358                main
 .text.SystemClock_Config
                0x00000000080063c0      0x114 Src/main.o
                0x00000000080063c0                SystemClock_Config
 .text.MX_DMA2D_Init
                0x00000000080064d4       0x64 Src/main.o
 .text.MX_I2C3_Init
                0x0000000008006538       0x80 Src/main.o
 .text.MX_LTDC_Init
                0x00000000080065b8      0x16c Src/main.o
 .text.MX_SPI5_Init
                0x0000000008006724       0x6c Src/main.o
 .text.MX_TIM6_Init
                0x0000000008006790       0x64 Src/main.o
 .text.MX_DMA_Init
                0x00000000080067f4       0x50 Src/main.o
 .text.MX_FMC_Init
                0x0000000008006844       0x90 Src/main.o
 .text.MX_GPIO_Init
                0x00000000080068d4      0x15c Src/main.o
 .text.Error_Handler
                0x0000000008006a30        0xe Src/main.o
                0x0000000008006a30                Error_Handler
 *fill*         0x0000000008006a3e        0x2 
 .text.SDRAM_init
                0x0000000008006a40       0xd0 Src/sdram.o
                0x0000000008006a40                SDRAM_init
 .text.HAL_MspInit
                0x0000000008006b10       0x50 Src/stm32f4xx_hal_msp.o
                0x0000000008006b10                HAL_MspInit
 .text.HAL_DMA2D_MspInit
                0x0000000008006b60       0x50 Src/stm32f4xx_hal_msp.o
                0x0000000008006b60                HAL_DMA2D_MspInit
 .text.HAL_I2C_MspInit
                0x0000000008006bb0      0x19c Src/stm32f4xx_hal_msp.o
                0x0000000008006bb0                HAL_I2C_MspInit
 .text.HAL_LTDC_MspInit
                0x0000000008006d4c      0x22c Src/stm32f4xx_hal_msp.o
                0x0000000008006d4c                HAL_LTDC_MspInit
 .text.HAL_LTDC_MspDeInit
                0x0000000008006f78       0x88 Src/stm32f4xx_hal_msp.o
                0x0000000008006f78                HAL_LTDC_MspDeInit
 .text.HAL_SPI_MspInit
                0x0000000008007000       0x90 Src/stm32f4xx_hal_msp.o
                0x0000000008007000                HAL_SPI_MspInit
 .text.HAL_TIM_Base_MspInit
                0x0000000008007090       0x50 Src/stm32f4xx_hal_msp.o
                0x0000000008007090                HAL_TIM_Base_MspInit
 .text.HAL_FMC_MspInit
                0x00000000080070e0      0x118 Src/stm32f4xx_hal_msp.o
 .text.HAL_SDRAM_MspInit
                0x00000000080071f8       0x14 Src/stm32f4xx_hal_msp.o
                0x00000000080071f8                HAL_SDRAM_MspInit
 .text.NMI_Handler
                0x000000000800720c        0xe Src/stm32f4xx_it.o
                0x000000000800720c                NMI_Handler
 .text.HardFault_Handler
                0x000000000800721a        0x6 Src/stm32f4xx_it.o
                0x000000000800721a                HardFault_Handler
 .text.MemManage_Handler
                0x0000000008007220        0x6 Src/stm32f4xx_it.o
                0x0000000008007220                MemManage_Handler
 .text.BusFault_Handler
                0x0000000008007226        0x6 Src/stm32f4xx_it.o
                0x0000000008007226                BusFault_Handler
 .text.UsageFault_Handler
                0x000000000800722c        0x6 Src/stm32f4xx_it.o
                0x000000000800722c                UsageFault_Handler
 .text.SVC_Handler
                0x0000000008007232        0xe Src/stm32f4xx_it.o
                0x0000000008007232                SVC_Handler
 .text.DebugMon_Handler
                0x0000000008007240        0xe Src/stm32f4xx_it.o
                0x0000000008007240                DebugMon_Handler
 .text.PendSV_Handler
                0x000000000800724e        0xe Src/stm32f4xx_it.o
                0x000000000800724e                PendSV_Handler
 .text.SysTick_Handler
                0x000000000800725c       0x1c Src/stm32f4xx_it.o
                0x000000000800725c                SysTick_Handler
 .text.DMA1_Stream2_IRQHandler
                0x0000000008007278       0x14 Src/stm32f4xx_it.o
                0x0000000008007278                DMA1_Stream2_IRQHandler
 .text.DMA1_Stream4_IRQHandler
                0x000000000800728c       0x14 Src/stm32f4xx_it.o
                0x000000000800728c                DMA1_Stream4_IRQHandler
 .text.TIM6_DAC_IRQHandler
                0x00000000080072a0       0x14 Src/stm32f4xx_it.o
                0x00000000080072a0                TIM6_DAC_IRQHandler
 .text.LTDC_IRQHandler
                0x00000000080072b4       0x14 Src/stm32f4xx_it.o
                0x00000000080072b4                LTDC_IRQHandler
 .text.DMA2D_IRQHandler
                0x00000000080072c8       0x14 Src/stm32f4xx_it.o
                0x00000000080072c8                DMA2D_IRQHandler
 .text.SystemInit
                0x00000000080072dc       0x6c Src/system_stm32f4xx.o
                0x00000000080072dc                SystemInit
 .text.touchReset
                0x0000000008007348       0x50 Src/touch.o
 .text.fnctCmd  0x0000000008007398       0x8c Src/touch.o
 .text.ioAFConfig
                0x0000000008007424       0x8c Src/touch.o
 .text.readX    0x00000000080074b0       0xa4 Src/touch.o
 .text.readY    0x0000000008007554       0x8c Src/touch.o
 .text.readZ    0x00000000080075e0       0x64 Src/touch.o
 .text.TP_Config
                0x0000000008007644      0x128 Src/touch.o
                0x0000000008007644                TP_Config
 .text.TP_GetState
                0x000000000800776c      0x11c Src/touch.o
                0x000000000800776c                TP_GetState
 .text.Reset_Handler
                0x0000000008007888       0x50 startup/startup_stm32f429xx.o
                0x0000000008007888                Reset_Handler
 .text.Default_Handler
                0x00000000080078d8        0x2 startup/startup_stm32f429xx.o
                0x00000000080078d8                RTC_Alarm_IRQHandler
                0x00000000080078d8                HASH_RNG_IRQHandler
                0x00000000080078d8                EXTI2_IRQHandler
                0x00000000080078d8                TIM8_CC_IRQHandler
                0x00000000080078d8                UART8_IRQHandler
                0x00000000080078d8                SPI4_IRQHandler
                0x00000000080078d8                TIM1_CC_IRQHandler
                0x00000000080078d8                DMA2_Stream5_IRQHandler
                0x00000000080078d8                DMA1_Stream5_IRQHandler
                0x00000000080078d8                PVD_IRQHandler
                0x00000000080078d8                SDIO_IRQHandler
                0x00000000080078d8                TAMP_STAMP_IRQHandler
                0x00000000080078d8                CAN2_RX1_IRQHandler
                0x00000000080078d8                EXTI3_IRQHandler
                0x00000000080078d8                TIM8_TRG_COM_TIM14_IRQHandler
                0x00000000080078d8                TIM1_UP_TIM10_IRQHandler
                0x00000000080078d8                TIM8_UP_TIM13_IRQHandler
                0x00000000080078d8                I2C3_ER_IRQHandler
                0x00000000080078d8                EXTI0_IRQHandler
                0x00000000080078d8                I2C2_EV_IRQHandler
                0x00000000080078d8                CAN1_RX0_IRQHandler
                0x00000000080078d8                FPU_IRQHandler
                0x00000000080078d8                OTG_HS_WKUP_IRQHandler
                0x00000000080078d8                LTDC_ER_IRQHandler
                0x00000000080078d8                CAN2_SCE_IRQHandler
                0x00000000080078d8                DMA2_Stream2_IRQHandler
                0x00000000080078d8                SPI1_IRQHandler
                0x00000000080078d8                TIM1_BRK_TIM9_IRQHandler
                0x00000000080078d8                DCMI_IRQHandler
                0x00000000080078d8                CAN2_RX0_IRQHandler
                0x00000000080078d8                DMA2_Stream3_IRQHandler
                0x00000000080078d8                USART6_IRQHandler
                0x00000000080078d8                USART3_IRQHandler
                0x00000000080078d8                CAN1_RX1_IRQHandler
                0x00000000080078d8                UART5_IRQHandler
                0x00000000080078d8                DMA2_Stream0_IRQHandler
                0x00000000080078d8                TIM4_IRQHandler
                0x00000000080078d8                I2C1_EV_IRQHandler
                0x00000000080078d8                DMA1_Stream6_IRQHandler
                0x00000000080078d8                DMA1_Stream1_IRQHandler
                0x00000000080078d8                UART4_IRQHandler
                0x00000000080078d8                TIM3_IRQHandler
                0x00000000080078d8                RCC_IRQHandler
                0x00000000080078d8                TIM8_BRK_TIM12_IRQHandler
                0x00000000080078d8                Default_Handler
                0x00000000080078d8                EXTI15_10_IRQHandler
                0x00000000080078d8                ADC_IRQHandler
                0x00000000080078d8                DMA1_Stream7_IRQHandler
                0x00000000080078d8                SPI5_IRQHandler
                0x00000000080078d8                TIM7_IRQHandler
                0x00000000080078d8                CAN2_TX_IRQHandler
                0x00000000080078d8                TIM5_IRQHandler
                0x00000000080078d8                DMA2_Stream7_IRQHandler
                0x00000000080078d8                I2C3_EV_IRQHandler
                0x00000000080078d8                EXTI9_5_IRQHandler
                0x00000000080078d8                RTC_WKUP_IRQHandler
                0x00000000080078d8                ETH_WKUP_IRQHandler
                0x00000000080078d8                SPI2_IRQHandler
                0x00000000080078d8                OTG_HS_EP1_IN_IRQHandler
                0x00000000080078d8                DMA1_Stream0_IRQHandler
                0x00000000080078d8                CAN1_TX_IRQHandler
                0x00000000080078d8                EXTI4_IRQHandler
                0x00000000080078d8                ETH_IRQHandler
                0x00000000080078d8                OTG_HS_EP1_OUT_IRQHandler
                0x00000000080078d8                WWDG_IRQHandler
                0x00000000080078d8                SPI6_IRQHandler
                0x00000000080078d8                TIM2_IRQHandler
                0x00000000080078d8                OTG_FS_WKUP_IRQHandler
                0x00000000080078d8                TIM1_TRG_COM_TIM11_IRQHandler
                0x00000000080078d8                OTG_HS_IRQHandler
                0x00000000080078d8                EXTI1_IRQHandler
                0x00000000080078d8                UART7_IRQHandler
                0x00000000080078d8                USART2_IRQHandler
                0x00000000080078d8                I2C2_ER_IRQHandler
                0x00000000080078d8                DMA2_Stream1_IRQHandler
                0x00000000080078d8                CAN1_SCE_IRQHandler
                0x00000000080078d8                FLASH_IRQHandler
                0x00000000080078d8                DMA2_Stream4_IRQHandler
                0x00000000080078d8                USART1_IRQHandler
                0x00000000080078d8                OTG_FS_IRQHandler
                0x00000000080078d8                SPI3_IRQHandler
                0x00000000080078d8                I2C1_ER_IRQHandler
                0x00000000080078d8                FMC_IRQHandler
                0x00000000080078d8                DMA2_Stream6_IRQHandler
                0x00000000080078d8                SAI1_IRQHandler
                0x00000000080078d8                DMA1_Stream3_IRQHandler
 .text._GetRect
                0x00000000080078da       0x16 ../GUI/Lib//STemWin532_CM4_GCC.a(GUIDRV_Lin_32.o)
 .text._SetPixelIndex
                0x00000000080078f0       0x12 ../GUI/Lib//STemWin532_CM4_GCC.a(GUIDRV_Lin_32.o)
 .text._GetPixelIndex
                0x0000000008007902       0x10 ../GUI/Lib//STemWin532_CM4_GCC.a(GUIDRV_Lin_32.o)
 .text._XorPixel
                0x0000000008007912       0x28 ../GUI/Lib//STemWin532_CM4_GCC.a(GUIDRV_Lin_32.o)
 *fill*         0x000000000800793a        0x2 
 .text._FillRect
                0x000000000800793c      0x124 ../GUI/Lib//STemWin532_CM4_GCC.a(GUIDRV_Lin_32.o)
 .text._DrawHLine
                0x0000000008007a60        0xe ../GUI/Lib//STemWin532_CM4_GCC.a(GUIDRV_Lin_32.o)
 .text._DrawVLine
                0x0000000008007a6e       0x10 ../GUI/Lib//STemWin532_CM4_GCC.a(GUIDRV_Lin_32.o)
 .text._GetDevProp
                0x0000000008007a7e       0x3c ../GUI/Lib//STemWin532_CM4_GCC.a(GUIDRV_Lin_32.o)
 *fill*         0x0000000008007aba        0x2 
 .text._GetDevData
                0x0000000008007abc       0x10 ../GUI/Lib//STemWin532_CM4_GCC.a(GUIDRV_Lin_32.o)
 .text._ReadRect
                0x0000000008007acc       0x5e ../GUI/Lib//STemWin532_CM4_GCC.a(GUIDRV_Lin_32.o)
 *fill*         0x0000000008007b2a        0x2 
 .text._GetDevFunc
                0x0000000008007b2c       0xdc ../GUI/Lib//STemWin532_CM4_GCC.a(GUIDRV_Lin_32.o)
 .text._SetChroma
                0x0000000008007c08       0x16 ../GUI/Lib//STemWin532_CM4_GCC.a(GUIDRV_Lin_32.o)
 .text._SetChromaMode
                0x0000000008007c1e       0x16 ../GUI/Lib//STemWin532_CM4_GCC.a(GUIDRV_Lin_32.o)
 .text._SetAlphaMode
                0x0000000008007c34       0x16 ../GUI/Lib//STemWin532_CM4_GCC.a(GUIDRV_Lin_32.o)
 .text._Off     0x0000000008007c4a        0xa ../GUI/Lib//STemWin532_CM4_GCC.a(GUIDRV_Lin_32.o)
 .text._On      0x0000000008007c54        0xa ../GUI/Lib//STemWin532_CM4_GCC.a(GUIDRV_Lin_32.o)
 .text._SetOrg  0x0000000008007c5e       0x94 ../GUI/Lib//STemWin532_CM4_GCC.a(GUIDRV_Lin_32.o)
 *fill*         0x0000000008007cf2        0x2 
 .text._DrawBitmap
                0x0000000008007cf4      0x48c ../GUI/Lib//STemWin532_CM4_GCC.a(GUIDRV_Lin_32.o)
 .text._InitOnce.isra.4
                0x0000000008008180       0x24 ../GUI/Lib//STemWin532_CM4_GCC.a(GUIDRV_Lin_32.o)
 .text._SetDevFunc
                0x00000000080081a4       0x46 ../GUI/Lib//STemWin532_CM4_GCC.a(GUIDRV_Lin_32.o)
 .text._GetPos  0x00000000080081ea       0x1c ../GUI/Lib//STemWin532_CM4_GCC.a(GUIDRV_Lin_32.o)
 .text._ShowBuffer
                0x0000000008008206       0x26 ../GUI/Lib//STemWin532_CM4_GCC.a(GUIDRV_Lin_32.o)
 .text._Init    0x000000000800822c       0x1a ../GUI/Lib//STemWin532_CM4_GCC.a(GUIDRV_Lin_32.o)
 .text._SetVis  0x0000000008008246       0x28 ../GUI/Lib//STemWin532_CM4_GCC.a(GUIDRV_Lin_32.o)
 .text._SetAlpha
                0x000000000800826e       0x28 ../GUI/Lib//STemWin532_CM4_GCC.a(GUIDRV_Lin_32.o)
 .text._SetVRAMAddr
                0x0000000008008296       0x2a ../GUI/Lib//STemWin532_CM4_GCC.a(GUIDRV_Lin_32.o)
 .text._CopyBuffer
                0x00000000080082c0       0x52 ../GUI/Lib//STemWin532_CM4_GCC.a(GUIDRV_Lin_32.o)
 .text._SetPos  0x0000000008008312       0xe6 ../GUI/Lib//STemWin532_CM4_GCC.a(GUIDRV_Lin_32.o)
 .text._SetSize
                0x00000000080083f8       0x42 ../GUI/Lib//STemWin532_CM4_GCC.a(GUIDRV_Lin_32.o)
 .text._SetVSize
                0x000000000800843a       0x26 ../GUI/Lib//STemWin532_CM4_GCC.a(GUIDRV_Lin_32.o)
 .text.LCD_SetVRAMAddrEx
                0x0000000008008460       0x2c ../GUI/Lib//STemWin532_CM4_GCC.a(LCD_Set.o)
                0x0000000008008460                LCD_SetVRAMAddrEx
 .text.LCD_SetVSizeEx
                0x000000000800848c       0x30 ../GUI/Lib//STemWin532_CM4_GCC.a(LCD_Set.o)
                0x000000000800848c                LCD_SetVSizeEx
 .text.LCD_SetSizeEx
                0x00000000080084bc       0x30 ../GUI/Lib//STemWin532_CM4_GCC.a(LCD_Set.o)
                0x00000000080084bc                LCD_SetSizeEx
 .text.LCD_SetLUTEntryEx
                0x00000000080084ec       0x30 ../GUI/Lib//STemWin532_CM4_GCC.a(LCD_Set.o)
                0x00000000080084ec                LCD_SetLUTEntryEx
 .text.LCD_GetPosEx
                0x000000000800851c       0x30 ../GUI/Lib//STemWin532_CM4_GCC.a(LCD_Set.o)
                0x000000000800851c                LCD_GetPosEx
 .text.LCD_SetDevFunc
                0x000000000800854c       0x30 ../GUI/Lib//STemWin532_CM4_GCC.a(LCD_Set.o)
                0x000000000800854c                LCD_SetDevFunc
 .text._GetDevProp
                0x000000000800857c       0x1e ../GUI/Lib//STemWin532_CM4_GCC.a(LCD_GetEx.o)
 .text._GetMaxValue
                0x000000000800859a       0x22 ../GUI/Lib//STemWin532_CM4_GCC.a(LCD_GetEx.o)
 .text.LCD_GetXSizeEx
                0x00000000080085bc        0x6 ../GUI/Lib//STemWin532_CM4_GCC.a(LCD_GetEx.o)
                0x00000000080085bc                LCD_GetXSizeEx
 .text.LCD_GetYSizeEx
                0x00000000080085c2        0x6 ../GUI/Lib//STemWin532_CM4_GCC.a(LCD_GetEx.o)
                0x00000000080085c2                LCD_GetYSizeEx
 .text.LCD_GetVXSizeEx
                0x00000000080085c8        0x6 ../GUI/Lib//STemWin532_CM4_GCC.a(LCD_GetEx.o)
                0x00000000080085c8                LCD_GetVXSizeEx
 .text.LCD_GetVYSizeEx
                0x00000000080085ce        0x6 ../GUI/Lib//STemWin532_CM4_GCC.a(LCD_GetEx.o)
                0x00000000080085ce                LCD_GetVYSizeEx
 .text.LCD_GetBitsPerPixelEx
                0x00000000080085d4        0x6 ../GUI/Lib//STemWin532_CM4_GCC.a(LCD_GetEx.o)
                0x00000000080085d4                LCD_GetBitsPerPixelEx
 .text.LCD_GetNumColorsEx
                0x00000000080085da        0x6 ../GUI/Lib//STemWin532_CM4_GCC.a(LCD_GetEx.o)
                0x00000000080085da                LCD_GetNumColorsEx
 .text.LCD_GetMirrorXEx
                0x00000000080085e0        0x6 ../GUI/Lib//STemWin532_CM4_GCC.a(LCD_GetEx.o)
                0x00000000080085e0                LCD_GetMirrorXEx
 .text.LCD_GetMirrorYEx
                0x00000000080085e6        0x6 ../GUI/Lib//STemWin532_CM4_GCC.a(LCD_GetEx.o)
                0x00000000080085e6                LCD_GetMirrorYEx
 .text.LCD_GetSwapXYEx
                0x00000000080085ec        0x6 ../GUI/Lib//STemWin532_CM4_GCC.a(LCD_GetEx.o)
                0x00000000080085ec                LCD_GetSwapXYEx
 *fill*         0x00000000080085f2        0x2 
 .text.LCD_GetXSize
                0x00000000080085f4       0x10 ../GUI/Lib//STemWin532_CM4_GCC.a(LCD_GetEx.o)
                0x00000000080085f4                LCD_GetXSize
 .text.LCD_GetYSize
                0x0000000008008604       0x10 ../GUI/Lib//STemWin532_CM4_GCC.a(LCD_GetEx.o)
                0x0000000008008604                LCD_GetYSize
 .text.LCD_GetNumColors
                0x0000000008008614       0x10 ../GUI/Lib//STemWin532_CM4_GCC.a(LCD_GetEx.o)
                0x0000000008008614                LCD_GetNumColors
 .text.GUI_GetBitsPerPixelEx
                0x0000000008008624       0x18 ../GUI/Lib//STemWin532_CM4_GCC.a(LCD_GetEx.o)
                0x0000000008008624                GUI_GetBitsPerPixelEx
 .text.LCD_GetDevFunc
                0x000000000800863c       0x18 ../GUI/Lib//STemWin532_CM4_GCC.a(LCD_GetEx.o)
                0x000000000800863c                LCD_GetDevFunc
 .text.LCD_GetPaletteEx
                0x0000000008008654       0x14 ../GUI/Lib//STemWin532_CM4_GCC.a(LCD_GetEx.o)
                0x0000000008008654                LCD_GetPaletteEx
 .text.LCD_GetPalette
                0x0000000008008668       0x10 ../GUI/Lib//STemWin532_CM4_GCC.a(LCD_GetEx.o)
                0x0000000008008668                LCD_GetPalette
 .text.GUI_GetpfIndex2ColorEx
                0x0000000008008678       0x10 ../GUI/Lib//STemWin532_CM4_GCC.a(LCD_GetEx.o)
                0x0000000008008678                GUI_GetpfIndex2ColorEx
 .text.GUI_GetpfColor2IndexEx
                0x0000000008008688       0x10 ../GUI/Lib//STemWin532_CM4_GCC.a(LCD_GetEx.o)
                0x0000000008008688                GUI_GetpfColor2IndexEx
 .text.LCD_GetXSizeMax
                0x0000000008008698        0x6 ../GUI/Lib//STemWin532_CM4_GCC.a(LCD_GetEx.o)
                0x0000000008008698                LCD_GetXSizeMax
 .text.LCD_GetYSizeMax
                0x000000000800869e        0x6 ../GUI/Lib//STemWin532_CM4_GCC.a(LCD_GetEx.o)
                0x000000000800869e                LCD_GetYSizeMax
 .text.LCD_GetVXSizeMax
                0x00000000080086a4        0x6 ../GUI/Lib//STemWin532_CM4_GCC.a(LCD_GetEx.o)
                0x00000000080086a4                LCD_GetVXSizeMax
 *fill*         0x00000000080086aa        0x2 
 .text.LCD_SetDisplaySize
                0x00000000080086ac       0x14 ../GUI/Lib//STemWin532_CM4_GCC.a(LCD_GetEx.o)
                0x00000000080086ac                LCD_SetDisplaySize
 .text.LCD_GetXSizeDisplay
                0x00000000080086c0        0xc ../GUI/Lib//STemWin532_CM4_GCC.a(LCD_GetEx.o)
                0x00000000080086c0                LCD_GetXSizeDisplay
 .text.LCD_GetYSizeDisplay
                0x00000000080086cc        0xc ../GUI/Lib//STemWin532_CM4_GCC.a(LCD_GetEx.o)
                0x00000000080086cc                LCD_GetYSizeDisplay
 .text.LCD__GetBPP
                0x00000000080086d8       0x7e ../GUI/Lib//STemWin532_CM4_GCC.a(LCD_GetEx.o)
                0x00000000080086d8                LCD__GetBPP
 .text.LCD__GetBPPDevice
                0x0000000008008756       0x2c ../GUI/Lib//STemWin532_CM4_GCC.a(LCD_GetEx.o)
                0x0000000008008756                LCD__GetBPPDevice
 *fill*         0x0000000008008782        0x2 
 .text._OnExit  0x0000000008008784       0x14 ../GUI/Lib//STemWin532_CM4_GCC.a(LCD_Color.o)
 .text.LCD_InitColors
                0x0000000008008798       0x38 ../GUI/Lib//STemWin532_CM4_GCC.a(LCD_Color.o)
                0x0000000008008798                LCD_InitColors
 .text.LCD_GetpPalConvTableUncached
                0x00000000080087d0       0x5c ../GUI/Lib//STemWin532_CM4_GCC.a(LCD_Color.o)
                0x00000000080087d0                LCD_GetpPalConvTableUncached
 .text.LCD_GetpPalConvTable
                0x000000000800882c        0x4 ../GUI/Lib//STemWin532_CM4_GCC.a(LCD_Color.o)
                0x000000000800882c                LCD_GetpPalConvTable
 .text.LCD_GetpPalConvTableBM
                0x0000000008008830        0x4 ../GUI/Lib//STemWin532_CM4_GCC.a(LCD_Color.o)
                0x0000000008008830                LCD_GetpPalConvTableBM
 .text.LCD_InitLUT
                0x0000000008008834       0x7c ../GUI/Lib//STemWin532_CM4_GCC.a(LCD_Color.o)
                0x0000000008008834                LCD_InitLUT
 .text._SetDrawMode
                0x00000000080088b0       0x28 ../GUI/Lib//STemWin532_CM4_GCC.a(LCD.o)
 .text.LCD_SetDrawMode
                0x00000000080088d8       0x10 ../GUI/Lib//STemWin532_CM4_GCC.a(LCD.o)
                0x00000000080088d8                LCD_SetDrawMode
 .text.LCD_DrawPixel
                0x00000000080088e8       0x5c ../GUI/Lib//STemWin532_CM4_GCC.a(LCD.o)
                0x00000000080088e8                LCD_DrawPixel
 .text.LCD_DrawHLine
                0x0000000008008944       0x4c ../GUI/Lib//STemWin532_CM4_GCC.a(LCD.o)
                0x0000000008008944                LCD_DrawHLine
 .text.LCD_FillRect
                0x0000000008008990       0x58 ../GUI/Lib//STemWin532_CM4_GCC.a(LCD.o)
                0x0000000008008990                LCD_FillRect
 .text.LCD__DrawBitmap_1bpp
                0x00000000080089e8      0x1b8 ../GUI/Lib//STemWin532_CM4_GCC.a(LCD.o)
                0x00000000080089e8                LCD__DrawBitmap_1bpp
 .text.LCD_DrawBitmap
                0x0000000008008ba0      0x218 ../GUI/Lib//STemWin532_CM4_GCC.a(LCD.o)
                0x0000000008008ba0                LCD_DrawBitmap
 .text.LCD_SetClipRectMax
                0x0000000008008db8       0x20 ../GUI/Lib//STemWin532_CM4_GCC.a(LCD.o)
                0x0000000008008db8                LCD_SetClipRectMax
 .text.emWin_LCD_Init
                0x0000000008008dd8       0x92 ../GUI/Lib//STemWin532_CM4_GCC.a(LCD.o)
                0x0000000008008dd8                emWin_LCD_Init
 *fill*         0x0000000008008e6a        0x2 
 .text.LCD_Color2Index
                0x0000000008008e6c       0x20 ../GUI/Lib//STemWin532_CM4_GCC.a(LCD.o)
                0x0000000008008e6c                LCD_Color2Index
 .text.LCD_Index2Color
                0x0000000008008e8c       0x20 ../GUI/Lib//STemWin532_CM4_GCC.a(LCD.o)
                0x0000000008008e8c                LCD_Index2Color
 .text.LCD_SetColorIndex
                0x0000000008008eac       0x18 ../GUI/Lib//STemWin532_CM4_GCC.a(LCD.o)
                0x0000000008008eac                LCD_SetColorIndex
 .text._SetColor
                0x0000000008008ec4       0x20 ../GUI/Lib//STemWin532_CM4_GCC.a(LCD.o)
 .text.LCD_SetBkColorIndex
                0x0000000008008ee4       0x18 ../GUI/Lib//STemWin532_CM4_GCC.a(LCD.o)
                0x0000000008008ee4                LCD_SetBkColorIndex
 .text._SetBkColor
                0x0000000008008efc       0x20 ../GUI/Lib//STemWin532_CM4_GCC.a(LCD.o)
 .text.LCD_SetBkColor
                0x0000000008008f1c       0x10 ../GUI/Lib//STemWin532_CM4_GCC.a(LCD.o)
                0x0000000008008f1c                LCD_SetBkColor
 .text.LCD_SetColor
                0x0000000008008f2c       0x10 ../GUI/Lib//STemWin532_CM4_GCC.a(LCD.o)
                0x0000000008008f2c                LCD_SetColor
 .text.GUI__memset
                0x0000000008008f3c       0x54 ../GUI/Lib//STemWin532_CM4_GCC.a(GUI__memset.o)
                0x0000000008008f3c                GUI__memset
 .text.GUI__MixColors
                0x0000000008008f90       0x5e ../GUI/Lib//STemWin532_CM4_GCC.a(GUI__Alpha.o)
                0x0000000008008f90                GUI__MixColors
 .text.GUI__MixColorsBulk
                0x0000000008008fee       0x78 ../GUI/Lib//STemWin532_CM4_GCC.a(GUI__Alpha.o)
                0x0000000008008fee                GUI__MixColorsBulk
 *fill*         0x0000000008009066        0x2 
 .text._OnExit  0x0000000008009068       0x40 ../GUI/Lib//STemWin532_CM4_GCC.a(GUI__Alpha.o)
 .text.GUI__GetAlphaBuffer
                0x00000000080090a8       0xc8 ../GUI/Lib//STemWin532_CM4_GCC.a(GUI__Alpha.o)
                0x00000000080090a8                GUI__GetAlphaBuffer
 .text.GUI__DoAlphaBlending
                0x0000000008009170      0x1cc ../GUI/Lib//STemWin532_CM4_GCC.a(GUI__Alpha.o)
                0x0000000008009170                GUI__DoAlphaBlending
 .text.GUI__AllocAlphaBuffer
                0x000000000800933c       0x1a ../GUI/Lib//STemWin532_CM4_GCC.a(GUI__Alpha.o)
                0x000000000800933c                GUI__AllocAlphaBuffer
 *fill*         0x0000000008009356        0x2 
 .text.GUI_SetFuncAlphaBlending
                0x0000000008009358        0xc ../GUI/Lib//STemWin532_CM4_GCC.a(GUI__Alpha.o)
                0x0000000008009358                GUI_SetFuncAlphaBlending
 .text.GUI_SetFuncMixColors
                0x0000000008009364        0xc ../GUI/Lib//STemWin532_CM4_GCC.a(GUI__Alpha.o)
                0x0000000008009364                GUI_SetFuncMixColors
 .text.GUI_SetFuncMixColorsBulk
                0x0000000008009370        0xc ../GUI/Lib//STemWin532_CM4_GCC.a(GUI__Alpha.o)
                0x0000000008009370                GUI_SetFuncMixColorsBulk
 .text.GUI_Delay
                0x000000000800937c       0x28 ../GUI/Lib//STemWin532_CM4_GCC.a(GUI_Time.o)
                0x000000000800937c                GUI_Delay
 .text.GUI_GetLayerPosEx
                0x00000000080093a4       0x14 ../GUI/Lib//STemWin532_CM4_GCC.a(GUI_SelectLayer.o)
                0x00000000080093a4                GUI_GetLayerPosEx
 .text.GUI_SelectLayer
                0x00000000080093b8       0x2c ../GUI/Lib//STemWin532_CM4_GCC.a(GUI_SelectLayer.o)
                0x00000000080093b8                GUI_SelectLayer
 .text.GUI_SelectLCD
                0x00000000080093e4       0x12 ../GUI/Lib//STemWin532_CM4_GCC.a(GUI_SelectLCD.o)
                0x00000000080093e4                GUI_SelectLCD
 *fill*         0x00000000080093f6        0x2 
 .text.GUI_MULTIBUF_ConfirmEx
                0x00000000080093f8       0x30 ../GUI/Lib//STemWin532_CM4_GCC.a(GUI_MULTIBUF.o)
                0x00000000080093f8                GUI_MULTIBUF_ConfirmEx
 .text.GUI_GetDrawMode
                0x0000000008009428        0xc ../GUI/Lib//STemWin532_CM4_GCC.a(GUI_GetDrawMode.o)
                0x0000000008009428                GUI_GetDrawMode
 .text.GUI_Exec1
                0x0000000008009434       0x34 ../GUI/Lib//STemWin532_CM4_GCC.a(GUI_Exec.o)
                0x0000000008009434                GUI_Exec1
 .text.GUI_Exec
                0x0000000008009468       0x12 ../GUI/Lib//STemWin532_CM4_GCC.a(GUI_Exec.o)
                0x0000000008009468                GUI_Exec
 *fill*         0x000000000800947a        0x2 
 .text.GUI__DrawBitmapA16bpp
                0x000000000800947c      0x34c ../GUI/Lib//STemWin532_CM4_GCC.a(GUI_DrawBitmap_A16.o)
                0x000000000800947c                GUI__DrawBitmapA16bpp
 .text._DrawBitmapA565
                0x00000000080097c8       0x24 ../GUI/Lib//STemWin532_CM4_GCC.a(GUI_DrawBitmap_A16.o)
 .text.GL_DrawBitmap
                0x00000000080097ec       0xa0 ../GUI/Lib//STemWin532_CM4_GCC.a(GUI_DrawBitmap.o)
                0x00000000080097ec                GL_DrawBitmap
 .text.GUI_DrawBitmap
                0x000000000800988c       0x4c ../GUI/Lib//STemWin532_CM4_GCC.a(GUI_DrawBitmap.o)
                0x000000000800988c                GUI_DrawBitmap
 .text.GUI_DEVICE__GetpDriver
                0x00000000080098d8       0x20 ../GUI/Lib//STemWin532_CM4_GCC.a(GUI_Device.o)
                0x00000000080098d8                GUI_DEVICE__GetpDriver
 .text.GUI_DEVICE_Delete
                0x00000000080098f8        0x4 ../GUI/Lib//STemWin532_CM4_GCC.a(GUI_Device.o)
                0x00000000080098f8                GUI_DEVICE_Delete
 .text.GUI_DEVICE_Create
                0x00000000080098fc       0x4c ../GUI/Lib//STemWin532_CM4_GCC.a(GUI_Device.o)
                0x00000000080098fc                GUI_DEVICE_Create
 .text.GUI_DEVICE_Unlink
                0x0000000008009948       0x2c ../GUI/Lib//STemWin532_CM4_GCC.a(GUI_Device.o)
                0x0000000008009948                GUI_DEVICE_Unlink
 .text.GUI_DEVICE_Link
                0x0000000008009974       0x74 ../GUI/Lib//STemWin532_CM4_GCC.a(GUI_Device.o)
                0x0000000008009974                GUI_DEVICE_Link
 .text.GUI_DEVICE_CreateAndLink
                0x00000000080099e8       0x28 ../GUI/Lib//STemWin532_CM4_GCC.a(GUI_Device.o)
                0x00000000080099e8                GUI_DEVICE_CreateAndLink
 .text._OnExit  0x0000000008009a10       0x2c ../GUI/Lib//STemWin532_CM4_GCC.a(GUI_Core.o)
 .text._InitContext
                0x0000000008009a3c       0x80 ../GUI/Lib//STemWin532_CM4_GCC.a(GUI_Core.o)
 .text.GUI_SetFuncGetpPalConvTable
                0x0000000008009abc        0xc ../GUI/Lib//STemWin532_CM4_GCC.a(GUI_Core.o)
                0x0000000008009abc                GUI_SetFuncGetpPalConvTable
 .text.GUI_SetDefaultFont
                0x0000000008009ac8        0xc ../GUI/Lib//STemWin532_CM4_GCC.a(GUI_Core.o)
                0x0000000008009ac8                GUI_SetDefaultFont
 .text.GUI_ClearRect
                0x0000000008009ad4       0x64 ../GUI/Lib//STemWin532_CM4_GCC.a(GUI_Core.o)
                0x0000000008009ad4                GUI_ClearRect
 .text.GUI_Clear
                0x0000000008009b38       0x20 ../GUI/Lib//STemWin532_CM4_GCC.a(GUI_Core.o)
                0x0000000008009b38                GUI_Clear
 .text.GUI__RegisterExit
                0x0000000008009b58       0x24 ../GUI/Lib//STemWin532_CM4_GCC.a(GUI_Core.o)
                0x0000000008009b58                GUI__RegisterExit
 .text.GUI__Config
                0x0000000008009b7c       0x30 ../GUI/Lib//STemWin532_CM4_GCC.a(GUI_Core.o)
                0x0000000008009b7c                GUI__Config
 .text.GUI_Init
                0x0000000008009bac       0xa8 ../GUI/Lib//STemWin532_CM4_GCC.a(GUI_Core.o)
                0x0000000008009bac                GUI_Init
 .text.GUIMONO_DispChar
                0x0000000008009c54      0x150 ../GUI/Lib//STemWin532_CM4_GCC.a(GUI_CharM.o)
                0x0000000008009c54                GUIMONO_DispChar
 .text.GUIMONO_GetCharDistX
                0x0000000008009da4       0x18 ../GUI/Lib//STemWin532_CM4_GCC.a(GUI_CharM.o)
                0x0000000008009da4                GUIMONO_GetCharDistX
 .text.GUIMONO_GetFontInfo
                0x0000000008009dbc        0x6 ../GUI/Lib//STemWin532_CM4_GCC.a(GUI_CharM.o)
                0x0000000008009dbc                GUIMONO_GetFontInfo
 .text.GUIMONO_IsInFont
                0x0000000008009dc2       0x36 ../GUI/Lib//STemWin532_CM4_GCC.a(GUI_CharM.o)
                0x0000000008009dc2                GUIMONO_IsInFont
 .text._PushFreeBlock
                0x0000000008009df8       0x24 ../GUI/Lib//STemWin532_CM4_GCC.a(GUI_Alloc.o)
 .text._OnExit  0x0000000008009e1c       0x38 ../GUI/Lib//STemWin532_CM4_GCC.a(GUI_Alloc.o)
 .text._RemoveFreeBlock
                0x0000000008009e54       0x40 ../GUI/Lib//STemWin532_CM4_GCC.a(GUI_Alloc.o)
 .text._AddFreeMemory
                0x0000000008009e94       0xa0 ../GUI/Lib//STemWin532_CM4_GCC.a(GUI_Alloc.o)
 .text._RemoveHoles
                0x0000000008009f34       0x9c ../GUI/Lib//STemWin532_CM4_GCC.a(GUI_Alloc.o)
 .text.GUI_ALLOC_FreeFixedBlock
                0x0000000008009fd0       0x14 ../GUI/Lib//STemWin532_CM4_GCC.a(GUI_Alloc.o)
                0x0000000008009fd0                GUI_ALLOC_FreeFixedBlock
 .text.GUI_ALLOC_h2p
                0x0000000008009fe4       0x14 ../GUI/Lib//STemWin532_CM4_GCC.a(GUI_Alloc.o)
                0x0000000008009fe4                GUI_ALLOC_h2p
 .text.GUI_ALLOC_LockH
                0x0000000008009ff8       0x1c ../GUI/Lib//STemWin532_CM4_GCC.a(GUI_Alloc.o)
                0x0000000008009ff8                GUI_ALLOC_LockH
 .text.GUI_ALLOC_UnlockH
                0x000000000800a014       0x30 ../GUI/Lib//STemWin532_CM4_GCC.a(GUI_Alloc.o)
                0x000000000800a014                GUI_ALLOC_UnlockH
 .text.GUI_ALLOC_AssignMemory
                0x000000000800a044       0x10 ../GUI/Lib//STemWin532_CM4_GCC.a(GUI_Alloc.o)
                0x000000000800a044                GUI_ALLOC_AssignMemory
 .text.GUI_ALLOC_Free
                0x000000000800a054       0x30 ../GUI/Lib//STemWin532_CM4_GCC.a(GUI_Alloc.o)
                0x000000000800a054                GUI_ALLOC_Free
 .text._EnlargeBlocks
                0x000000000800a084       0x98 ../GUI/Lib//STemWin532_CM4_GCC.a(GUI_Alloc.o)
 .text._InitOnce
                0x000000000800a11c      0x174 ../GUI/Lib//STemWin532_CM4_GCC.a(GUI_Alloc.o)
 .text.GUI_ALLOC_GetFixedBlock
                0x000000000800a290       0xa4 ../GUI/Lib//STemWin532_CM4_GCC.a(GUI_Alloc.o)
                0x000000000800a290                GUI_ALLOC_GetFixedBlock
 .text.GUI_ALLOC_GetMaxSize
                0x000000000800a334       0x3c ../GUI/Lib//STemWin532_CM4_GCC.a(GUI_Alloc.o)
                0x000000000800a334                GUI_ALLOC_GetMaxSize
 .text.GUI_ALLOC_RequestSize
                0x000000000800a370       0x2c ../GUI/Lib//STemWin532_CM4_GCC.a(GUI_Alloc.o)
                0x000000000800a370                GUI_ALLOC_RequestSize
 .text._Alloc   0x000000000800a39c       0xec ../GUI/Lib//STemWin532_CM4_GCC.a(GUI_Alloc.o)
 .text.GUI_ALLOC_AllocNoInit
                0x000000000800a488        0x8 ../GUI/Lib//STemWin532_CM4_GCC.a(GUI_Alloc.o)
                0x000000000800a488                GUI_ALLOC_AllocNoInit
 .text._Color2Index_M888
                0x000000000800a490       0x12 ../GUI/Lib//STemWin532_CM4_GCC.a(GUICC_M888.o)
 .text._GetIndexMask_M888
                0x000000000800a4a2        0x6 ../GUI/Lib//STemWin532_CM4_GCC.a(GUICC_M888.o)
 .text._Color2IndexBulk
                0x000000000800a4a8       0x38 ../GUI/Lib//STemWin532_CM4_GCC.a(GUICC_M888.o)
 .text._Index2ColorBulk
                0x000000000800a4e0       0x38 ../GUI/Lib//STemWin532_CM4_GCC.a(GUICC_M888.o)
 .text.GUICC_M888_SetCustColorConv
                0x000000000800a518       0x14 ../GUI/Lib//STemWin532_CM4_GCC.a(GUICC_M888.o)
                0x000000000800a518                GUICC_M888_SetCustColorConv
 .text.LCD_Index2Color_M565
                0x000000000800a52c       0x28 ../GUI/Lib//STemWin532_CM4_GCC.a(GUICC_M565.o)
                0x000000000800a52c                LCD_Index2Color_M565
 .text._Color2Index_M565
                0x000000000800a554       0x28 ../GUI/Lib//STemWin532_CM4_GCC.a(GUICC_M565.o)
 .text._GetIndexMask_M565
                0x000000000800a57c        0x6 ../GUI/Lib//STemWin532_CM4_GCC.a(GUICC_M565.o)
 *fill*         0x000000000800a582        0x2 
 .text._Color2IndexBulk
                0x000000000800a584       0x4c ../GUI/Lib//STemWin532_CM4_GCC.a(GUICC_M565.o)
 .text._Index2ColorBulk
                0x000000000800a5d0       0x5c ../GUI/Lib//STemWin532_CM4_GCC.a(GUICC_M565.o)
 .text.GUICC_M565_SetCustColorConv
                0x000000000800a62c       0x14 ../GUI/Lib//STemWin532_CM4_GCC.a(GUICC_M565.o)
                0x000000000800a62c                GUICC_M565_SetCustColorConv
 .text.LCD_Index2Color_888
                0x000000000800a640        0x2 ../GUI/Lib//STemWin532_CM4_GCC.a(GUICC_888_Index2Color.o)
                0x000000000800a640                LCD_Index2Color_888
 .text.LCD_Index2Color_8888
                0x000000000800a642        0x2 ../GUI/Lib//STemWin532_CM4_GCC.a(GUICC_8888_Index2Color.o)
                0x000000000800a642                LCD_Index2Color_8888
 .text.LCD_Index2Color_565
                0x000000000800a644       0x28 ../GUI/Lib//STemWin532_CM4_GCC.a(GUICC_565.o)
                0x000000000800a644                LCD_Index2Color_565
 .text._GetIndexMask_0
                0x000000000800a66c       0x52 ../GUI/Lib//STemWin532_CM4_GCC.a(GUICC_0.o)
 .text._Index2Color_0
                0x000000000800a6be       0x1e ../GUI/Lib//STemWin532_CM4_GCC.a(GUICC_0.o)
 .text._Color2Index_0
                0x000000000800a6dc       0x5a ../GUI/Lib//STemWin532_CM4_GCC.a(GUICC_0.o)
 .text._Color2Index_M8888I
                0x000000000800a736       0x1a ../GUI/Lib//STemWin532_CM4_GCC.a(GUICC_M8888I.o)
 .text._GetIndexMask_M8888I
                0x000000000800a750        0x6 ../GUI/Lib//STemWin532_CM4_GCC.a(GUICC_M8888I.o)
 *fill*         0x000000000800a756        0x2 
 .text._Color2IndexBulk_M8888I
                0x000000000800a758       0x40 ../GUI/Lib//STemWin532_CM4_GCC.a(GUICC_M8888I.o)
 .text._Index2ColorBulk_M8888I
                0x000000000800a798       0x40 ../GUI/Lib//STemWin532_CM4_GCC.a(GUICC_M8888I.o)
 .text.GUICC_M8888I_SetCustColorConv
                0x000000000800a7d8       0x14 ../GUI/Lib//STemWin532_CM4_GCC.a(GUICC_M8888I.o)
                0x000000000800a7d8                GUICC_M8888I_SetCustColorConv
 .text._Color2Index_M4444I
                0x000000000800a7ec       0x3a ../GUI/Lib//STemWin532_CM4_GCC.a(GUICC_M4444I.o)
 *fill*         0x000000000800a826        0x2 
 .text._Index2Color_M4444I
                0x000000000800a828       0x30 ../GUI/Lib//STemWin532_CM4_GCC.a(GUICC_M4444I.o)
 .text._GetIndexMask_M4444I
                0x000000000800a858        0x6 ../GUI/Lib//STemWin532_CM4_GCC.a(GUICC_M4444I.o)
 *fill*         0x000000000800a85e        0x2 
 .text._Color2IndexBulk_M4444I
                0x000000000800a860       0x64 ../GUI/Lib//STemWin532_CM4_GCC.a(GUICC_M4444I.o)
 .text._Index2ColorBulk_M4444I
                0x000000000800a8c4       0x64 ../GUI/Lib//STemWin532_CM4_GCC.a(GUICC_M4444I.o)
 .text.GUICC_M4444I_SetCustColorConv
                0x000000000800a928       0x14 ../GUI/Lib//STemWin532_CM4_GCC.a(GUICC_M4444I.o)
                0x000000000800a928                GUICC_M4444I_SetCustColorConv
 .text._Color2Index_M1555I
                0x000000000800a93c       0x28 ../GUI/Lib//STemWin532_CM4_GCC.a(GUICC_M1555I.o)
 .text._Index2Color_M1555I
                0x000000000800a964       0x34 ../GUI/Lib//STemWin532_CM4_GCC.a(GUICC_M1555I.o)
 .text._GetIndexMask_M1555I
                0x000000000800a998        0x6 ../GUI/Lib//STemWin532_CM4_GCC.a(GUICC_M1555I.o)
 *fill*         0x000000000800a99e        0x2 
 .text._Color2IndexBulk_M1555I
                0x000000000800a9a0       0x50 ../GUI/Lib//STemWin532_CM4_GCC.a(GUICC_M1555I.o)
 .text._Index2ColorBulk_M1555I
                0x000000000800a9f0       0x68 ../GUI/Lib//STemWin532_CM4_GCC.a(GUICC_M1555I.o)
 .text.GUICC_M1555I_SetCustColorConv
                0x000000000800aa58       0x14 ../GUI/Lib//STemWin532_CM4_GCC.a(GUICC_M1555I.o)
                0x000000000800aa58                GUICC_M1555I_SetCustColorConv
 .text._Color2Index_88666I
                0x000000000800aa6c       0x20 ../GUI/Lib//STemWin532_CM4_GCC.a(GUICC_88666I.o)
 .text._Index2Color_88666I
                0x000000000800aa8c       0x20 ../GUI/Lib//STemWin532_CM4_GCC.a(GUICC_88666I.o)
 .text._GetIndexMask_88666I
                0x000000000800aaac        0x6 ../GUI/Lib//STemWin532_CM4_GCC.a(GUICC_88666I.o)
 *fill*         0x000000000800aab2        0x2 
 .text._Color2IndexBulk_88666I
                0x000000000800aab4       0x38 ../GUI/Lib//STemWin532_CM4_GCC.a(GUICC_88666I.o)
 .text._Index2ColorBulk_88666I
                0x000000000800aaec       0x4c ../GUI/Lib//STemWin532_CM4_GCC.a(GUICC_88666I.o)
 .text.LCD_Color2Index_8666
                0x000000000800ab38       0x56 ../GUI/Lib//STemWin532_CM4_GCC.a(GUICC_8666.o)
                0x000000000800ab38                LCD_Color2Index_8666
 .text._GetIndexMask_8666
                0x000000000800ab8e        0x4 ../GUI/Lib//STemWin532_CM4_GCC.a(GUICC_8666.o)
 *fill*         0x000000000800ab92        0x2 
 .text.LCD_Index2Color_8666
                0x000000000800ab94       0x54 ../GUI/Lib//STemWin532_CM4_GCC.a(GUICC_8666.o)
                0x000000000800ab94                LCD_Index2Color_8666
 .text._Color2Index_1616I
                0x000000000800abe8       0x28 ../GUI/Lib//STemWin532_CM4_GCC.a(GUICC_1616I.o)
 .text._Index2Color_1616I
                0x000000000800ac10       0x24 ../GUI/Lib//STemWin532_CM4_GCC.a(GUICC_1616I.o)
 .text._GetIndexMask_1616I
                0x000000000800ac34        0x4 ../GUI/Lib//STemWin532_CM4_GCC.a(GUICC_1616I.o)
 .text._Color2IndexBulk_1616I
                0x000000000800ac38       0x3c ../GUI/Lib//STemWin532_CM4_GCC.a(GUICC_1616I.o)
 .text._Index2ColorBulk_1616I
                0x000000000800ac74       0x50 ../GUI/Lib//STemWin532_CM4_GCC.a(GUICC_1616I.o)
 .text._Color2Index_16
                0x000000000800acc4       0x5c ../GUI/Lib//STemWin532_CM4_GCC.a(GUICC_16.o)
 .text._Index2Color_16
                0x000000000800ad20       0x3a ../GUI/Lib//STemWin532_CM4_GCC.a(GUICC_16.o)
 .text._GetIndexMask_16
                0x000000000800ad5a        0x4 ../GUI/Lib//STemWin532_CM4_GCC.a(GUICC_16.o)
 *fill*         0x000000000800ad5e        0x2 
 .text.WM_GetDesktopWindow
                0x000000000800ad60       0x18 ../GUI/Lib//STemWin532_CM4_GCC.a(WM_GetDesktopWindow.o)
                0x000000000800ad60                WM_GetDesktopWindow
 .text._OnExit  0x000000000800ad78       0x50 ../GUI/Lib//STemWin532_CM4_GCC.a(WM.o)
 .text._Paint1  0x000000000800adc8       0x24 ../GUI/Lib//STemWin532_CM4_GCC.a(WM.o)
 .text._Findy1  0x000000000800adec       0xac ../GUI/Lib//STemWin532_CM4_GCC.a(WM.o)
 .text._Findx0  0x000000000800ae98       0x88 ../GUI/Lib//STemWin532_CM4_GCC.a(WM.o)
 .text._Findx1  0x000000000800af20       0x76 ../GUI/Lib//STemWin532_CM4_GCC.a(WM.o)
 *fill*         0x000000000800af96        0x2 
 .text._Paint1Trans
                0x000000000800af98       0x94 ../GUI/Lib//STemWin532_CM4_GCC.a(WM.o)
 .text._PaintTransChildren
                0x000000000800b02c       0xb6 ../GUI/Lib//STemWin532_CM4_GCC.a(WM.o)
 *fill*         0x000000000800b0e2        0x2 
 .text.WM__PaintWinAndOverlays
                0x000000000800b0e4       0x78 ../GUI/Lib//STemWin532_CM4_GCC.a(WM.o)
 .text._cbPaintMemDev
                0x000000000800b15c       0x68 ../GUI/Lib//STemWin532_CM4_GCC.a(WM.o)
 .text.WM__ClipAtParentBorders
                0x000000000800b1c4       0x5c ../GUI/Lib//STemWin532_CM4_GCC.a(WM.o)
                0x000000000800b1c4                WM__ClipAtParentBorders
 .text.WM__InsertWindowIntoList
                0x000000000800b220       0xa4 ../GUI/Lib//STemWin532_CM4_GCC.a(WM.o)
                0x000000000800b220                WM__InsertWindowIntoList
 .text.WM__RemoveWindowFromList
                0x000000000800b2c4       0x3c ../GUI/Lib//STemWin532_CM4_GCC.a(WM.o)
                0x000000000800b2c4                WM__RemoveWindowFromList
 .text.WM__Client2Screen
                0x000000000800b300       0x10 ../GUI/Lib//STemWin532_CM4_GCC.a(WM.o)
                0x000000000800b300                WM__Client2Screen
 .text._SetClipRectUserIntersect
                0x000000000800b310       0x50 ../GUI/Lib//STemWin532_CM4_GCC.a(WM.o)
 .text.WM__ActivateClipRect
                0x000000000800b360       0x48 ../GUI/Lib//STemWin532_CM4_GCC.a(WM.o)
                0x000000000800b360                WM__ActivateClipRect
 .text.WM__IsWindow
                0x000000000800b3a8       0x20 ../GUI/Lib//STemWin532_CM4_GCC.a(WM.o)
                0x000000000800b3a8                WM__IsWindow
 .text.WM__InvalidateDrawAndDescs
                0x000000000800b3c8       0x50 ../GUI/Lib//STemWin532_CM4_GCC.a(WM.o)
                0x000000000800b3c8                WM__InvalidateDrawAndDescs
 .text.WM__RectIsNZ
                0x000000000800b418       0x22 ../GUI/Lib//STemWin532_CM4_GCC.a(WM.o)
                0x000000000800b418                WM__RectIsNZ
 *fill*         0x000000000800b43a        0x2 
 .text._Invalidate1Abs
                0x000000000800b43c       0x88 ../GUI/Lib//STemWin532_CM4_GCC.a(WM.o)
 .text.WM__Invalidate1Abs
                0x000000000800b4c4        0x6 ../GUI/Lib//STemWin532_CM4_GCC.a(WM.o)
                0x000000000800b4c4                WM__Invalidate1Abs
 .text.WM_InvalidateWindowAndDescsEx
                0x000000000800b4ca       0x64 ../GUI/Lib//STemWin532_CM4_GCC.a(WM.o)
                0x000000000800b4ca                WM_InvalidateWindowAndDescsEx
 .text.WM__InvalidateRect
                0x000000000800b52e       0x78 ../GUI/Lib//STemWin532_CM4_GCC.a(WM.o)
                0x000000000800b52e                WM__InvalidateRect
 .text.WM__InvalidateParent
                0x000000000800b5a6       0x2a ../GUI/Lib//STemWin532_CM4_GCC.a(WM.o)
                0x000000000800b5a6                WM__InvalidateParent
 .text.WM__InvalidateRectEx
                0x000000000800b5d0        0x6 ../GUI/Lib//STemWin532_CM4_GCC.a(WM.o)
                0x000000000800b5d0                WM__InvalidateRectEx
 .text.WM__DetachWindow
                0x000000000800b5d6       0x2a ../GUI/Lib//STemWin532_CM4_GCC.a(WM.o)
                0x000000000800b5d6                WM__DetachWindow
 .text.WM__SendMsgNoData
                0x000000000800b600       0x16 ../GUI/Lib//STemWin532_CM4_GCC.a(WM.o)
                0x000000000800b600                WM__SendMsgNoData
 .text.WM__GetClientRectWin
                0x000000000800b616       0x18 ../GUI/Lib//STemWin532_CM4_GCC.a(WM.o)
                0x000000000800b616                WM__GetClientRectWin
 .text.WM_InvalidateRect
                0x000000000800b62e       0x78 ../GUI/Lib//STemWin532_CM4_GCC.a(WM.o)
                0x000000000800b62e                WM_InvalidateRect
 .text.WM_InvalidateWindow
                0x000000000800b6a6        0x6 ../GUI/Lib//STemWin532_CM4_GCC.a(WM.o)
                0x000000000800b6a6                WM_InvalidateWindow
 .text.WM__GetTopLevelLayer
                0x000000000800b6ac       0x28 ../GUI/Lib//STemWin532_CM4_GCC.a(WM.o)
                0x000000000800b6ac                WM__GetTopLevelLayer
 .text.WM__SelectTopLevelLayer
                0x000000000800b6d4       0x14 ../GUI/Lib//STemWin532_CM4_GCC.a(WM.o)
                0x000000000800b6d4                WM__SelectTopLevelLayer
 .text.WM_SelectWindow
                0x000000000800b6e8       0x40 ../GUI/Lib//STemWin532_CM4_GCC.a(WM.o)
                0x000000000800b6e8                WM_SelectWindow
 .text.WM_CreateWindowAsChild
                0x000000000800b728      0x154 ../GUI/Lib//STemWin532_CM4_GCC.a(WM.o)
                0x000000000800b728                WM_CreateWindowAsChild
 .text.WM_DeleteWindow
                0x000000000800b87c      0x114 ../GUI/Lib//STemWin532_CM4_GCC.a(WM.o)
                0x000000000800b87c                WM_DeleteWindow
 .text.WM__GetNextIVR
                0x000000000800b990      0x184 ../GUI/Lib//STemWin532_CM4_GCC.a(WM.o)
                0x000000000800b990                WM__GetNextIVR
 .text.WM__InitIVRSearch
                0x000000000800bb14       0xfc ../GUI/Lib//STemWin532_CM4_GCC.a(WM.o)
                0x000000000800bb14                WM__InitIVRSearch
 .text.WM_SetDefault
                0x000000000800bc10       0x14 ../GUI/Lib//STemWin532_CM4_GCC.a(WM.o)
                0x000000000800bc10                WM_SetDefault
 .text.WM__Paint1
                0x000000000800bc24       0x90 ../GUI/Lib//STemWin532_CM4_GCC.a(WM.o)
                0x000000000800bc24                WM__Paint1
 .text.WM__Paint
                0x000000000800bcb4       0xac ../GUI/Lib//STemWin532_CM4_GCC.a(WM.o)
                0x000000000800bcb4                WM__Paint
 .text.WM_Exec  0x000000000800bd60      0x15c ../GUI/Lib//STemWin532_CM4_GCC.a(WM.o)
                0x000000000800bd60                WM_Exec
 .text.WM_Activate
                0x000000000800bebc       0x10 ../GUI/Lib//STemWin532_CM4_GCC.a(WM.o)
                0x000000000800bebc                WM_Activate
 .text.WM_Deactivate
                0x000000000800becc       0x14 ../GUI/Lib//STemWin532_CM4_GCC.a(WM.o)
                0x000000000800becc                WM_Deactivate
 .text.WM_DefaultProc
                0x000000000800bee0       0x48 ../GUI/Lib//STemWin532_CM4_GCC.a(WM.o)
                0x000000000800bee0                WM_DefaultProc
 .text._cbBackWin
                0x000000000800bf28       0x68 ../GUI/Lib//STemWin532_CM4_GCC.a(WM.o)
 .text.WM_Init  0x000000000800bf90       0xf4 ../GUI/Lib//STemWin532_CM4_GCC.a(WM.o)
                0x000000000800bf90                WM_Init
 .text._CreateStaticDevice
                0x000000000800c084      0x170 ../GUI/Lib//STemWin532_CM4_GCC.a(GUIDEV_StaticDevices.o)
 .text.GUI_MEMDEV_Paint1Static
                0x000000000800c1f4       0x1c ../GUI/Lib//STemWin532_CM4_GCC.a(GUIDEV_StaticDevices.o)
                0x000000000800c1f4                GUI_MEMDEV_Paint1Static
 .text.GUI_MEMDEV_SetOrg
                0x000000000800c210       0x54 ../GUI/Lib//STemWin532_CM4_GCC.a(GUIDEV_SetOrg.o)
                0x000000000800c210                GUI_MEMDEV_SetOrg
 .text.GUI_MEMDEV_GetYSize
                0x000000000800c264       0x2c ../GUI/Lib//STemWin532_CM4_GCC.a(GUIDEV_GetYSize.o)
                0x000000000800c264                GUI_MEMDEV_GetYSize
 .text.GUI_MEMDEV_GetDataPtr
                0x000000000800c290       0x1e ../GUI/Lib//STemWin532_CM4_GCC.a(GUIDEV_GetDataPtr.o)
                0x000000000800c290                GUI_MEMDEV_GetDataPtr
 *fill*         0x000000000800c2ae        0x2 
 .text.GUI_MEMDEV_Draw
                0x000000000800c2b0      0x150 ../GUI/Lib//STemWin532_CM4_GCC.a(GUIDEV_Banding.o)
                0x000000000800c2b0                GUI_MEMDEV_Draw
 .text._GetDevData
                0x000000000800c400       0x10 ../GUI/Lib//STemWin532_CM4_GCC.a(GUIDEV_32.o)
 .text._GetDevFunc
                0x000000000800c410       0x10 ../GUI/Lib//STemWin532_CM4_GCC.a(GUIDEV_32.o)
 .text._GetDevProp
                0x000000000800c420        0xa ../GUI/Lib//STemWin532_CM4_GCC.a(GUIDEV_32.o)
 .text._SetOrg  0x000000000800c42a        0xc ../GUI/Lib//STemWin532_CM4_GCC.a(GUIDEV_32.o)
 .text._GetRect
                0x000000000800c436       0x32 ../GUI/Lib//STemWin532_CM4_GCC.a(GUIDEV_32.o)
 .text._XY2PTR  0x000000000800c468       0x40 ../GUI/Lib//STemWin532_CM4_GCC.a(GUIDEV_32.o)
 .text._GetPixelIndex
                0x000000000800c4a8        0xe ../GUI/Lib//STemWin532_CM4_GCC.a(GUIDEV_32.o)
 *fill*         0x000000000800c4b6        0x2 
 .text._XorPixel
                0x000000000800c4b8       0x5c ../GUI/Lib//STemWin532_CM4_GCC.a(GUIDEV_32.o)
 .text._SetPixelIndex
                0x000000000800c514       0x4c ../GUI/Lib//STemWin532_CM4_GCC.a(GUIDEV_32.o)
 .text._DrawVLine
                0x000000000800c560       0xbc ../GUI/Lib//STemWin532_CM4_GCC.a(GUIDEV_32.o)
 .text._FillRect
                0x000000000800c61c       0xb8 ../GUI/Lib//STemWin532_CM4_GCC.a(GUIDEV_32.o)
 .text._DrawHLine
                0x000000000800c6d4        0xe ../GUI/Lib//STemWin532_CM4_GCC.a(GUIDEV_32.o)
 *fill*         0x000000000800c6e2        0x2 
 .text._DrawBitmap
                0x000000000800c6e4      0x738 ../GUI/Lib//STemWin532_CM4_GCC.a(GUIDEV_32.o)
 .text.GUI_MEMDEV__WriteToActiveAt
                0x000000000800ce1c       0x38 ../GUI/Lib//STemWin532_CM4_GCC.a(GUIDEV.o)
                0x000000000800ce1c                GUI_MEMDEV__WriteToActiveAt
 .text.GUI_MEMDEV__CreateFixed
                0x000000000800ce54      0x104 ../GUI/Lib//STemWin532_CM4_GCC.a(GUIDEV.o)
                0x000000000800ce54                GUI_MEMDEV__CreateFixed
 .text.GUI_MEMDEV_GetBitsPerPixel
                0x000000000800cf58       0x2a ../GUI/Lib//STemWin532_CM4_GCC.a(GUIDEV.o)
                0x000000000800cf58                GUI_MEMDEV_GetBitsPerPixel
 *fill*         0x000000000800cf82        0x2 
 .text.GUI_MEMDEV_Delete
                0x000000000800cf84       0x44 ../GUI/Lib//STemWin532_CM4_GCC.a(GUIDEV.o)
                0x000000000800cf84                GUI_MEMDEV_Delete
 .text.GUI_MEMDEV_CreateEx
                0x000000000800cfc8       0x78 ../GUI/Lib//STemWin532_CM4_GCC.a(GUIDEV.o)
                0x000000000800cfc8                GUI_MEMDEV_CreateEx
 .text.GUI_MEMDEV_Select
                0x000000000800d040       0x4c ../GUI/Lib//STemWin532_CM4_GCC.a(GUIDEV.o)
                0x000000000800d040                GUI_MEMDEV_Select
 .text.GUI_MEMDEV_CopyToLCDAt
                0x000000000800d08c       0xa4 ../GUI/Lib//STemWin532_CM4_GCC.a(GUIDEV.o)
                0x000000000800d08c                GUI_MEMDEV_CopyToLCDAt
 .text.GUI_MEMDEV_CopyToLCD
                0x000000000800d130        0xc ../GUI/Lib//STemWin532_CM4_GCC.a(GUIDEV.o)
                0x000000000800d130                GUI_MEMDEV_CopyToLCD
 .text.LCD_UpdateColorIndices
                0x000000000800d13c       0x24 ../GUI/Lib//STemWin532_CM4_GCC.a(LCD_UpdateColorIndices.o)
                0x000000000800d13c                LCD_UpdateColorIndices
 .text.LCD_SetClipRectEx
                0x000000000800d160       0x30 ../GUI/Lib//STemWin532_CM4_GCC.a(LCD_SetClipRectEx.o)
                0x000000000800d160                LCD_SetClipRectEx
 .text.LCD_SelectLCD
                0x000000000800d190       0x40 ../GUI/Lib//STemWin532_CM4_GCC.a(LCD_SelectLCD.o)
                0x000000000800d190                LCD_SelectLCD
 .text.LCD_ReadRectEx
                0x000000000800d1d0      0x1e8 ../GUI/Lib//STemWin532_CM4_GCC.a(LCD_ReadRect.o)
 .text.GUI_ReadRectEx
                0x000000000800d3b8       0x60 ../GUI/Lib//STemWin532_CM4_GCC.a(LCD_ReadRect.o)
                0x000000000800d3b8                GUI_ReadRectEx
 .text.LCD_GetNumLayers
                0x000000000800d418       0x1e ../GUI/Lib//STemWin532_CM4_GCC.a(LCD_GetNumDisplays.o)
                0x000000000800d418                LCD_GetNumLayers
 *fill*         0x000000000800d436        0x2 
 .text.LCD_AA_SetAndMask
                0x000000000800d438       0x10 ../GUI/Lib//STemWin532_CM4_GCC.a(LCD_AA.o)
                0x000000000800d438                LCD_AA_SetAndMask
 .text.GUI__SetPixelAlpha
                0x000000000800d448       0x64 ../GUI/Lib//STemWin532_CM4_GCC.a(GUI__SetPixelAlpha.o)
                0x000000000800d448                GUI__SetPixelAlpha
 .text.GUI__ManageCacheEx
                0x000000000800d4ac       0xe8 ../GUI/Lib//STemWin532_CM4_GCC.a(GUI__ManageCache.o)
                0x000000000800d4ac                GUI__ManageCacheEx
 .text.GUI__ManageCache
                0x000000000800d594       0x10 ../GUI/Lib//STemWin532_CM4_GCC.a(GUI__ManageCache.o)
                0x000000000800d594                GUI__ManageCache
 .text.GUI__IntersectRects
                0x000000000800d5a4       0x64 ../GUI/Lib//STemWin532_CM4_GCC.a(GUI__IntersectRects.o)
                0x000000000800d5a4                GUI__IntersectRects
 .text.GUI__IntersectRect
                0x000000000800d608       0x3c ../GUI/Lib//STemWin532_CM4_GCC.a(GUI__IntersectRect.o)
                0x000000000800d608                GUI__IntersectRect
 .text.GUI__ExpandPixelIndicesEx
                0x000000000800d644      0x176 ../GUI/Lib//STemWin532_CM4_GCC.a(GUI__ExpandPixelIndices.o)
                0x000000000800d644                GUI__ExpandPixelIndicesEx
 *fill*         0x000000000800d7ba        0x2 
 .text.GUI_SignalEvent
                0x000000000800d7bc       0x10 ../GUI/Lib//STemWin532_CM4_GCC.a(GUI_WaitEvent.o)
                0x000000000800d7bc                GUI_SignalEvent
 .text._GetCharCode
                0x000000000800d7cc        0x4 ../GUI/Lib//STemWin532_CM4_GCC.a(GUI_UC_EncodeNone.o)
 .text._GetCharSize
                0x000000000800d7d0        0x4 ../GUI/Lib//STemWin532_CM4_GCC.a(GUI_UC_EncodeNone.o)
 .text._CalcSizeOfChar
                0x000000000800d7d4        0x4 ../GUI/Lib//STemWin532_CM4_GCC.a(GUI_UC_EncodeNone.o)
 .text._Encode  0x000000000800d7d8        0x6 ../GUI/Lib//STemWin532_CM4_GCC.a(GUI_UC_EncodeNone.o)
 *fill*         0x000000000800d7de        0x2 
 .text._Unlink  0x000000000800d7e0       0x4c ../GUI/Lib//STemWin532_CM4_GCC.a(GUI_Timer.o)
 .text.GUI_TIMER__GetFirstTimer
                0x000000000800d82c       0x30 ../GUI/Lib//STemWin532_CM4_GCC.a(GUI_Timer.o)
                0x000000000800d82c                GUI_TIMER__GetFirstTimer
 .text.GUI_TIMER__GetNextTimerLin
                0x000000000800d85c       0x38 ../GUI/Lib//STemWin532_CM4_GCC.a(GUI_Timer.o)
                0x000000000800d85c                GUI_TIMER__GetNextTimerLin
 .text.GUI_TIMER_Delete
                0x000000000800d894       0x68 ../GUI/Lib//STemWin532_CM4_GCC.a(GUI_Timer.o)
                0x000000000800d894                GUI_TIMER_Delete
 .text.GUI_TIMER_GetFlag
                0x000000000800d8fc       0x2a ../GUI/Lib//STemWin532_CM4_GCC.a(GUI_Timer.o)
                0x000000000800d8fc                GUI_TIMER_GetFlag
 *fill*         0x000000000800d926        0x2 
 .text.GUI_SetOrg
                0x000000000800d928       0x34 ../GUI/Lib//STemWin532_CM4_GCC.a(GUI_SetOrg.o)
                0x000000000800d928                GUI_SetOrg
 .text.GUI_SetDrawMode
                0x000000000800d95c        0x4 ../GUI/Lib//STemWin532_CM4_GCC.a(GUI_SetDrawMode.o)
                0x000000000800d95c                GUI_SetDrawMode
 .text.GL_SetDefault
                0x000000000800d960       0x40 ../GUI/Lib//STemWin532_CM4_GCC.a(GUI_SetDefault.o)
                0x000000000800d960                GL_SetDefault
 .text.GUI_SetBkColor
                0x000000000800d9a0        0x4 ../GUI/Lib//STemWin532_CM4_GCC.a(GUI_SetColor.o)
                0x000000000800d9a0                GUI_SetBkColor
 .text.GUI_SetColor
                0x000000000800d9a4        0x4 ../GUI/Lib//STemWin532_CM4_GCC.a(GUI_SetColor.o)
                0x000000000800d9a4                GUI_SetColor
 .text.GUI__AlphaPreserveTrans
                0x000000000800d9a8       0x24 ../GUI/Lib//STemWin532_CM4_GCC.a(GUI_SetAlpha.o)
                0x000000000800d9a8                GUI__AlphaPreserveTrans
 .text.GUI_SaveContext_W
                0x000000000800d9cc       0x14 ../GUI/Lib//STemWin532_CM4_GCC.a(GUI_SaveContext.o)
                0x000000000800d9cc                GUI_SaveContext_W
 .text.GUI_RestoreContext
                0x000000000800d9e0       0x14 ../GUI/Lib//STemWin532_CM4_GCC.a(GUI_SaveContext.o)
                0x000000000800d9e0                GUI_RestoreContext
 .text.GUI_RectsIntersect
                0x000000000800d9f4       0x3a ../GUI/Lib//STemWin532_CM4_GCC.a(GUI_RectsIntersect.o)
                0x000000000800d9f4                GUI_RectsIntersect
 *fill*         0x000000000800da2e        0x2 
 .text.GUI_SetPenSize
                0x000000000800da30       0x10 ../GUI/Lib//STemWin532_CM4_GCC.a(GUI_Pen.o)
                0x000000000800da30                GUI_SetPenSize
 .text.GUI_StoreKey
                0x000000000800da40       0x10 ../GUI/Lib//STemWin532_CM4_GCC.a(GUI_OnKey.o)
                0x000000000800da40                GUI_StoreKey
 .text.GUI_PollKeyMsg
                0x000000000800da50       0x38 ../GUI/Lib//STemWin532_CM4_GCC.a(GUI_OnKey.o)
                0x000000000800da50                GUI_PollKeyMsg
 .text.GUI_MoveRect
                0x000000000800da88       0x20 ../GUI/Lib//STemWin532_CM4_GCC.a(GUI_MoveRect.o)
                0x000000000800da88                GUI_MoveRect
 .text.GUI_MergeRect
                0x000000000800daa8       0x56 ../GUI/Lib//STemWin532_CM4_GCC.a(GUI_MergeRect.o)
                0x000000000800daa8                GUI_MergeRect
 *fill*         0x000000000800dafe        0x2 
 .text.GUI_GotoXY
                0x000000000800db00       0x10 ../GUI/Lib//STemWin532_CM4_GCC.a(GUI_Goto.o)
                0x000000000800db00                GUI_GotoXY
 .text.GUI_GetOrg
                0x000000000800db10       0x1c ../GUI/Lib//STemWin532_CM4_GCC.a(GUI_GetOrg.o)
                0x000000000800db10                GUI_GetOrg
 .text.GUI_CalcColorDist
                0x000000000800db2c       0x50 ../GUI/Lib//STemWin532_CM4_GCC.a(GUI_CalcColorDist.o)
                0x000000000800db2c                GUI_CalcColorDist
 .text.GUI_ALLOC_AllocZero
                0x000000000800db7c       0x2a ../GUI/Lib//STemWin532_CM4_GCC.a(GUI_ALLOC_AllocZero.o)
                0x000000000800db7c                GUI_ALLOC_AllocZero
 .text.LCD_Index2Color_M888
                0x000000000800dba6       0x12 ../GUI/Lib//STemWin532_CM4_GCC.a(GUICC_M888_Index2Color.o)
                0x000000000800dba6                LCD_Index2Color_M888
 .text.LCD_Index2Color_M8888I
                0x000000000800dbb8       0x1a ../GUI/Lib//STemWin532_CM4_GCC.a(GUICC_M8888I_Index2Color.o)
                0x000000000800dbb8                LCD_Index2Color_M8888I
 .text._Color2Index_8888
                0x000000000800dbd2        0x2 ../GUI/Lib//STemWin532_CM4_GCC.a(GUICC_8888.o)
 .text._GetIndexMask_8888
                0x000000000800dbd4        0x6 ../GUI/Lib//STemWin532_CM4_GCC.a(GUICC_8888.o)
 .text._Color2IndexBulk
                0x000000000800dbda       0x10 ../GUI/Lib//STemWin532_CM4_GCC.a(GUICC_8888.o)
 .text._Index2ColorBulk
                0x000000000800dbea       0x10 ../GUI/Lib//STemWin532_CM4_GCC.a(GUICC_8888.o)
 .text.WM__SendMessageNoPara
                0x000000000800dbfa       0x28 ../GUI/Lib//STemWin532_CM4_GCC.a(WM__SendMessageNoPara.o)
                0x000000000800dbfa                WM__SendMessageNoPara
 *fill*         0x000000000800dc22        0x2 
 .text.WM__SendMessage
                0x000000000800dc24       0x3c ../GUI/Lib//STemWin532_CM4_GCC.a(WM__SendMessage.o)
                0x000000000800dc24                WM__SendMessage
 .text.WM_DeleteTimer
                0x000000000800dc60       0x26 ../GUI/Lib//STemWin532_CM4_GCC.a(WM_Timer.o)
                0x000000000800dc60                WM_DeleteTimer
 .text.WM__DeleteAssocTimer
                0x000000000800dc86       0x4a ../GUI/Lib//STemWin532_CM4_GCC.a(WM_Timer.o)
                0x000000000800dc86                WM__DeleteAssocTimer
 .text.WM_SetSize
                0x000000000800dcd0       0x48 ../GUI/Lib//STemWin532_CM4_GCC.a(WM_SetSize.o)
                0x000000000800dcd0                WM_SetSize
 .text.WM_SendToParent
                0x000000000800dd18       0x1c ../GUI/Lib//STemWin532_CM4_GCC.a(WM_SendToParent.o)
                0x000000000800dd18                WM_SendToParent
 .text.WM_SendMessageNoPara
                0x000000000800dd34        0x4 ../GUI/Lib//STemWin532_CM4_GCC.a(WM_SendMessageNoPara.o)
                0x000000000800dd34                WM_SendMessageNoPara
 .text.WM_ResizeWindow
                0x000000000800dd38       0xf6 ../GUI/Lib//STemWin532_CM4_GCC.a(WM_ResizeWindow.o)
                0x000000000800dd38                WM_ResizeWindow
 *fill*         0x000000000800de2e        0x2 
 .text.WM_OnKey
                0x000000000800de30       0x34 ../GUI/Lib//STemWin532_CM4_GCC.a(WM_OnKey.o)
                0x000000000800de30                WM_OnKey
 .text.WM_NotifyParent
                0x000000000800de64       0x14 ../GUI/Lib//STemWin532_CM4_GCC.a(WM_NotifyParent.o)
                0x000000000800de64                WM_NotifyParent
 .text.WM_GetParent
                0x000000000800de78       0x10 ../GUI/Lib//STemWin532_CM4_GCC.a(WM_GetParent.o)
                0x000000000800de78                WM_GetParent
 .text.WM_GetWindowOrgX
                0x000000000800de88       0x10 ../GUI/Lib//STemWin532_CM4_GCC.a(WM_GetOrg.o)
                0x000000000800de88                WM_GetWindowOrgX
 .text.WM_GetFirstChild
                0x000000000800de98       0x10 ../GUI/Lib//STemWin532_CM4_GCC.a(WM_GetFirstChild.o)
                0x000000000800de98                WM_GetFirstChild
 .text.WM__GetClientRectEx
                0x000000000800dea8       0x22 ../GUI/Lib//STemWin532_CM4_GCC.a(WM_GetClientRect.o)
                0x000000000800dea8                WM__GetClientRectEx
 *fill*         0x000000000800deca        0x2 
 .text.WM__AddCriticalHandle
                0x000000000800decc       0x10 ../GUI/Lib//STemWin532_CM4_GCC.a(WM_CriticalHandle.o)
                0x000000000800decc                WM__AddCriticalHandle
 .text.WM_BringToBottom
                0x000000000800dedc       0x86 ../GUI/Lib//STemWin532_CM4_GCC.a(WM_BringToBottom.o)
                0x000000000800dedc                WM_BringToBottom
 .text._Convert16
                0x000000000800df62       0x3e ../GUI/Lib//STemWin532_CM4_GCC.a(GUIDEV_WriteToActiveOpaque.o)
 .text._Convert8
                0x000000000800dfa0       0x42 ../GUI/Lib//STemWin532_CM4_GCC.a(GUIDEV_WriteToActiveOpaque.o)
 *fill*         0x000000000800dfe2        0x2 
 .text.GUI_MEMDEV__WriteToActiveOpaque
                0x000000000800dfe4      0x724 ../GUI/Lib//STemWin532_CM4_GCC.a(GUIDEV_WriteToActiveOpaque.o)
                0x000000000800dfe4                GUI_MEMDEV__WriteToActiveOpaque
 .text.GUI_MEMDEV__WriteToActiveAlpha
                0x000000000800e708      0x190 ../GUI/Lib//STemWin532_CM4_GCC.a(GUIDEV_WriteToActiveAlpha.o)
                0x000000000800e708                GUI_MEMDEV__WriteToActiveAlpha
 .text.GUI_MEMDEV_WriteAt
                0x000000000800e898       0x60 ../GUI/Lib//STemWin532_CM4_GCC.a(GUIDEV_Write.o)
                0x000000000800e898                GUI_MEMDEV_WriteAt
 .text.GUI_MEMDEV_Write
                0x000000000800e8f8        0xc ../GUI/Lib//STemWin532_CM4_GCC.a(GUIDEV_Write.o)
                0x000000000800e8f8                GUI_MEMDEV_Write
 .text.GUI_USAGE_BM_AddPixel
                0x000000000800e904       0x2a ../GUI/Lib//STemWin532_CM4_GCC.a(GUIDEV_UsageBM.o)
 .text.GUI_USAGE_BM_GetNextDirty
                0x000000000800e92e       0x96 ../GUI/Lib//STemWin532_CM4_GCC.a(GUIDEV_UsageBM.o)
 .text._GUI_USAGE_BM_Delete
                0x000000000800e9c4        0x4 ../GUI/Lib//STemWin532_CM4_GCC.a(GUIDEV_UsageBM.o)
 .text.GUI_USAGE_BM_Clear
                0x000000000800e9c8       0x10 ../GUI/Lib//STemWin532_CM4_GCC.a(GUIDEV_UsageBM.o)
 .text.GUI_USAGE_BM_AddHLine
                0x000000000800e9d8       0x72 ../GUI/Lib//STemWin532_CM4_GCC.a(GUIDEV_UsageBM.o)
 *fill*         0x000000000800ea4a        0x2 
 .text.GUI_USAGE_BM_Create
                0x000000000800ea4c       0x58 ../GUI/Lib//STemWin532_CM4_GCC.a(GUIDEV_UsageBM.o)
                0x000000000800ea4c                GUI_USAGE_BM_Create
 .text.GUI_USAGE_DecUseCnt