LCDConf.c:167:1:Color2IndexBulk_M8888IDMA2D	32	static
LCDConf.c:167:1:Index2ColorBulk_M8888IDMA2D	32	static
LCDConf.c:168:1:Color2IndexBulk_M888DMA2D	32	static
LCDConf.c:168:1:Index2ColorBulk_M888DMA2D	32	static
LCDConf.c:169:1:Color2IndexBulk_M565DMA2D	32	static
LCDConf.c:169:1:Index2ColorBulk_M565DMA2D	32	static
LCDConf.c:170:1:Color2IndexBulk_M1555IDMA2D	32	static
LCDConf.c:170:1:Index2ColorBulk_M1555IDMA2D	32	static
LCDConf.c:171:1:Color2IndexBulk_M4444IDMA2D	32	static
LCDConf.c:171:1:Index2ColorBulk_M4444IDMA2D	32	static
LCDConf.c:188:6:HAL_LTDC_LineEventCallback	32	static
LCDConf.c:223:6:LCD_X_Config	16	static
LCDConf.c:330:5:LCD_X_DisplayDriver	56	static
LCDConf.c:428:13:LCD_LL_LayerInit	72	static
LCDConf.c:482:13:LCD_LL_Init	8	static
LCDConf.c:545:17:LCD_LL_GetPixelformat	24	static
LCDConf.c:594:13:DMA2D_CopyBuffer	32	static
LCDConf.c:625:13:DMA2D_FillBuffer	32	static
LCDConf.c:660:17:GetBufferSize	24	static
LCDConf.c:672:13:CUSTOM_CopyBuffer	72	static
LCDConf.c:686:13:CUSTOM_CopyRect	80	static
LCDConf.c:700:13:CUSTOM_FillRect	64	static
LCDConf.c:727:13:DMA2D_LoadLUT	16	static
LCDConf.c:744:13:InvertAlpha_SwapRB	32	static
LCDConf.c:765:13:InvertAlpha	32	static
LCDConf.c:784:13:DMA2D_AlphaBlendingBulk	24	static
LCDConf.c:828:18:DMA2D_MixColors	40	static
LCDConf.c:879:13:DMA2D_ConvertColor	24	static
LCDConf.c:918:25:_LCD_GetpPalConvTable	32	static
LCDConf.c:978:13:DMA2D_MixColorsBulk	24	static
LCDConf.c:1016:13:DMA2D_AlphaBlending	24	static
LCDConf.c:1041:13:DMA2D_Index2ColorBulk	32	static
LCDConf.c:1062:13:DMA2D_Color2IndexBulk	32	static
LCDConf.c:1084:13:LCD_MixColorsBulk	40	static
LCDConf.c:1116:13:DMA2D_DrawBitmapL8	24	static
LCDConf.c:1156:13:BSP_LCD_DrawBitmap16bpp	64	static
LCDConf.c:1179:13:BSP_LCD_DrawBitmap8bpp	72	static
