ltdc.c:16:6:LCD_PowerOn	8	static
ltdc.c:136:6:LCD_WriteCommand	24	static
ltdc.c:145:6:LCD_WriteData	24	static
ltdc.c:154:6:LCD_FillScreen	24	static
ltdc.c:173:6:LCD_Test	24	static
ltdc.c:188:6:LCD_FillRectangle	40	static
ltdc.c:219:6:LCD_DrawCircle	40	static
ltdc.c:270:6:LCD_DrawPixel	32	static
ltdc.c:285:6:LCD_DrawLine	56	static
ltdc.c:318:6:LCD_FontsInit	4	static
ltdc.c:325:6:LCD_SetFont	16	static
ltdc.c:330:6:LCD_SetTextColor	16	static
ltdc.c:335:6:LCD_SetBackColor	16	static
ltdc.c:340:6:LCD_DrawChar	40	static
ltdc.c:384:6:LCD_DrawString	40	static
