STemwin_wrapper.c:94:6:LCD_IO_Init	8	static
STemwin_wrapper.c:104:6:LCD_IO_WriteReg	16	static
STemwin_wrapper.c:114:6:LCD_IO_WriteData	16	static
STemwin_wrapper.c:128:17:LCD_IO_ReadData	16	static
STemwin_wrapper.c:141:6:LCD_Delay	16	static
STemwin_wrapper.c:189:1:_Color2IndexBulk_M8888I_DMA2D	32	static
STemwin_wrapper.c:189:1:_Index2ColorBulk_M8888I_DMA2D	32	static
STemwin_wrapper.c:190:1:_Color2IndexBulk_M888_DMA2D	32	static
STemwin_wrapper.c:190:1:_Index2ColorBulk_M888_DMA2D	32	static
STemwin_wrapper.c:191:1:_Color2IndexBulk_M565_DMA2D	32	static
STemwin_wrapper.c:191:1:_Index2ColorBulk_M565_DMA2D	32	static
STemwin_wrapper.c:192:1:_Color2IndexBulk_M1555I_DMA2D	32	static
STemwin_wrapper.c:192:1:_Index2ColorBulk_M1555I_DMA2D	32	static
STemwin_wrapper.c:193:1:_Color2IndexBulk_M4444I_DMA2D	32	static
STemwin_wrapper.c:193:1:_Index2ColorBulk_M4444I_DMA2D	32	static
STemwin_wrapper.c:199:13:_DMA_ExecOperation	4	static
STemwin_wrapper.c:214:12:GetPixelformat	16	static
STemwin_wrapper.c:252:13:TransferComplete	16	static
STemwin_wrapper.c:262:6:DMA2D_Init	8	static
STemwin_wrapper.c:284:13:DMA2D_CopyBuffer	32	static
STemwin_wrapper.c:317:13:DMA2D_CopyBufferWithAlpha	32	static
STemwin_wrapper.c:360:13:DMA2D_FillBuffer	32	static
STemwin_wrapper.c:396:13:_DMA_ConvertColor	24	static
STemwin_wrapper.c:544:13:_DMA_Index2ColorBulk	32	static
STemwin_wrapper.c:569:13:_DMA_Color2IndexBulk	32	static
STemwin_wrapper.c:589:12:GetBufferSize	16	static
STemwin_wrapper.c:601:13:LCD_LL_CopyBuffer	72	static
STemwin_wrapper.c:623:13:LCD_LL_CopyRect	80	static
STemwin_wrapper.c:643:13:LCD_LL_FillRect	64	static
STemwin_wrapper.c:675:13:DMA2D_DrawBitmapL8	24	static
STemwin_wrapper.c:712:13:_DMA_DrawAlphaBitmap	24	static
STemwin_wrapper.c:739:13:_LCD_DrawBitmapAlpha	72	static
STemwin_wrapper.c:756:13:_LCD_DrawMemdevAlpha	48	static
STemwin_wrapper.c:775:6:LCD_LL_DrawBitmap16bpp	64	static
STemwin_wrapper.c:787:13:LCD_LL_DrawBitmap32bpp	64	static
STemwin_wrapper.c:810:13:LCD_LL_DrawBitmap8bpp	72	static
STemwin_wrapper.c:830:6:HAL_LTDC_LineEventCallback	32	static
STemwin_wrapper.c:864:6:LCD_X_Config	16	static
STemwin_wrapper.c:951:5:LCD_X_DisplayDriver	56	static
STemwin_wrapper.c:1037:6:GRAPHICS_IncTick	4	static
STemwin_wrapper.c:1042:6:GRAPHICS_HW_Init	8	static
STemwin_wrapper.c:1053:6:GRAPHICS_Init	8	static
