stm32f4xx_it.c:92:6:NMI_Handler	4	static
stm32f4xx_it.c:105:6:HardFault_Handler	4	static
stm32f4xx_it.c:120:6:MemManage_Handler	4	static
stm32f4xx_it.c:135:6:BusFault_Handler	4	static
stm32f4xx_it.c:150:6:UsageFault_Handler	4	static
stm32f4xx_it.c:165:6:SVC_Handler	4	static
stm32f4xx_it.c:178:6:DebugMon_Handler	4	static
stm32f4xx_it.c:191:6:PendSV_Handler	4	static
stm32f4xx_it.c:204:6:SysTick_Handler	8	static
stm32f4xx_it.c:225:6:DMA1_Stream2_IRQHandler	8	static
stm32f4xx_it.c:239:6:DMA1_Stream4_IRQHandler	8	static
stm32f4xx_it.c:253:6:TIM6_DAC_IRQHandler	32	static
stm32f4xx_it.c:287:6:LTDC_IRQHandler	8	static
stm32f4xx_it.c:301:6:DMA2D_IRQHandler	8	static
