stm32f4xx_it.c:93:6:NMI_Handler	4	static
stm32f4xx_it.c:106:6:HardFault_Handler	4	static
stm32f4xx_it.c:121:6:MemManage_Handler	4	static
stm32f4xx_it.c:136:6:BusFault_Handler	4	static
stm32f4xx_it.c:151:6:UsageFault_Handler	4	static
stm32f4xx_it.c:166:6:DebugMon_Handler	4	static
stm32f4xx_it.c:179:6:SysTick_Handler	8	static
stm32f4xx_it.c:201:6:DMA1_Stream2_IRQHandler	8	static
stm32f4xx_it.c:215:6:DMA1_Stream4_IRQHandler	8	static
stm32f4xx_it.c:229:6:TIM6_DAC_IRQHandler	32	static
stm32f4xx_it.c:261:6:LTDC_IRQHandler	8	static
stm32f4xx_it.c:275:6:DMA2D_IRQHandler	8	static
