stm32f4xx_hal_msp.c:84:6:HAL_MspInit	16	static
stm32f4xx_hal_msp.c:106:6:HAL_DMA2D_MspInit	24	static
stm32f4xx_hal_msp.c:133:6:HAL_DMA2D_MspDeInit	16	static
stm32f4xx_hal_msp.c:159:6:HAL_I2C_MspInit	48	static
stm32f4xx_hal_msp.c:205:6:HAL_I2C_MspDeInit	16	static
stm32f4xx_hal_msp.c:237:6:HAL_LTDC_MspInit	64	static
stm32f4xx_hal_msp.c:350:6:HAL_LTDC_MspDeInit	16	static
stm32f4xx_hal_msp.c:413:6:HAL_SPI_MspInit	48	static
stm32f4xx_hal_msp.c:452:6:HAL_SPI_MspDeInit	16	static
stm32f4xx_hal_msp.c:479:13:HAL_FMC_MspInit	32	static
stm32f4xx_hal_msp.c:584:6:HAL_SDRAM_MspInit	16	static
stm32f4xx_hal_msp.c:596:13:HAL_FMC_MspDeInit	8	static
stm32f4xx_hal_msp.c:670:6:HAL_SDRAM_MspDeInit	16	static
